[2026-07-01T01:59:11.121+0000] {local_task_job_runner.py:120} INFO - ::group::Pre task execution logs
[2026-07-01T01:59:11.203+0000] {taskinstance.py:2076} INFO - Dependencies all met for dep_context=non-requeueable deps ti=<TaskInstance: shopbrasil_panorama_precos.ingestao.buscar_produtos scheduled__2026-06-30T09:00:00+00:00 [queued]>
[2026-07-01T01:59:11.222+0000] {taskinstance.py:2076} INFO - Dependencies all met for dep_context=requeueable deps ti=<TaskInstance: shopbrasil_panorama_precos.ingestao.buscar_produtos scheduled__2026-06-30T09:00:00+00:00 [queued]>
[2026-07-01T01:59:11.222+0000] {taskinstance.py:2306} INFO - Starting attempt 1 of 4
[2026-07-01T01:59:11.244+0000] {taskinstance.py:2330} INFO - Executing <Task(_PythonDecoratedOperator): ingestao.buscar_produtos> on 2026-06-30 09:00:00+00:00
[2026-07-01T01:59:11.251+0000] {standard_task_runner.py:64} INFO - Started process 264 to run task
[2026-07-01T01:59:11.255+0000] {standard_task_runner.py:90} INFO - Running: ['***', 'tasks', 'run', 'shopbrasil_panorama_precos', 'ingestao.buscar_produtos', 'scheduled__2026-06-30T09:00:00+00:00', '--job-id', '2', '--raw', '--subdir', 'DAGS_FOLDER/shopbrasil_panorama_precos.py', '--cfg-path', '/tmp/tmpo7ugz5y9']
[2026-07-01T01:59:11.256+0000] {standard_task_runner.py:91} INFO - Job 2: Subtask ingestao.buscar_produtos
[2026-07-01T01:59:11.337+0000] {task_command.py:426} INFO - Running <TaskInstance: shopbrasil_panorama_precos.ingestao.buscar_produtos scheduled__2026-06-30T09:00:00+00:00 [running]> on host 734c9a86cf3f
[2026-07-01T01:59:11.633+0000] {taskinstance.py:2648} INFO - Exporting env vars: AIRFLOW_CTX_DAG_OWNER='shopbrasil_data' AIRFLOW_CTX_DAG_ID='shopbrasil_panorama_precos' AIRFLOW_CTX_TASK_ID='ingestao.buscar_produtos' AIRFLOW_CTX_EXECUTION_DATE='2026-06-30T09:00:00+00:00' AIRFLOW_CTX_TRY_NUMBER='1' AIRFLOW_CTX_DAG_RUN_ID='scheduled__2026-06-30T09:00:00+00:00'
[2026-07-01T01:59:11.634+0000] {taskinstance.py:430} INFO - ::endgroup::
[2026-07-01T01:59:11.635+0000] {shopbrasil_panorama_precos.py:142} INFO - Buscando produtos na FakeStore API: https://fakestoreapi.com/products
[2026-07-01T01:59:12.129+0000] {shopbrasil_panorama_precos.py:166} INFO - ✓ produto id=1 — categoria=men's clothing — preço=109.95
[2026-07-01T01:59:12.130+0000] {shopbrasil_panorama_precos.py:166} INFO - ✓ produto id=2 — categoria=men's clothing — preço=22.30
[2026-07-01T01:59:12.131+0000] {shopbrasil_panorama_precos.py:166} INFO - ✓ produto id=3 — categoria=men's clothing — preço=55.99
[2026-07-01T01:59:12.131+0000] {shopbrasil_panorama_precos.py:166} INFO - ✓ produto id=4 — categoria=men's clothing — preço=15.99
[2026-07-01T01:59:12.132+0000] {shopbrasil_panorama_precos.py:166} INFO - ✓ produto id=5 — categoria=jewelery — preço=695.00
[2026-07-01T01:59:12.132+0000] {shopbrasil_panorama_precos.py:166} INFO - ✓ produto id=6 — categoria=jewelery — preço=168.00
[2026-07-01T01:59:12.133+0000] {shopbrasil_panorama_precos.py:166} INFO - ✓ produto id=7 — categoria=jewelery — preço=9.99
[2026-07-01T01:59:12.134+0000] {shopbrasil_panorama_precos.py:166} INFO - ✓ produto id=8 — categoria=jewelery — preço=10.99
[2026-07-01T01:59:12.135+0000] {shopbrasil_panorama_precos.py:166} INFO - ✓ produto id=9 — categoria=electronics — preço=64.00
[2026-07-01T01:59:12.135+0000] {shopbrasil_panorama_precos.py:166} INFO - ✓ produto id=10 — categoria=electronics — preço=109.00
[2026-07-01T01:59:12.136+0000] {shopbrasil_panorama_precos.py:166} INFO - ✓ produto id=11 — categoria=electronics — preço=109.00
[2026-07-01T01:59:12.136+0000] {shopbrasil_panorama_precos.py:166} INFO - ✓ produto id=12 — categoria=electronics — preço=114.00
[2026-07-01T01:59:12.137+0000] {shopbrasil_panorama_precos.py:166} INFO - ✓ produto id=13 — categoria=electronics — preço=599.00
[2026-07-01T01:59:12.137+0000] {shopbrasil_panorama_precos.py:166} INFO - ✓ produto id=14 — categoria=electronics — preço=999.99
[2026-07-01T01:59:12.138+0000] {shopbrasil_panorama_precos.py:166} INFO - ✓ produto id=15 — categoria=women's clothing — preço=56.99
[2026-07-01T01:59:12.138+0000] {shopbrasil_panorama_precos.py:166} INFO - ✓ produto id=16 — categoria=women's clothing — preço=29.95
[2026-07-01T01:59:12.139+0000] {shopbrasil_panorama_precos.py:166} INFO - ✓ produto id=17 — categoria=women's clothing — preço=39.99
[2026-07-01T01:59:12.139+0000] {shopbrasil_panorama_precos.py:166} INFO - ✓ produto id=18 — categoria=women's clothing — preço=9.85
[2026-07-01T01:59:12.139+0000] {shopbrasil_panorama_precos.py:166} INFO - ✓ produto id=19 — categoria=women's clothing — preço=7.95
[2026-07-01T01:59:12.140+0000] {shopbrasil_panorama_precos.py:166} INFO - ✓ produto id=20 — categoria=women's clothing — preço=12.99
[2026-07-01T01:59:12.140+0000] {shopbrasil_panorama_precos.py:180} INFO - Total de produtos coletados: 20
[2026-07-01T01:59:12.141+0000] {python.py:237} INFO - Done. Returned value was: [{'id': 1, 'price': 109.95, 'category': "men's clothing"}, {'id': 2, 'price': 22.3, 'category': "men's clothing"}, {'id': 3, 'price': 55.99, 'category': "men's clothing"}, {'id': 4, 'price': 15.99, 'category': "men's clothing"}, {'id': 5, 'price': 695.0, 'category': 'jewelery'}, {'id': 6, 'price': 168.0, 'category': 'jewelery'}, {'id': 7, 'price': 9.99, 'category': 'jewelery'}, {'id': 8, 'price': 10.99, 'category': 'jewelery'}, {'id': 9, 'price': 64.0, 'category': 'electronics'}, {'id': 10, 'price': 109.0, 'category': 'electronics'}, {'id': 11, 'price': 109.0, 'category': 'electronics'}, {'id': 12, 'price': 114.0, 'category': 'electronics'}, {'id': 13, 'price': 599.0, 'category': 'electronics'}, {'id': 14, 'price': 999.99, 'category': 'electronics'}, {'id': 15, 'price': 56.99, 'category': "women's clothing"}, {'id': 16, 'price': 29.95, 'category': "women's clothing"}, {'id': 17, 'price': 39.99, 'category': "women's clothing"}, {'id': 18, 'price': 9.85, 'category': "women's clothing"}, {'id': 19, 'price': 7.95, 'category': "women's clothing"}, {'id': 20, 'price': 12.99, 'category': "women's clothing"}]
[2026-07-01T01:59:12.143+0000] {taskinstance.py:441} INFO - ::group::Post task execution logs
[2026-07-01T01:59:12.193+0000] {taskinstance.py:1206} INFO - Marking task as SUCCESS. dag_id=shopbrasil_panorama_precos, task_id=ingestao.buscar_produtos, run_id=scheduled__2026-06-30T09:00:00+00:00, execution_date=20260630T090000, start_date=20260701T015911, end_date=20260701T015912
[2026-07-01T01:59:12.193+0000] {callbacks.py:46} INFO - SHOPBRASIL ✓ SUCESSO | task=ingestao.buscar_produtos | run=scheduled__2026-06-30T09:00:00+00:00 | tentativa=2
[2026-07-01T01:59:12.300+0000] {base.py:84} INFO - Using connection ID 'postgres_lab' for task execution.
[2026-07-01T01:59:12.312+0000] {sql.py:495} INFO - Running statement: 
            INSERT INTO etl_log (dag_id, run_id, task_id, status, registros, mensagem)
            VALUES (%s, %s, %s, %s, %s, %s)
            , parameters: ('shopbrasil_panorama_precos', 'scheduled__2026-06-30T09:00:00+00:00', 'ingestao.buscar_produtos', 'success', 0, 'Ingestão concluída na tentativa 2')
[2026-07-01T01:59:12.315+0000] {sql.py:504} INFO - Rows affected: 1
[2026-07-01T01:59:12.390+0000] {local_task_job_runner.py:243} INFO - Task exited with return code 0
[2026-07-01T01:59:12.412+0000] {local_task_job_runner.py:222} INFO - ::endgroup::
