[2026-07-04T07:30:35.438+0000] {local_task_job_runner.py:123} INFO - ::group::Pre task execution logs
[2026-07-04T07:30:35.458+0000] {taskinstance.py:2613} INFO - Dependencies all met for dep_context=non-requeueable deps ti=<TaskInstance: shopbrasil_panorama_precos.analise.carregar manual__2026-07-04T07:30:24+00:00 [queued]>
[2026-07-04T07:30:35.469+0000] {taskinstance.py:2613} INFO - Dependencies all met for dep_context=requeueable deps ti=<TaskInstance: shopbrasil_panorama_precos.analise.carregar manual__2026-07-04T07:30:24+00:00 [queued]>
[2026-07-04T07:30:35.469+0000] {taskinstance.py:2866} INFO - Starting attempt 1 of 4
[2026-07-04T07:30:35.485+0000] {taskinstance.py:2889} INFO - Executing <Task(_PythonDecoratedOperator): analise.carregar> on 2026-07-04 07:30:24+00:00
[2026-07-04T07:30:35.490+0000] {warnings.py:112} WARNING - /home/***/.local/lib/python3.12/site-packages/***/task/task_runner/standard_task_runner.py:70: DeprecationWarning: This process (pid=102) is multi-threaded, use of fork() may lead to deadlocks in the child.
  pid = os.fork()

[2026-07-04T07:30:35.492+0000] {standard_task_runner.py:72} INFO - Started process 103 to run task
[2026-07-04T07:30:35.493+0000] {standard_task_runner.py:104} INFO - Running: ['***', 'tasks', 'run', 'shopbrasil_panorama_precos', 'analise.carregar', 'manual__2026-07-04T07:30:24+00:00', '--job-id', '36', '--raw', '--subdir', 'DAGS_FOLDER/shopbrasil_panorama_precos.py', '--cfg-path', '/tmp/tmpji08_bms']
[2026-07-04T07:30:35.494+0000] {standard_task_runner.py:105} INFO - Job 36: Subtask analise.carregar
[2026-07-04T07:30:35.549+0000] {task_command.py:467} INFO - Running <TaskInstance: shopbrasil_panorama_precos.analise.carregar manual__2026-07-04T07:30:24+00:00 [running]> on host 34bb539d94d1
[2026-07-04T07:30:35.652+0000] {taskinstance.py:3132} INFO - Exporting env vars: AIRFLOW_CTX_DAG_OWNER='shopbrasil_data' AIRFLOW_CTX_DAG_ID='shopbrasil_panorama_precos' AIRFLOW_CTX_TASK_ID='analise.carregar' AIRFLOW_CTX_EXECUTION_DATE='2026-07-04T07:30:24+00:00' AIRFLOW_CTX_TRY_NUMBER='1' AIRFLOW_CTX_DAG_RUN_ID='manual__2026-07-04T07:30:24+00:00'
[2026-07-04T07:30:35.654+0000] {taskinstance.py:731} INFO - ::endgroup::
[2026-07-04T07:30:35.656+0000] {shopbrasil_panorama_precos.py:300} INFO - Gravando 4 registros — connection=postgres_lab | data=2026-07-04 | worker=34bb539d94d1
[2026-07-04T07:30:36.143+0000] {base.py:84} INFO - Retrieving connection 'postgres_lab'
[2026-07-04T07:30:36.826+0000] {load.py:97} INFO - ✓ 4 registros inseridos em 'precos_categoria' | data=2026-07-04 | run_id=manual__2026-07-04T07:30:24+00:00
[2026-07-04T07:30:36.827+0000] {python.py:240} INFO - Done. Returned value was: 4
[2026-07-04T07:30:36.860+0000] {taskinstance.py:340} INFO - ::group::Post task execution logs
[2026-07-04T07:30:36.860+0000] {taskinstance.py:352} INFO - Marking task as SUCCESS. dag_id=shopbrasil_panorama_precos, task_id=analise.carregar, run_id=manual__2026-07-04T07:30:24+00:00, execution_date=20260704T073024, start_date=20260704T073035, end_date=20260704T073036
[2026-07-04T07:30:37.061+0000] {local_task_job_runner.py:266} INFO - Task exited with return code 0
[2026-07-04T07:30:37.103+0000] {taskinstance.py:3895} INFO - 1 downstream tasks scheduled from follow-on schedule check
[2026-07-04T07:30:37.107+0000] {local_task_job_runner.py:245} INFO - ::endgroup::
