[2026-07-04T03:50:47.153+0000] {local_task_job_runner.py:123} INFO - ::group::Pre task execution logs
[2026-07-04T03:50:47.199+0000] {taskinstance.py:2613} INFO - Dependencies all met for dep_context=non-requeueable deps ti=<TaskInstance: example_distributed_celery.task_d manual__2026-07-04T03:50:38.157538+00:00 [queued]>
[2026-07-04T03:50:47.215+0000] {taskinstance.py:2613} INFO - Dependencies all met for dep_context=requeueable deps ti=<TaskInstance: example_distributed_celery.task_d manual__2026-07-04T03:50:38.157538+00:00 [queued]>
[2026-07-04T03:50:47.216+0000] {taskinstance.py:2866} INFO - Starting attempt 1 of 1
[2026-07-04T03:50:47.257+0000] {taskinstance.py:2889} INFO - Executing <Task(_PythonDecoratedOperator): task_d> on 2026-07-04 03:50:38.157538+00:00
[2026-07-04T03:50:47.267+0000] {warnings.py:112} WARNING - /home/***/.local/lib/python3.12/site-packages/***/task/task_runner/standard_task_runner.py:70: DeprecationWarning: This process (pid=437) is multi-threaded, use of fork() may lead to deadlocks in the child.
  pid = os.fork()

[2026-07-04T03:50:47.271+0000] {standard_task_runner.py:72} INFO - Started process 440 to run task
[2026-07-04T03:50:47.272+0000] {standard_task_runner.py:104} INFO - Running: ['***', 'tasks', 'run', 'example_distributed_celery', 'task_d', 'manual__2026-07-04T03:50:38.157538+00:00', '--job-id', '7', '--raw', '--subdir', 'DAGS_FOLDER/example_distributed.py', '--cfg-path', '/tmp/tmphxgnhaib']
[2026-07-04T03:50:47.273+0000] {standard_task_runner.py:105} INFO - Job 7: Subtask task_d
[2026-07-04T03:50:48.851+0000] {task_command.py:467} INFO - Running <TaskInstance: example_distributed_celery.task_d manual__2026-07-04T03:50:38.157538+00:00 [running]> on host 0a004a5af647
[2026-07-04T03:50:50.427+0000] {taskinstance.py:3132} INFO - Exporting env vars: AIRFLOW_CTX_DAG_OWNER='***' AIRFLOW_CTX_DAG_ID='example_distributed_celery' AIRFLOW_CTX_TASK_ID='task_d' AIRFLOW_CTX_EXECUTION_DATE='2026-07-04T03:50:38.157538+00:00' AIRFLOW_CTX_TRY_NUMBER='1' AIRFLOW_CTX_DAG_RUN_ID='manual__2026-07-04T03:50:38.157538+00:00'
[2026-07-04T03:50:50.428+0000] {taskinstance.py:731} INFO - ::endgroup::
[2026-07-04T03:50:50.430+0000] {logging_mixin.py:190} INFO - [TASK_D] Executando no worker: 0a004a5af647
[2026-07-04T03:50:53.662+0000] {logging_mixin.py:190} INFO - [TASK_D] Concluída no worker: 0a004a5af647
[2026-07-04T03:50:53.673+0000] {python.py:240} INFO - Done. Returned value was: 0a004a5af647
[2026-07-04T03:50:53.799+0000] {taskinstance.py:340} INFO - ::group::Post task execution logs
[2026-07-04T03:50:53.812+0000] {taskinstance.py:352} INFO - Marking task as SUCCESS. dag_id=example_distributed_celery, task_id=task_d, run_id=manual__2026-07-04T03:50:38.157538+00:00, execution_date=20260704T035038, start_date=20260704T035047, end_date=20260704T035053
[2026-07-04T03:50:53.946+0000] {local_task_job_runner.py:266} INFO - Task exited with return code 0
[2026-07-04T03:50:54.014+0000] {taskinstance.py:3895} INFO - 1 downstream tasks scheduled from follow-on schedule check
[2026-07-04T03:50:54.030+0000] {local_task_job_runner.py:245} INFO - ::endgroup::
