[2026-08-01T13:39:40.069+0000] {local_task_job_runner.py:123} INFO - ::group::Pre task execution logs
[2026-08-01T13:39:40.093+0000] {taskinstance.py:2613} INFO - Dependencies all met for dep_context=non-requeueable deps ti=<TaskInstance: inflacao_alimentos_mlops.consolidar_alerta manual__2026-08-01T13:37:44.151993+00:00 [queued]>
[2026-08-01T13:39:40.104+0000] {taskinstance.py:2613} INFO - Dependencies all met for dep_context=requeueable deps ti=<TaskInstance: inflacao_alimentos_mlops.consolidar_alerta manual__2026-08-01T13:37:44.151993+00:00 [queued]>
[2026-08-01T13:39:40.104+0000] {taskinstance.py:2866} INFO - Starting attempt 1 of 4
[2026-08-01T13:39:40.121+0000] {taskinstance.py:2889} INFO - Executing <Task(_PythonDecoratedOperator): consolidar_alerta> on 2026-08-01 13:37:44.151993+00:00
[2026-08-01T13:39:40.135+0000] {standard_task_runner.py:72} INFO - Started process 489 to run task
[2026-08-01T13:39:40.139+0000] {standard_task_runner.py:104} INFO - Running: ['***', 'tasks', 'run', 'inflacao_alimentos_mlops', 'consolidar_alerta', 'manual__2026-08-01T13:37:44.151993+00:00', '--job-id', '21', '--raw', '--subdir', 'DAGS_FOLDER/inflacao_alimentos_mlops.py', '--cfg-path', '/tmp/tmpsejsyiup']
[2026-08-01T13:39:40.141+0000] {standard_task_runner.py:105} INFO - Job 21: Subtask consolidar_alerta
[2026-08-01T13:39:40.363+0000] {taskinstance.py:3132} INFO - Exporting env vars: AIRFLOW_CTX_DAG_OWNER='andre.oliveira' AIRFLOW_CTX_DAG_ID='inflacao_alimentos_mlops' AIRFLOW_CTX_TASK_ID='consolidar_alerta' AIRFLOW_CTX_EXECUTION_DATE='2026-08-01T13:37:44.151993+00:00' AIRFLOW_CTX_TRY_NUMBER='1' AIRFLOW_CTX_DAG_RUN_ID='manual__2026-08-01T13:37:44.151993+00:00'
[2026-08-01T13:39:40.365+0000] {taskinstance.py:731} INFO - ::endgroup::
[2026-08-01T13:39:40.388+0000] {base.py:84} INFO - Retrieving connection 'postgres_***'
[2026-08-01T13:39:40.401+0000] {sql.py:544} INFO - Running statement: DELETE FROM gold.tb_alerta_inflacao WHERE run_id = %s, parameters: ('manual__2026-08-01T13:37:44.151993+00:00',)
[2026-08-01T13:39:40.403+0000] {sql.py:553} INFO - Rows affected: 0
[2026-08-01T13:39:40.417+0000] {sql.py:544} INFO - Running statement: 
        INSERT INTO gold.tb_alerta_inflacao
            (codigo_alimento, produto, tendencia_alta, rmse, mlflow_run_id, run_id)
        VALUES (%s, %s, %s, %s, %s, %s)
    , parameters: ('1103003', 'Batata', 0.18541176470588233, 1.7348403361344524, 'db0a9cc998f2491cbe24a643903ece65', 'manual__2026-08-01T13:37:44.151993+00:00')
[2026-08-01T13:39:40.418+0000] {sql.py:553} INFO - Rows affected: 1
[2026-08-01T13:39:40.423+0000] {ml.py:169} INFO - Fan-in consolidado | alerta=Batata | tendencia=0.1854
[2026-08-01T13:39:40.423+0000] {inflacao_alimentos_mlops.py:149} INFO - Alerta de inflação | produto=Batata
[2026-08-01T13:39:40.424+0000] {python.py:240} INFO - Done. Returned value was: {'run_id': 'manual__2026-08-01T13:37:44.151993+00:00', 'alerta_produto': 'Batata', 'alerta_codigo': '1103003', 'tendencia_alta': 0.18541176470588233, 'rmse': 1.7348403361344524, 'total_produtos_avaliados': 4}
[2026-08-01T13:39:40.486+0000] {taskinstance.py:340} INFO - ::group::Post task execution logs
[2026-08-01T13:39:40.486+0000] {taskinstance.py:352} INFO - Marking task as SUCCESS. dag_id=inflacao_alimentos_mlops, task_id=consolidar_alerta, run_id=manual__2026-08-01T13:37:44.151993+00:00, execution_date=20260801T133744, start_date=20260801T133940, end_date=20260801T133940
[2026-08-01T13:39:40.552+0000] {local_task_job_runner.py:266} INFO - Task exited with return code 0
[2026-08-01T13:39:40.583+0000] {taskinstance.py:3895} INFO - 0 downstream tasks scheduled from follow-on schedule check
[2026-08-01T13:39:40.588+0000] {local_task_job_runner.py:245} INFO - ::endgroup::
