[2026-06-29T14:30:11.779+0000] {local_task_job_runner.py:120} INFO - ::group::Pre task execution logs
[2026-06-29T14:30:11.825+0000] {taskinstance.py:2076} INFO - Dependencies all met for dep_context=non-requeueable deps ti=<TaskInstance: shopbrasil_panorama_precos.analise.carregar manual__2026-06-29T14:29:31+00:00 [queued]>
[2026-06-29T14:30:11.840+0000] {taskinstance.py:2076} INFO - Dependencies all met for dep_context=requeueable deps ti=<TaskInstance: shopbrasil_panorama_precos.analise.carregar manual__2026-06-29T14:29:31+00:00 [queued]>
[2026-06-29T14:30:11.840+0000] {taskinstance.py:2306} INFO - Starting attempt 1 of 4
[2026-06-29T14:30:11.866+0000] {taskinstance.py:2330} INFO - Executing <Task(_PythonDecoratedOperator): analise.carregar> on 2026-06-29 14:29:31+00:00
[2026-06-29T14:30:11.871+0000] {standard_task_runner.py:64} INFO - Started process 294 to run task
[2026-06-29T14:30:11.875+0000] {standard_task_runner.py:90} INFO - Running: ['***', 'tasks', 'run', 'shopbrasil_panorama_precos', 'analise.carregar', 'manual__2026-06-29T14:29:31+00:00', '--job-id', '57', '--raw', '--subdir', 'DAGS_FOLDER/shopbrasil_panorama_precos.py', '--cfg-path', '/tmp/tmpd2t99dsb']
[2026-06-29T14:30:11.876+0000] {standard_task_runner.py:91} INFO - Job 57: Subtask analise.carregar
[2026-06-29T14:30:11.958+0000] {task_command.py:426} INFO - Running <TaskInstance: shopbrasil_panorama_precos.analise.carregar manual__2026-06-29T14:29:31+00:00 [running]> on host 04a4a3d549c3
[2026-06-29T14:30:12.484+0000] {taskinstance.py:2648} INFO - Exporting env vars: AIRFLOW_CTX_DAG_OWNER='shopbrasil_data' AIRFLOW_CTX_DAG_ID='shopbrasil_panorama_precos' AIRFLOW_CTX_TASK_ID='analise.carregar' AIRFLOW_CTX_EXECUTION_DATE='2026-06-29T14:29:31+00:00' AIRFLOW_CTX_TRY_NUMBER='1' AIRFLOW_CTX_DAG_RUN_ID='manual__2026-06-29T14:29:31+00:00'
[2026-06-29T14:30:12.485+0000] {taskinstance.py:430} INFO - ::endgroup::
[2026-06-29T14:30:12.486+0000] {shopbrasil_panorama_precos.py:275} INFO - Gravando 4 registros — connection=postgres_lab | data=2026-06-29
[2026-06-29T14:30:12.530+0000] {base.py:84} INFO - Using connection ID 'postgres_lab' for task execution.
[2026-06-29T14:30:12.540+0000] {load.py:68} INFO - Idempotência: 4 registros removidos para 2026-06-29
[2026-06-29T14:30:12.563+0000] {load.py:97} INFO - ✓ 4 registros inseridos em 'precos_categoria' | data=2026-06-29 | run_id=manual__2026-06-29T14:29:31+00:00
[2026-06-29T14:30:12.566+0000] {python.py:237} INFO - Done. Returned value was: 4
[2026-06-29T14:30:12.566+0000] {taskinstance.py:441} INFO - ::group::Post task execution logs
[2026-06-29T14:30:12.741+0000] {taskinstance.py:1206} INFO - Marking task as SUCCESS. dag_id=shopbrasil_panorama_precos, task_id=analise.carregar, run_id=manual__2026-06-29T14:29:31+00:00, execution_date=20260629T142931, start_date=20260629T143011, end_date=20260629T143012
[2026-06-29T14:30:12.805+0000] {local_task_job_runner.py:243} INFO - Task exited with return code 0
[2026-06-29T14:30:12.845+0000] {taskinstance.py:3503} INFO - 1 downstream tasks scheduled from follow-on schedule check
[2026-06-29T14:30:12.851+0000] {local_task_job_runner.py:222} INFO - ::endgroup::
