[2026-07-04T07:31:44.458+0000] {local_task_job_runner.py:123} INFO - ::group::Pre task execution logs
[2026-07-04T07:31:44.478+0000] {taskinstance.py:2613} INFO - Dependencies all met for dep_context=non-requeueable deps ti=<TaskInstance: shopbrasil_panorama_precos.analise.carregar manual__2026-07-04T07:31:34.950744+00:00 [queued]>
[2026-07-04T07:31:44.485+0000] {taskinstance.py:2613} INFO - Dependencies all met for dep_context=requeueable deps ti=<TaskInstance: shopbrasil_panorama_precos.analise.carregar manual__2026-07-04T07:31:34.950744+00:00 [queued]>
[2026-07-04T07:31:44.485+0000] {taskinstance.py:2866} INFO - Starting attempt 1 of 4
[2026-07-04T07:31:44.498+0000] {taskinstance.py:2889} INFO - Executing <Task(_PythonDecoratedOperator): analise.carregar> on 2026-07-04 07:31:34.950744+00:00
[2026-07-04T07:31:44.507+0000] {warnings.py:112} WARNING - /home/***/.local/lib/python3.12/site-packages/***/task/task_runner/standard_task_runner.py:70: DeprecationWarning: This process (pid=131) is multi-threaded, use of fork() may lead to deadlocks in the child.
  pid = os.fork()

[2026-07-04T07:31:44.509+0000] {standard_task_runner.py:72} INFO - Started process 132 to run task
[2026-07-04T07:31:44.509+0000] {standard_task_runner.py:104} INFO - Running: ['***', 'tasks', 'run', 'shopbrasil_panorama_precos', 'analise.carregar', 'manual__2026-07-04T07:31:34.950744+00:00', '--job-id', '46', '--raw', '--subdir', 'DAGS_FOLDER/shopbrasil_panorama_precos.py', '--cfg-path', '/tmp/tmp5uge63to']
[2026-07-04T07:31:44.510+0000] {standard_task_runner.py:105} INFO - Job 46: Subtask analise.carregar
[2026-07-04T07:31:44.558+0000] {task_command.py:467} INFO - Running <TaskInstance: shopbrasil_panorama_precos.analise.carregar manual__2026-07-04T07:31:34.950744+00:00 [running]> on host 34bb539d94d1
[2026-07-04T07:31:44.664+0000] {taskinstance.py:3132} INFO - Exporting env vars: AIRFLOW_CTX_DAG_OWNER='shopbrasil_data' AIRFLOW_CTX_DAG_ID='shopbrasil_panorama_precos' AIRFLOW_CTX_TASK_ID='analise.carregar' AIRFLOW_CTX_EXECUTION_DATE='2026-07-04T07:31:34.950744+00:00' AIRFLOW_CTX_TRY_NUMBER='1' AIRFLOW_CTX_DAG_RUN_ID='manual__2026-07-04T07:31:34.950744+00:00'
[2026-07-04T07:31:44.665+0000] {taskinstance.py:731} INFO - ::endgroup::
[2026-07-04T07:31:44.667+0000] {shopbrasil_panorama_precos.py:300} INFO - Gravando 4 registros — connection=postgres_lab | data=2026-07-04 | worker=34bb539d94d1
[2026-07-04T07:31:44.695+0000] {base.py:84} INFO - Retrieving connection 'postgres_lab'
[2026-07-04T07:31:44.705+0000] {load.py:68} INFO - Idempotência: 4 registros removidos para 2026-07-04
[2026-07-04T07:31:44.711+0000] {load.py:97} INFO - ✓ 4 registros inseridos em 'precos_categoria' | data=2026-07-04 | run_id=manual__2026-07-04T07:31:34.950744+00:00
[2026-07-04T07:31:44.712+0000] {python.py:240} INFO - Done. Returned value was: 4
[2026-07-04T07:31:44.738+0000] {taskinstance.py:340} INFO - ::group::Post task execution logs
[2026-07-04T07:31:44.738+0000] {taskinstance.py:352} INFO - Marking task as SUCCESS. dag_id=shopbrasil_panorama_precos, task_id=analise.carregar, run_id=manual__2026-07-04T07:31:34.950744+00:00, execution_date=20260704T073134, start_date=20260704T073144, end_date=20260704T073144
[2026-07-04T07:31:44.777+0000] {local_task_job_runner.py:266} INFO - Task exited with return code 0
[2026-07-04T07:31:44.798+0000] {taskinstance.py:3895} INFO - 1 downstream tasks scheduled from follow-on schedule check
[2026-07-04T07:31:44.802+0000] {local_task_job_runner.py:245} INFO - ::endgroup::
