[2026-07-04T16:03:09.606+0000] {local_task_job_runner.py:123} INFO - ::group::Pre task execution logs
[2026-07-04T16:03:09.635+0000] {taskinstance.py:2613} INFO - Dependencies all met for dep_context=non-requeueable deps ti=<TaskInstance: shopbrasil_panorama_precos.ingestao.buscar_produtos scheduled__2026-07-04T09:00:00+00:00 [queued]>
[2026-07-04T16:03:09.656+0000] {taskinstance.py:2613} INFO - Dependencies all met for dep_context=requeueable deps ti=<TaskInstance: shopbrasil_panorama_precos.ingestao.buscar_produtos scheduled__2026-07-04T09:00:00+00:00 [queued]>
[2026-07-04T16:03:09.657+0000] {taskinstance.py:2866} INFO - Starting attempt 1 of 4
[2026-07-04T16:03:09.686+0000] {taskinstance.py:2889} INFO - Executing <Task(_PythonDecoratedOperator): ingestao.buscar_produtos> on 2026-07-04 09:00:00+00:00
[2026-07-04T16:03:09.698+0000] {warnings.py:112} WARNING - /home/***/.local/lib/python3.12/site-packages/***/task/task_runner/standard_task_runner.py:70: DeprecationWarning: This process (pid=280) is multi-threaded, use of fork() may lead to deadlocks in the child.
  pid = os.fork()

[2026-07-04T16:03:09.700+0000] {standard_task_runner.py:104} INFO - Running: ['***', 'tasks', 'run', 'shopbrasil_panorama_precos', 'ingestao.buscar_produtos', 'scheduled__2026-07-04T09:00:00+00:00', '--job-id', '5', '--raw', '--subdir', 'DAGS_FOLDER/shopbrasil_panorama_precos.py', '--cfg-path', '/tmp/tmp_uwzc78n']
[2026-07-04T16:03:09.701+0000] {standard_task_runner.py:72} INFO - Started process 281 to run task
[2026-07-04T16:03:09.701+0000] {standard_task_runner.py:105} INFO - Job 5: Subtask ingestao.buscar_produtos
[2026-07-04T16:03:09.932+0000] {taskinstance.py:3132} INFO - Exporting env vars: AIRFLOW_CTX_DAG_OWNER='shopbrasil_data' AIRFLOW_CTX_DAG_ID='shopbrasil_panorama_precos' AIRFLOW_CTX_TASK_ID='ingestao.buscar_produtos' AIRFLOW_CTX_EXECUTION_DATE='2026-07-04T09:00:00+00:00' AIRFLOW_CTX_TRY_NUMBER='1' AIRFLOW_CTX_DAG_RUN_ID='scheduled__2026-07-04T09:00:00+00:00'
[2026-07-04T16:03:09.935+0000] {taskinstance.py:731} INFO - ::endgroup::
[2026-07-04T16:03:09.943+0000] {shopbrasil_panorama_precos.py:150} INFO - Buscando produtos na FakeStore API: https://fakestoreapi.com/products | worker=f809651dadcb
[2026-07-04T16:03:10.537+0000] {shopbrasil_panorama_precos.py:178} INFO - ✓ produto id=1 — categoria=men's clothing — preço=109.95
[2026-07-04T16:03:10.537+0000] {shopbrasil_panorama_precos.py:178} INFO - ✓ produto id=2 — categoria=men's clothing — preço=22.30
[2026-07-04T16:03:10.538+0000] {shopbrasil_panorama_precos.py:178} INFO - ✓ produto id=3 — categoria=men's clothing — preço=55.99
[2026-07-04T16:03:10.538+0000] {shopbrasil_panorama_precos.py:178} INFO - ✓ produto id=4 — categoria=men's clothing — preço=15.99
[2026-07-04T16:03:10.538+0000] {shopbrasil_panorama_precos.py:178} INFO - ✓ produto id=5 — categoria=jewelery — preço=695.00
[2026-07-04T16:03:10.539+0000] {shopbrasil_panorama_precos.py:178} INFO - ✓ produto id=6 — categoria=jewelery — preço=168.00
[2026-07-04T16:03:10.539+0000] {shopbrasil_panorama_precos.py:178} INFO - ✓ produto id=7 — categoria=jewelery — preço=9.99
[2026-07-04T16:03:10.540+0000] {shopbrasil_panorama_precos.py:178} INFO - ✓ produto id=8 — categoria=jewelery — preço=10.99
[2026-07-04T16:03:10.540+0000] {shopbrasil_panorama_precos.py:178} INFO - ✓ produto id=9 — categoria=electronics — preço=64.00
[2026-07-04T16:03:10.541+0000] {shopbrasil_panorama_precos.py:178} INFO - ✓ produto id=10 — categoria=electronics — preço=109.00
[2026-07-04T16:03:10.541+0000] {shopbrasil_panorama_precos.py:178} INFO - ✓ produto id=11 — categoria=electronics — preço=109.00
[2026-07-04T16:03:10.542+0000] {shopbrasil_panorama_precos.py:178} INFO - ✓ produto id=12 — categoria=electronics — preço=114.00
[2026-07-04T16:03:10.542+0000] {shopbrasil_panorama_precos.py:178} INFO - ✓ produto id=13 — categoria=electronics — preço=599.00
[2026-07-04T16:03:10.543+0000] {shopbrasil_panorama_precos.py:178} INFO - ✓ produto id=14 — categoria=electronics — preço=999.99
[2026-07-04T16:03:10.543+0000] {shopbrasil_panorama_precos.py:178} INFO - ✓ produto id=15 — categoria=women's clothing — preço=56.99
[2026-07-04T16:03:10.544+0000] {shopbrasil_panorama_precos.py:178} INFO - ✓ produto id=16 — categoria=women's clothing — preço=29.95
[2026-07-04T16:03:10.544+0000] {shopbrasil_panorama_precos.py:178} INFO - ✓ produto id=17 — categoria=women's clothing — preço=39.99
[2026-07-04T16:03:10.545+0000] {shopbrasil_panorama_precos.py:178} INFO - ✓ produto id=18 — categoria=women's clothing — preço=9.85
[2026-07-04T16:03:10.545+0000] {shopbrasil_panorama_precos.py:178} INFO - ✓ produto id=19 — categoria=women's clothing — preço=7.95
[2026-07-04T16:03:10.545+0000] {shopbrasil_panorama_precos.py:178} INFO - ✓ produto id=20 — categoria=women's clothing — preço=12.99
[2026-07-04T16:03:10.546+0000] {shopbrasil_panorama_precos.py:192} INFO - Total de produtos coletados: 20
[2026-07-04T16:03:10.547+0000] {python.py:240} INFO - Done. Returned value was: [{'id': 1, 'price': 109.95, 'category': "men's clothing"}, {'id': 2, 'price': 22.3, 'category': "men's clothing"}, {'id': 3, 'price': 55.99, 'category': "men's clothing"}, {'id': 4, 'price': 15.99, 'category': "men's clothing"}, {'id': 5, 'price': 695.0, 'category': 'jewelery'}, {'id': 6, 'price': 168.0, 'category': 'jewelery'}, {'id': 7, 'price': 9.99, 'category': 'jewelery'}, {'id': 8, 'price': 10.99, 'category': 'jewelery'}, {'id': 9, 'price': 64.0, 'category': 'electronics'}, {'id': 10, 'price': 109.0, 'category': 'electronics'}, {'id': 11, 'price': 109.0, 'category': 'electronics'}, {'id': 12, 'price': 114.0, 'category': 'electronics'}, {'id': 13, 'price': 599.0, 'category': 'electronics'}, {'id': 14, 'price': 999.99, 'category': 'electronics'}, {'id': 15, 'price': 56.99, 'category': "women's clothing"}, {'id': 16, 'price': 29.95, 'category': "women's clothing"}, {'id': 17, 'price': 39.99, 'category': "women's clothing"}, {'id': 18, 'price': 9.85, 'category': "women's clothing"}, {'id': 19, 'price': 7.95, 'category': "women's clothing"}, {'id': 20, 'price': 12.99, 'category': "women's clothing"}]
[2026-07-04T16:03:10.593+0000] {taskinstance.py:340} INFO - ::group::Post task execution logs
[2026-07-04T16:03:10.593+0000] {taskinstance.py:352} INFO - Marking task as SUCCESS. dag_id=shopbrasil_panorama_precos, task_id=ingestao.buscar_produtos, run_id=scheduled__2026-07-04T09:00:00+00:00, execution_date=20260704T090000, start_date=20260704T160309, end_date=20260704T160310
[2026-07-04T16:03:10.594+0000] {taskinstance.py:1563} INFO - Executing callback at index 0: on_success_callback
[2026-07-04T16:03:10.594+0000] {callbacks.py:46} INFO - SHOPBRASIL ✓ SUCESSO | task=ingestao.buscar_produtos | run=scheduled__2026-07-04T09:00:00+00:00 | tentativa=1
[2026-07-04T16:03:10.854+0000] {base.py:84} INFO - Retrieving connection 'postgres_lab'
[2026-07-04T16:03:10.880+0000] {sql.py:544} INFO - Running statement: 
            INSERT INTO etl_log (dag_id, run_id, task_id, status, registros, mensagem)
            VALUES (%s, %s, %s, %s, %s, %s)
            , parameters: ('shopbrasil_panorama_precos', 'scheduled__2026-07-04T09:00:00+00:00', 'ingestao.buscar_produtos', 'success', 0, 'Ingestão concluída na tentativa 1')
[2026-07-04T16:03:10.918+0000] {sql.py:553} INFO - Rows affected: 1
[2026-07-04T16:03:11.022+0000] {local_task_job_runner.py:266} INFO - Task exited with return code 0
[2026-07-04T16:03:11.093+0000] {taskinstance.py:3895} INFO - 1 downstream tasks scheduled from follow-on schedule check
[2026-07-04T16:03:11.098+0000] {local_task_job_runner.py:245} INFO - ::endgroup::
