[2026-08-01T13:39:11.147+0000] {local_task_job_runner.py:123} INFO - ::group::Pre task execution logs
[2026-08-01T13:39:11.189+0000] {taskinstance.py:2613} INFO - Dependencies all met for dep_context=non-requeueable deps ti=<TaskInstance: inflacao_alimentos_mlops.treinar_modelo manual__2026-08-01T13:37:44.151993+00:00 [queued]>
[2026-08-01T13:39:11.200+0000] {taskinstance.py:2613} INFO - Dependencies all met for dep_context=requeueable deps ti=<TaskInstance: inflacao_alimentos_mlops.treinar_modelo manual__2026-08-01T13:37:44.151993+00:00 [queued]>
[2026-08-01T13:39:11.201+0000] {taskinstance.py:2866} INFO - Starting attempt 1 of 4
[2026-08-01T13:39:11.218+0000] {taskinstance.py:2889} INFO - Executing <Task(_PythonDecoratedOperator): treinar_modelo> on 2026-08-01 13:37:44.151993+00:00
[2026-08-01T13:39:11.234+0000] {standard_task_runner.py:72} INFO - Started process 432 to run task
[2026-08-01T13:39:11.242+0000] {standard_task_runner.py:104} INFO - Running: ['***', 'tasks', 'run', 'inflacao_alimentos_mlops', 'treinar_modelo', 'manual__2026-08-01T13:37:44.151993+00:00', '--job-id', '20', '--raw', '--subdir', 'DAGS_FOLDER/inflacao_alimentos_mlops.py', '--cfg-path', '/tmp/tmpik9_cvay']
[2026-08-01T13:39:11.245+0000] {standard_task_runner.py:105} INFO - Job 20: Subtask treinar_modelo
[2026-08-01T13:39:11.541+0000] {taskinstance.py:3132} INFO - Exporting env vars: AIRFLOW_CTX_DAG_OWNER='andre.oliveira' AIRFLOW_CTX_DAG_ID='inflacao_alimentos_mlops' AIRFLOW_CTX_TASK_ID='treinar_modelo' AIRFLOW_CTX_EXECUTION_DATE='2026-08-01T13:37:44.151993+00:00' AIRFLOW_CTX_TRY_NUMBER='1' AIRFLOW_CTX_DAG_RUN_ID='manual__2026-08-01T13:37:44.151993+00:00'
[2026-08-01T13:39:11.543+0000] {taskinstance.py:731} INFO - ::endgroup::
[2026-08-01T13:39:11.640+0000] {base.py:84} INFO - Retrieving connection 'postgres_***'
[2026-08-01T13:39:11.657+0000] {sql.py:544} INFO - Running statement: 
        SELECT mes_ano, codigo_alimento, produto, valor
        FROM bronze.raw_***
        ORDER BY codigo_alimento, mes_ano
        , parameters: None
[2026-08-01T13:39:11.660+0000] {sql.py:553} INFO - Rows affected: 144
[2026-08-01T13:39:11.754+0000] {logging_mixin.py:190} WARNING - 2026/08/01 13:39:11 WARNING mlflow.utils.git_utils: Failed to import Git (the Git executable is probably not on your PATH), so Git SHA is not available. Error: Failed to initialize: Bad git executable.
The git executable must be specified in one of the following ways:
    - be included in your $PATH
    - be set via $GIT_PYTHON_GIT_EXECUTABLE
    - explicitly set via git.refresh(<full-path-to-git-executable>)

All git commands will error until this is rectified.

This initial message can be silenced or aggravated in the future by setting the
$GIT_PYTHON_REFRESH environment variable. Use one of the following values:
    - quiet|q|silence|s|silent|none|n|0: for no message or exception
    - warn|w|warning|log|l|1: for a warning message (logging level CRITICAL, displayed by default)
    - error|e|exception|raise|r|2: for a raised exception

Example:
    export GIT_PYTHON_REFRESH=quiet
[2026-08-01T13:39:18.170+0000] {logging_mixin.py:190} WARNING - 2026/08/01 13:39:18 WARNING mlflow.models.model: Model logged without a signature and input example. Please set `input_example` parameter when logging the model to auto infer the model signature.
[2026-08-01T13:39:18.210+0000] {ml.py:111} INFO - Treino OK | produto=Arroz | rmse=2.2438 | tendencia=-0.1422
[2026-08-01T13:39:18.230+0000] {logging_mixin.py:190} WARNING - 2026/08/01 13:39:18 INFO mlflow.tracking._tracking_service.client: 🏃 View run treino_arroz at: http://mlflow:5000/#/experiments/2/runs/8ae37254b5b548169404dfc6ec3921c8.
[2026-08-01T13:39:18.231+0000] {logging_mixin.py:190} WARNING - 2026/08/01 13:39:18 INFO mlflow.tracking._tracking_service.client: 🧪 View experiment at: http://mlflow:5000/#/experiments/2.
[2026-08-01T13:39:23.839+0000] {logging_mixin.py:190} WARNING - 2026/08/01 13:39:23 WARNING mlflow.models.model: Model logged without a signature and input example. Please set `input_example` parameter when logging the model to auto infer the model signature.
[2026-08-01T13:39:23.917+0000] {ml.py:111} INFO - Treino OK | produto=Pão Francês | rmse=0.3230 | tendencia=0.0103
[2026-08-01T13:39:23.965+0000] {logging_mixin.py:190} WARNING - 2026/08/01 13:39:23 INFO mlflow.tracking._tracking_service.client: 🏃 View run treino_pão_francês at: http://mlflow:5000/#/experiments/2/runs/4d47a49d490a4595aa98fc9fae010e3a.
[2026-08-01T13:39:23.966+0000] {logging_mixin.py:190} WARNING - 2026/08/01 13:39:23 INFO mlflow.tracking._tracking_service.client: 🧪 View experiment at: http://mlflow:5000/#/experiments/2.
[2026-08-01T13:39:30.320+0000] {logging_mixin.py:190} WARNING - 2026/08/01 13:39:30 WARNING mlflow.models.model: Model logged without a signature and input example. Please set `input_example` parameter when logging the model to auto infer the model signature.
[2026-08-01T13:39:30.354+0000] {ml.py:111} INFO - Treino OK | produto=Batata | rmse=1.7348 | tendencia=0.1854
[2026-08-01T13:39:30.374+0000] {logging_mixin.py:190} WARNING - 2026/08/01 13:39:30 INFO mlflow.tracking._tracking_service.client: 🏃 View run treino_batata at: http://mlflow:5000/#/experiments/2/runs/db0a9cc998f2491cbe24a643903ece65.
[2026-08-01T13:39:30.374+0000] {logging_mixin.py:190} WARNING - 2026/08/01 13:39:30 INFO mlflow.tracking._tracking_service.client: 🧪 View experiment at: http://mlflow:5000/#/experiments/2.
[2026-08-01T13:39:35.414+0000] {logging_mixin.py:190} WARNING - 2026/08/01 13:39:35 WARNING mlflow.models.model: Model logged without a signature and input example. Please set `input_example` parameter when logging the model to auto infer the model signature.
[2026-08-01T13:39:35.452+0000] {ml.py:111} INFO - Treino OK | produto=Leite | rmse=1.9133 | tendencia=0.0802
[2026-08-01T13:39:35.473+0000] {logging_mixin.py:190} WARNING - 2026/08/01 13:39:35 INFO mlflow.tracking._tracking_service.client: 🏃 View run treino_leite at: http://mlflow:5000/#/experiments/2/runs/8d9b989ea1e842c78073d2a6bb2f2aba.
[2026-08-01T13:39:35.474+0000] {logging_mixin.py:190} WARNING - 2026/08/01 13:39:35 INFO mlflow.tracking._tracking_service.client: 🧪 View experiment at: http://mlflow:5000/#/experiments/2.
[2026-08-01T13:39:35.495+0000] {inflacao_alimentos_mlops.py:127} INFO - Treinamento linear concluído | modelos=4
[2026-08-01T13:39:35.496+0000] {python.py:240} INFO - Done. Returned value was: [{'codigo_alimento': '1101002', 'produto': 'Arroz', 'rmse': 2.2438151260504196, 'tendencia_alta': -0.14224369747899157, 'mlflow_run_id': '8ae37254b5b548169404dfc6ec3921c8', 'modelo': 'LinearRegression'}, {'codigo_alimento': '1102069', 'produto': 'Pão Francês', 'rmse': 0.32299159663865534, 'tendencia_alta': 0.010324929971988793, 'mlflow_run_id': '4d47a49d490a4595aa98fc9fae010e3a', 'modelo': 'LinearRegression'}, {'codigo_alimento': '1103003', 'produto': 'Batata', 'rmse': 1.7348403361344524, 'tendencia_alta': 0.18541176470588233, 'mlflow_run_id': 'db0a9cc998f2491cbe24a643903ece65', 'modelo': 'LinearRegression'}, {'codigo_alimento': '1111015', 'produto': 'Leite', 'rmse': 1.9133445378151257, 'tendencia_alta': 0.08024929971988794, 'mlflow_run_id': '8d9b989ea1e842c78073d2a6bb2f2aba', 'modelo': 'LinearRegression'}]
[2026-08-01T13:39:35.545+0000] {taskinstance.py:340} INFO - ::group::Post task execution logs
[2026-08-01T13:39:35.546+0000] {taskinstance.py:352} INFO - Marking task as SUCCESS. dag_id=inflacao_alimentos_mlops, task_id=treinar_modelo, run_id=manual__2026-08-01T13:37:44.151993+00:00, execution_date=20260801T133744, start_date=20260801T133911, end_date=20260801T133935
[2026-08-01T13:39:35.619+0000] {local_task_job_runner.py:266} INFO - Task exited with return code 0
[2026-08-01T13:39:35.661+0000] {taskinstance.py:3895} INFO - 1 downstream tasks scheduled from follow-on schedule check
[2026-08-01T13:39:35.665+0000] {local_task_job_runner.py:245} INFO - ::endgroup::
