[2026-07-04T16:03:49.841+0000] {local_task_job_runner.py:123} INFO - ::group::Pre task execution logs
[2026-07-04T16:03:49.881+0000] {taskinstance.py:2613} INFO - Dependencies all met for dep_context=non-requeueable deps ti=<TaskInstance: shopbrasil_panorama_precos.analise.carregar manual__2026-07-04T16:03:05.788894+00:00 [queued]>
[2026-07-04T16:03:49.900+0000] {taskinstance.py:2613} INFO - Dependencies all met for dep_context=requeueable deps ti=<TaskInstance: shopbrasil_panorama_precos.analise.carregar manual__2026-07-04T16:03:05.788894+00:00 [queued]>
[2026-07-04T16:03:49.901+0000] {taskinstance.py:2866} INFO - Starting attempt 1 of 4
[2026-07-04T16:03:49.933+0000] {taskinstance.py:2889} INFO - Executing <Task(_PythonDecoratedOperator): analise.carregar> on 2026-07-04 16:03:05.788894+00:00
[2026-07-04T16:03:49.945+0000] {warnings.py:112} WARNING - /home/***/.local/lib/python3.12/site-packages/***/task/task_runner/standard_task_runner.py:70: DeprecationWarning: This process (pid=303) is multi-threaded, use of fork() may lead to deadlocks in the child.
  pid = os.fork()

[2026-07-04T16:03:49.948+0000] {standard_task_runner.py:72} INFO - Started process 304 to run task
[2026-07-04T16:03:49.955+0000] {standard_task_runner.py:104} INFO - Running: ['***', 'tasks', 'run', 'shopbrasil_panorama_precos', 'analise.carregar', 'manual__2026-07-04T16:03:05.788894+00:00', '--job-id', '23', '--raw', '--subdir', 'DAGS_FOLDER/shopbrasil_panorama_precos.py', '--cfg-path', '/tmp/tmp3tvyzcw0']
[2026-07-04T16:03:49.957+0000] {standard_task_runner.py:105} INFO - Job 23: Subtask analise.carregar
[2026-07-04T16:03:50.583+0000] {taskinstance.py:3132} INFO - Exporting env vars: AIRFLOW_CTX_DAG_OWNER='shopbrasil_data' AIRFLOW_CTX_DAG_ID='shopbrasil_panorama_precos' AIRFLOW_CTX_TASK_ID='analise.carregar' AIRFLOW_CTX_EXECUTION_DATE='2026-07-04T16:03:05.788894+00:00' AIRFLOW_CTX_TRY_NUMBER='1' AIRFLOW_CTX_DAG_RUN_ID='manual__2026-07-04T16:03:05.788894+00:00'
[2026-07-04T16:03:50.586+0000] {taskinstance.py:731} INFO - ::endgroup::
[2026-07-04T16:03:50.593+0000] {shopbrasil_panorama_precos.py:300} INFO - Gravando 4 registros — connection=postgres_lab | data=2026-07-04 | worker=c5da3f2e562f
[2026-07-04T16:03:50.703+0000] {base.py:84} INFO - Retrieving connection 'postgres_lab'
[2026-07-04T16:03:50.731+0000] {load.py:68} INFO - Idempotência: 4 registros removidos para 2026-07-04
[2026-07-04T16:03:50.739+0000] {load.py:97} INFO - ✓ 4 registros inseridos em 'precos_categoria' | data=2026-07-04 | run_id=manual__2026-07-04T16:03:05.788894+00:00
[2026-07-04T16:03:50.740+0000] {python.py:240} INFO - Done. Returned value was: 4
[2026-07-04T16:03:50.796+0000] {taskinstance.py:340} INFO - ::group::Post task execution logs
[2026-07-04T16:03:50.797+0000] {taskinstance.py:352} INFO - Marking task as SUCCESS. dag_id=shopbrasil_panorama_precos, task_id=analise.carregar, run_id=manual__2026-07-04T16:03:05.788894+00:00, execution_date=20260704T160305, start_date=20260704T160349, end_date=20260704T160350
[2026-07-04T16:03:50.892+0000] {local_task_job_runner.py:266} INFO - Task exited with return code 0
[2026-07-04T16:03:50.977+0000] {taskinstance.py:3895} INFO - 1 downstream tasks scheduled from follow-on schedule check
[2026-07-04T16:03:51.011+0000] {local_task_job_runner.py:245} INFO - ::endgroup::
