[2026-07-04T03:50:44.742+0000] {local_task_job_runner.py:123} INFO - ::group::Pre task execution logs
[2026-07-04T03:50:44.832+0000] {taskinstance.py:2613} INFO - Dependencies all met for dep_context=non-requeueable deps ti=<TaskInstance: example_distributed_celery.task_a manual__2026-07-04T03:50:38.157538+00:00 [queued]>
[2026-07-04T03:50:44.850+0000] {taskinstance.py:2613} INFO - Dependencies all met for dep_context=requeueable deps ti=<TaskInstance: example_distributed_celery.task_a manual__2026-07-04T03:50:38.157538+00:00 [queued]>
[2026-07-04T03:50:44.850+0000] {taskinstance.py:2866} INFO - Starting attempt 1 of 1
[2026-07-04T03:50:44.894+0000] {taskinstance.py:2889} INFO - Executing <Task(_PythonDecoratedOperator): task_a> on 2026-07-04 03:50:38.157538+00:00
[2026-07-04T03:50:44.921+0000] {standard_task_runner.py:104} INFO - Running: ['***', 'tasks', 'run', 'example_distributed_celery', 'task_a', 'manual__2026-07-04T03:50:38.157538+00:00', '--job-id', '4', '--raw', '--subdir', 'DAGS_FOLDER/example_distributed.py', '--cfg-path', '/tmp/tmpv8kz93my']
[2026-07-04T03:50:44.923+0000] {standard_task_runner.py:105} INFO - Job 4: Subtask task_a
[2026-07-04T03:50:44.918+0000] {warnings.py:112} WARNING - /home/***/.local/lib/python3.12/site-packages/***/task/task_runner/standard_task_runner.py:70: DeprecationWarning: This process (pid=438) is multi-threaded, use of fork() may lead to deadlocks in the child.
  pid = os.fork()

[2026-07-04T03:50:44.927+0000] {standard_task_runner.py:72} INFO - Started process 440 to run task
[2026-07-04T03:50:45.304+0000] {task_command.py:467} INFO - Running <TaskInstance: example_distributed_celery.task_a manual__2026-07-04T03:50:38.157538+00:00 [running]> on host d0b5e37644dc
[2026-07-04T03:50:47.088+0000] {taskinstance.py:3132} INFO - Exporting env vars: AIRFLOW_CTX_DAG_OWNER='***' AIRFLOW_CTX_DAG_ID='example_distributed_celery' AIRFLOW_CTX_TASK_ID='task_a' AIRFLOW_CTX_EXECUTION_DATE='2026-07-04T03:50:38.157538+00:00' AIRFLOW_CTX_TRY_NUMBER='1' AIRFLOW_CTX_DAG_RUN_ID='manual__2026-07-04T03:50:38.157538+00:00'
[2026-07-04T03:50:47.091+0000] {taskinstance.py:731} INFO - ::endgroup::
[2026-07-04T03:50:47.095+0000] {logging_mixin.py:190} INFO - [TASK_A] Executando no worker: d0b5e37644dc
[2026-07-04T03:50:50.156+0000] {logging_mixin.py:190} INFO - [TASK_A] Concluída no worker: d0b5e37644dc
[2026-07-04T03:50:50.157+0000] {python.py:240} INFO - Done. Returned value was: d0b5e37644dc
[2026-07-04T03:50:50.677+0000] {taskinstance.py:340} INFO - ::group::Post task execution logs
[2026-07-04T03:50:50.678+0000] {taskinstance.py:352} INFO - Marking task as SUCCESS. dag_id=example_distributed_celery, task_id=task_a, run_id=manual__2026-07-04T03:50:38.157538+00:00, execution_date=20260704T035038, start_date=20260704T035044, end_date=20260704T035050
[2026-07-04T03:50:50.966+0000] {local_task_job_runner.py:266} INFO - Task exited with return code 0
[2026-07-04T03:50:51.074+0000] {local_task_job_runner.py:245} INFO - ::endgroup::
