[2026-07-04T16:03:19.324+0000] {local_task_job_runner.py:123} INFO - ::group::Pre task execution logs
[2026-07-04T16:03:19.370+0000] {taskinstance.py:2613} INFO - Dependencies all met for dep_context=non-requeueable deps ti=<TaskInstance: shopbrasil_panorama_precos.analise.calcular_metricas scheduled__2026-07-04T09:00:00+00:00 map_index=0 [queued]>
[2026-07-04T16:03:19.388+0000] {taskinstance.py:2613} INFO - Dependencies all met for dep_context=requeueable deps ti=<TaskInstance: shopbrasil_panorama_precos.analise.calcular_metricas scheduled__2026-07-04T09:00:00+00:00 map_index=0 [queued]>
[2026-07-04T16:03:19.389+0000] {taskinstance.py:2866} INFO - Starting attempt 1 of 4
[2026-07-04T16:03:19.412+0000] {taskinstance.py:2889} INFO - Executing <Mapped(_PythonDecoratedOperator): analise.calcular_metricas> on 2026-07-04 09:00:00+00:00
[2026-07-04T16:03:19.424+0000] {warnings.py:112} WARNING - /home/***/.local/lib/python3.12/site-packages/***/task/task_runner/standard_task_runner.py:70: DeprecationWarning: This process (pid=276) is multi-threaded, use of fork() may lead to deadlocks in the child.
  pid = os.fork()

[2026-07-04T16:03:19.427+0000] {standard_task_runner.py:72} INFO - Started process 277 to run task
[2026-07-04T16:03:19.428+0000] {standard_task_runner.py:104} INFO - Running: ['***', 'tasks', 'run', 'shopbrasil_panorama_precos', 'analise.calcular_metricas', 'scheduled__2026-07-04T09:00:00+00:00', '--job-id', '9', '--raw', '--subdir', 'DAGS_FOLDER/shopbrasil_panorama_precos.py', '--cfg-path', '/tmp/tmpinym4veu', '--map-index', '0']
[2026-07-04T16:03:19.431+0000] {standard_task_runner.py:105} INFO - Job 9: Subtask analise.calcular_metricas
[2026-07-04T16:03:19.748+0000] {taskinstance.py:3132} INFO - Exporting env vars: AIRFLOW_CTX_DAG_OWNER='shopbrasil_data' AIRFLOW_CTX_DAG_ID='shopbrasil_panorama_precos' AIRFLOW_CTX_TASK_ID='analise.calcular_metricas' AIRFLOW_CTX_EXECUTION_DATE='2026-07-04T09:00:00+00:00' AIRFLOW_CTX_TRY_NUMBER='1' AIRFLOW_CTX_DAG_RUN_ID='scheduled__2026-07-04T09:00:00+00:00'
[2026-07-04T16:03:19.754+0000] {taskinstance.py:731} INFO - ::endgroup::
[2026-07-04T16:03:19.760+0000] {shopbrasil_panorama_precos.py:260} INFO - Calculando métricas — categoria=electronics | pool=ecommerce_pool | worker=23bd8a99d8ca
[2026-07-04T16:03:19.760+0000] {transform.py:40} INFO - ✓ electronics — médio=332.50 | min=64.00 | max=999.99 | qtd=6
[2026-07-04T16:03:19.761+0000] {python.py:240} INFO - Done. Returned value was: {'categoria': 'electronics', 'preco_medio': 332.5, 'preco_min': 64.0, 'preco_max': 999.99, 'qtd_produtos': 6}
[2026-07-04T16:03:19.835+0000] {taskinstance.py:340} INFO - ::group::Post task execution logs
[2026-07-04T16:03:19.836+0000] {taskinstance.py:352} INFO - Marking task as SUCCESS. dag_id=shopbrasil_panorama_precos, task_id=analise.calcular_metricas, run_id=scheduled__2026-07-04T09:00:00+00:00, map_index=0, execution_date=20260704T090000, start_date=20260704T160319, end_date=20260704T160319
[2026-07-04T16:03:19.888+0000] {local_task_job_runner.py:266} INFO - Task exited with return code 0
[2026-07-04T16:03:19.960+0000] {taskinstance.py:3895} INFO - 0 downstream tasks scheduled from follow-on schedule check
[2026-07-04T16:03:19.967+0000] {local_task_job_runner.py:245} INFO - ::endgroup::
