[2026-07-04T03:50:41.821+0000] {local_task_job_runner.py:123} INFO - ::group::Pre task execution logs
[2026-07-04T03:50:41.846+0000] {taskinstance.py:2613} INFO - Dependencies all met for dep_context=non-requeueable deps ti=<TaskInstance: example_distributed_celery.start manual__2026-07-04T03:50:38.157538+00:00 [queued]>
[2026-07-04T03:50:41.857+0000] {taskinstance.py:2613} INFO - Dependencies all met for dep_context=requeueable deps ti=<TaskInstance: example_distributed_celery.start manual__2026-07-04T03:50:38.157538+00:00 [queued]>
[2026-07-04T03:50:41.858+0000] {taskinstance.py:2866} INFO - Starting attempt 1 of 1
[2026-07-04T03:50:41.877+0000] {taskinstance.py:2889} INFO - Executing <Task(_PythonDecoratedOperator): start> on 2026-07-04 03:50:38.157538+00:00
[2026-07-04T03:50:41.885+0000] {warnings.py:112} WARNING - /home/***/.local/lib/python3.12/site-packages/***/task/task_runner/standard_task_runner.py:70: DeprecationWarning: This process (pid=435) is multi-threaded, use of fork() may lead to deadlocks in the child.
  pid = os.fork()

[2026-07-04T03:50:41.886+0000] {standard_task_runner.py:72} INFO - Started process 436 to run task
[2026-07-04T03:50:41.887+0000] {standard_task_runner.py:104} INFO - Running: ['***', 'tasks', 'run', 'example_distributed_celery', 'start', 'manual__2026-07-04T03:50:38.157538+00:00', '--job-id', '3', '--raw', '--subdir', 'DAGS_FOLDER/example_distributed.py', '--cfg-path', '/tmp/tmp95g2pq32']
[2026-07-04T03:50:41.888+0000] {standard_task_runner.py:105} INFO - Job 3: Subtask start
[2026-07-04T03:50:41.987+0000] {task_command.py:467} INFO - Running <TaskInstance: example_distributed_celery.start manual__2026-07-04T03:50:38.157538+00:00 [running]> on host d0b5e37644dc
[2026-07-04T03:50:42.190+0000] {taskinstance.py:3132} INFO - Exporting env vars: AIRFLOW_CTX_DAG_OWNER='***' AIRFLOW_CTX_DAG_ID='example_distributed_celery' AIRFLOW_CTX_TASK_ID='start' AIRFLOW_CTX_EXECUTION_DATE='2026-07-04T03:50:38.157538+00:00' AIRFLOW_CTX_TRY_NUMBER='1' AIRFLOW_CTX_DAG_RUN_ID='manual__2026-07-04T03:50:38.157538+00:00'
[2026-07-04T03:50:42.191+0000] {taskinstance.py:731} INFO - ::endgroup::
[2026-07-04T03:50:42.232+0000] {logging_mixin.py:190} INFO - [START] Iniciando pipeline no worker: d0b5e37644dc
[2026-07-04T03:50:42.232+0000] {python.py:240} INFO - Done. Returned value was: {'status': 'started', 'worker': 'd0b5e37644dc'}
[2026-07-04T03:50:42.271+0000] {taskinstance.py:340} INFO - ::group::Post task execution logs
[2026-07-04T03:50:42.272+0000] {taskinstance.py:352} INFO - Marking task as SUCCESS. dag_id=example_distributed_celery, task_id=start, run_id=manual__2026-07-04T03:50:38.157538+00:00, execution_date=20260704T035038, start_date=20260704T035041, end_date=20260704T035042
[2026-07-04T03:50:42.416+0000] {local_task_job_runner.py:266} INFO - Task exited with return code 0
[2026-07-04T03:50:42.456+0000] {taskinstance.py:3895} INFO - 4 downstream tasks scheduled from follow-on schedule check
[2026-07-04T03:50:42.460+0000] {local_task_job_runner.py:245} INFO - ::endgroup::
