[2026-07-04T16:26:03.722+0000] {local_task_job_runner.py:123} INFO - ::group::Pre task execution logs
[2026-07-04T16:26:03.750+0000] {taskinstance.py:2613} INFO - Dependencies all met for dep_context=non-requeueable deps ti=<TaskInstance: shopbrasil_panorama_precos.ingestao.buscar_produtos manual__2026-07-04T16:25:58.768339+00:00 [queued]>
[2026-07-04T16:26:03.766+0000] {taskinstance.py:2613} INFO - Dependencies all met for dep_context=requeueable deps ti=<TaskInstance: shopbrasil_panorama_precos.ingestao.buscar_produtos manual__2026-07-04T16:25:58.768339+00:00 [queued]>
[2026-07-04T16:26:03.767+0000] {taskinstance.py:2866} INFO - Starting attempt 1 of 4
[2026-07-04T16:26:03.787+0000] {taskinstance.py:2889} INFO - Executing <Task(_PythonDecoratedOperator): ingestao.buscar_produtos> on 2026-07-04 16:25:58.768339+00:00
[2026-07-04T16:26:03.797+0000] {warnings.py:112} WARNING - /home/***/.local/lib/python3.12/site-packages/***/task/task_runner/standard_task_runner.py:70: DeprecationWarning: This process (pid=126) is multi-threaded, use of fork() may lead to deadlocks in the child.
  pid = os.fork()

[2026-07-04T16:26:03.800+0000] {standard_task_runner.py:72} INFO - Started process 127 to run task
[2026-07-04T16:26:03.801+0000] {standard_task_runner.py:104} INFO - Running: ['***', 'tasks', 'run', 'shopbrasil_panorama_precos', 'ingestao.buscar_produtos', 'manual__2026-07-04T16:25:58.768339+00:00', '--job-id', '25', '--raw', '--subdir', 'DAGS_FOLDER/shopbrasil_panorama_precos.py', '--cfg-path', '/tmp/tmpv0jwbiif']
[2026-07-04T16:26:03.803+0000] {standard_task_runner.py:105} INFO - Job 25: Subtask ingestao.buscar_produtos
[2026-07-04T16:26:03.991+0000] {taskinstance.py:3132} INFO - Exporting env vars: AIRFLOW_CTX_DAG_OWNER='shopbrasil_data' AIRFLOW_CTX_DAG_ID='shopbrasil_panorama_precos' AIRFLOW_CTX_TASK_ID='ingestao.buscar_produtos' AIRFLOW_CTX_EXECUTION_DATE='2026-07-04T16:25:58.768339+00:00' AIRFLOW_CTX_TRY_NUMBER='1' AIRFLOW_CTX_DAG_RUN_ID='manual__2026-07-04T16:25:58.768339+00:00'
[2026-07-04T16:26:03.994+0000] {taskinstance.py:731} INFO - ::endgroup::
[2026-07-04T16:26:03.999+0000] {shopbrasil_panorama_precos.py:150} INFO - Buscando produtos na FakeStore API: https://fakestoreapi.com/products | worker=085b7cb938fd
[2026-07-04T16:26:04.356+0000] {shopbrasil_panorama_precos.py:178} INFO - ✓ produto id=1 — categoria=men's clothing — preço=109.95
[2026-07-04T16:26:04.356+0000] {shopbrasil_panorama_precos.py:178} INFO - ✓ produto id=2 — categoria=men's clothing — preço=22.30
[2026-07-04T16:26:04.356+0000] {shopbrasil_panorama_precos.py:178} INFO - ✓ produto id=3 — categoria=men's clothing — preço=55.99
[2026-07-04T16:26:04.357+0000] {shopbrasil_panorama_precos.py:178} INFO - ✓ produto id=4 — categoria=men's clothing — preço=15.99
[2026-07-04T16:26:04.357+0000] {shopbrasil_panorama_precos.py:178} INFO - ✓ produto id=5 — categoria=jewelery — preço=695.00
[2026-07-04T16:26:04.358+0000] {shopbrasil_panorama_precos.py:178} INFO - ✓ produto id=6 — categoria=jewelery — preço=168.00
[2026-07-04T16:26:04.358+0000] {shopbrasil_panorama_precos.py:178} INFO - ✓ produto id=7 — categoria=jewelery — preço=9.99
[2026-07-04T16:26:04.358+0000] {shopbrasil_panorama_precos.py:178} INFO - ✓ produto id=8 — categoria=jewelery — preço=10.99
[2026-07-04T16:26:04.359+0000] {shopbrasil_panorama_precos.py:178} INFO - ✓ produto id=9 — categoria=electronics — preço=64.00
[2026-07-04T16:26:04.359+0000] {shopbrasil_panorama_precos.py:178} INFO - ✓ produto id=10 — categoria=electronics — preço=109.00
[2026-07-04T16:26:04.359+0000] {shopbrasil_panorama_precos.py:178} INFO - ✓ produto id=11 — categoria=electronics — preço=109.00
[2026-07-04T16:26:04.360+0000] {shopbrasil_panorama_precos.py:178} INFO - ✓ produto id=12 — categoria=electronics — preço=114.00
[2026-07-04T16:26:04.360+0000] {shopbrasil_panorama_precos.py:178} INFO - ✓ produto id=13 — categoria=electronics — preço=599.00
[2026-07-04T16:26:04.360+0000] {shopbrasil_panorama_precos.py:178} INFO - ✓ produto id=14 — categoria=electronics — preço=999.99
[2026-07-04T16:26:04.361+0000] {shopbrasil_panorama_precos.py:178} INFO - ✓ produto id=15 — categoria=women's clothing — preço=56.99
[2026-07-04T16:26:04.361+0000] {shopbrasil_panorama_precos.py:178} INFO - ✓ produto id=16 — categoria=women's clothing — preço=29.95
[2026-07-04T16:26:04.361+0000] {shopbrasil_panorama_precos.py:178} INFO - ✓ produto id=17 — categoria=women's clothing — preço=39.99
[2026-07-04T16:26:04.361+0000] {shopbrasil_panorama_precos.py:178} INFO - ✓ produto id=18 — categoria=women's clothing — preço=9.85
[2026-07-04T16:26:04.362+0000] {shopbrasil_panorama_precos.py:178} INFO - ✓ produto id=19 — categoria=women's clothing — preço=7.95
[2026-07-04T16:26:04.362+0000] {shopbrasil_panorama_precos.py:178} INFO - ✓ produto id=20 — categoria=women's clothing — preço=12.99
[2026-07-04T16:26:04.362+0000] {shopbrasil_panorama_precos.py:192} INFO - Total de produtos coletados: 20
[2026-07-04T16:26:04.363+0000] {python.py:240} INFO - Done. Returned value was: [{'id': 1, 'price': 109.95, 'category': "men's clothing"}, {'id': 2, 'price': 22.3, 'category': "men's clothing"}, {'id': 3, 'price': 55.99, 'category': "men's clothing"}, {'id': 4, 'price': 15.99, 'category': "men's clothing"}, {'id': 5, 'price': 695.0, 'category': 'jewelery'}, {'id': 6, 'price': 168.0, 'category': 'jewelery'}, {'id': 7, 'price': 9.99, 'category': 'jewelery'}, {'id': 8, 'price': 10.99, 'category': 'jewelery'}, {'id': 9, 'price': 64.0, 'category': 'electronics'}, {'id': 10, 'price': 109.0, 'category': 'electronics'}, {'id': 11, 'price': 109.0, 'category': 'electronics'}, {'id': 12, 'price': 114.0, 'category': 'electronics'}, {'id': 13, 'price': 599.0, 'category': 'electronics'}, {'id': 14, 'price': 999.99, 'category': 'electronics'}, {'id': 15, 'price': 56.99, 'category': "women's clothing"}, {'id': 16, 'price': 29.95, 'category': "women's clothing"}, {'id': 17, 'price': 39.99, 'category': "women's clothing"}, {'id': 18, 'price': 9.85, 'category': "women's clothing"}, {'id': 19, 'price': 7.95, 'category': "women's clothing"}, {'id': 20, 'price': 12.99, 'category': "women's clothing"}]
[2026-07-04T16:26:04.400+0000] {taskinstance.py:340} INFO - ::group::Post task execution logs
[2026-07-04T16:26:04.401+0000] {taskinstance.py:352} INFO - Marking task as SUCCESS. dag_id=shopbrasil_panorama_precos, task_id=ingestao.buscar_produtos, run_id=manual__2026-07-04T16:25:58.768339+00:00, execution_date=20260704T162558, start_date=20260704T162603, end_date=20260704T162604
[2026-07-04T16:26:04.402+0000] {taskinstance.py:1563} INFO - Executing callback at index 0: on_success_callback
[2026-07-04T16:26:04.402+0000] {callbacks.py:46} INFO - SHOPBRASIL ✓ SUCESSO | task=ingestao.buscar_produtos | run=manual__2026-07-04T16:25:58.768339+00:00 | tentativa=1
[2026-07-04T16:26:04.593+0000] {base.py:84} INFO - Retrieving connection 'postgres_lab'
[2026-07-04T16:26:04.618+0000] {sql.py:544} INFO - Running statement: 
            INSERT INTO etl_log (dag_id, run_id, task_id, status, registros, mensagem)
            VALUES (%s, %s, %s, %s, %s, %s)
            , parameters: ('shopbrasil_panorama_precos', 'manual__2026-07-04T16:25:58.768339+00:00', 'ingestao.buscar_produtos', 'success', 0, 'Ingestão concluída na tentativa 1')
[2026-07-04T16:26:04.640+0000] {sql.py:553} INFO - Rows affected: 1
[2026-07-04T16:26:04.699+0000] {local_task_job_runner.py:266} INFO - Task exited with return code 0
[2026-07-04T16:26:04.753+0000] {taskinstance.py:3895} INFO - 1 downstream tasks scheduled from follow-on schedule check
[2026-07-04T16:26:04.758+0000] {local_task_job_runner.py:245} INFO - ::endgroup::
