[2026-07-04T07:30:32.953+0000] {local_task_job_runner.py:123} INFO - ::group::Pre task execution logs
[2026-07-04T07:30:32.984+0000] {taskinstance.py:2613} INFO - Dependencies all met for dep_context=non-requeueable deps ti=<TaskInstance: shopbrasil_panorama_precos.analise.calcular_metricas manual__2026-07-04T07:30:24+00:00 map_index=3 [queued]>
[2026-07-04T07:30:33.002+0000] {taskinstance.py:2613} INFO - Dependencies all met for dep_context=requeueable deps ti=<TaskInstance: shopbrasil_panorama_precos.analise.calcular_metricas manual__2026-07-04T07:30:24+00:00 map_index=3 [queued]>
[2026-07-04T07:30:33.003+0000] {taskinstance.py:2866} INFO - Starting attempt 1 of 4
[2026-07-04T07:30:33.036+0000] {taskinstance.py:2889} INFO - Executing <Mapped(_PythonDecoratedOperator): analise.calcular_metricas> on 2026-07-04 07:30:24+00:00
[2026-07-04T07:30:33.044+0000] {warnings.py:112} WARNING - /home/***/.local/lib/python3.12/site-packages/***/task/task_runner/standard_task_runner.py:70: DeprecationWarning: This process (pid=99) is multi-threaded, use of fork() may lead to deadlocks in the child.
  pid = os.fork()

[2026-07-04T07:30:33.046+0000] {standard_task_runner.py:72} INFO - Started process 100 to run task
[2026-07-04T07:30:33.047+0000] {standard_task_runner.py:104} INFO - Running: ['***', 'tasks', 'run', 'shopbrasil_panorama_precos', 'analise.calcular_metricas', 'manual__2026-07-04T07:30:24+00:00', '--job-id', '33', '--raw', '--subdir', 'DAGS_FOLDER/shopbrasil_panorama_precos.py', '--cfg-path', '/tmp/tmp8j2yyw7p', '--map-index', '3']
[2026-07-04T07:30:33.064+0000] {standard_task_runner.py:105} INFO - Job 33: Subtask analise.calcular_metricas
[2026-07-04T07:30:33.153+0000] {task_command.py:467} INFO - Running <TaskInstance: shopbrasil_panorama_precos.analise.calcular_metricas manual__2026-07-04T07:30:24+00:00 map_index=3 [running]> on host 34bb539d94d1
[2026-07-04T07:30:33.383+0000] {taskinstance.py:3132} INFO - Exporting env vars: AIRFLOW_CTX_DAG_OWNER='shopbrasil_data' AIRFLOW_CTX_DAG_ID='shopbrasil_panorama_precos' AIRFLOW_CTX_TASK_ID='analise.calcular_metricas' AIRFLOW_CTX_EXECUTION_DATE='2026-07-04T07:30:24+00:00' AIRFLOW_CTX_TRY_NUMBER='1' AIRFLOW_CTX_DAG_RUN_ID='manual__2026-07-04T07:30:24+00:00'
[2026-07-04T07:30:33.384+0000] {taskinstance.py:731} INFO - ::endgroup::
[2026-07-04T07:30:33.387+0000] {shopbrasil_panorama_precos.py:260} INFO - Calculando métricas — categoria=women's clothing | pool=ecommerce_pool | worker=34bb539d94d1
[2026-07-04T07:30:33.387+0000] {transform.py:40} INFO - ✓ women's clothing — médio=26.29 | min=7.95 | max=56.99 | qtd=6
[2026-07-04T07:30:33.389+0000] {python.py:240} INFO - Done. Returned value was: {'categoria': "women's clothing", 'preco_medio': 26.29, 'preco_min': 7.95, 'preco_max': 56.99, 'qtd_produtos': 6}
[2026-07-04T07:30:33.456+0000] {taskinstance.py:340} INFO - ::group::Post task execution logs
[2026-07-04T07:30:33.457+0000] {taskinstance.py:352} INFO - Marking task as SUCCESS. dag_id=shopbrasil_panorama_precos, task_id=analise.calcular_metricas, run_id=manual__2026-07-04T07:30:24+00:00, map_index=3, execution_date=20260704T073024, start_date=20260704T073032, end_date=20260704T073033
[2026-07-04T07:30:33.552+0000] {local_task_job_runner.py:266} INFO - Task exited with return code 0
[2026-07-04T07:30:33.584+0000] {taskinstance.py:3895} INFO - 1 downstream tasks scheduled from follow-on schedule check
[2026-07-04T07:30:33.623+0000] {local_task_job_runner.py:245} INFO - ::endgroup::
