[2026-07-04T04:11:46.412+0000] {local_task_job_runner.py:123} INFO - ::group::Pre task execution logs
[2026-07-04T04:11:49.847+0000] {taskinstance.py:2613} INFO - Dependencies all met for dep_context=non-requeueable deps ti=<TaskInstance: example_distributed_celery_fixed_sleep.tarefa_1 manual__2026-07-04T04:11:29.327919+00:00 [queued]>
[2026-07-04T04:11:50.079+0000] {taskinstance.py:2613} INFO - Dependencies all met for dep_context=requeueable deps ti=<TaskInstance: example_distributed_celery_fixed_sleep.tarefa_1 manual__2026-07-04T04:11:29.327919+00:00 [queued]>
[2026-07-04T04:11:50.081+0000] {taskinstance.py:2866} INFO - Starting attempt 1 of 1
[2026-07-04T04:11:53.793+0000] {taskinstance.py:2889} INFO - Executing <Task(_PythonDecoratedOperator): tarefa_1> on 2026-07-04 04:11:29.327919+00:00
[2026-07-04T04:12:02.205+0000] {warnings.py:112} WARNING - /home/***/.local/lib/python3.12/site-packages/***/task/task_runner/standard_task_runner.py:70: DeprecationWarning: This process (pid=680) is multi-threaded, use of fork() may lead to deadlocks in the child.
  pid = os.fork()

[2026-07-04T04:12:02.209+0000] {standard_task_runner.py:72} INFO - Started process 692 to run task
[2026-07-04T04:12:02.239+0000] {standard_task_runner.py:104} INFO - Running: ['***', 'tasks', 'run', 'example_distributed_celery_fixed_sleep', 'tarefa_1', 'manual__2026-07-04T04:11:29.327919+00:00', '--job-id', '11', '--raw', '--subdir', 'DAGS_FOLDER/example_distributed_2.py', '--cfg-path', '/tmp/tmpr8ofy5n0']
[2026-07-04T04:12:02.242+0000] {standard_task_runner.py:105} INFO - Job 11: Subtask tarefa_1
[2026-07-04T04:12:02.962+0000] {task_command.py:467} INFO - Running <TaskInstance: example_distributed_celery_fixed_sleep.tarefa_1 manual__2026-07-04T04:11:29.327919+00:00 [running]> on host d0b5e37644dc
[2026-07-04T04:12:03.960+0000] {taskinstance.py:3132} INFO - Exporting env vars: AIRFLOW_CTX_DAG_OWNER='***' AIRFLOW_CTX_DAG_ID='example_distributed_celery_fixed_sleep' AIRFLOW_CTX_TASK_ID='tarefa_1' AIRFLOW_CTX_EXECUTION_DATE='2026-07-04T04:11:29.327919+00:00' AIRFLOW_CTX_TRY_NUMBER='1' AIRFLOW_CTX_DAG_RUN_ID='manual__2026-07-04T04:11:29.327919+00:00'
[2026-07-04T04:12:03.965+0000] {taskinstance.py:731} INFO - ::endgroup::
[2026-07-04T04:12:04.033+0000] {logging_mixin.py:190} INFO - ==================================================
[2026-07-04T04:12:04.033+0000] {logging_mixin.py:190} INFO - Tarefa: 1
[2026-07-04T04:12:04.035+0000] {logging_mixin.py:190} INFO - Worker: d0b5e37644dc
[2026-07-04T04:12:04.036+0000] {logging_mixin.py:190} INFO - Início: 2026-07-04 04:12:04.036554
[2026-07-04T04:12:04.037+0000] {logging_mixin.py:190} INFO - ==================================================
[2026-07-04T04:12:07.740+0000] {job.py:229} INFO - Heartbeat recovered after 23.44 seconds
[2026-07-04T04:12:24.038+0000] {logging_mixin.py:190} INFO - Tarefa 1 finalizada em d0b5e37644dc
[2026-07-04T04:12:24.039+0000] {python.py:240} INFO - Done. Returned value was: {'tarefa': 1, 'worker': 'd0b5e37644dc'}
[2026-07-04T04:12:24.147+0000] {taskinstance.py:340} INFO - ::group::Post task execution logs
[2026-07-04T04:12:24.148+0000] {taskinstance.py:352} INFO - Marking task as SUCCESS. dag_id=example_distributed_celery_fixed_sleep, task_id=tarefa_1, run_id=manual__2026-07-04T04:11:29.327919+00:00, execution_date=20260704T041129, start_date=20260704T041149, end_date=20260704T041224
[2026-07-04T04:12:24.219+0000] {local_task_job_runner.py:266} INFO - Task exited with return code 0
[2026-07-04T04:12:24.246+0000] {taskinstance.py:3895} INFO - 0 downstream tasks scheduled from follow-on schedule check
[2026-07-04T04:12:24.307+0000] {local_task_job_runner.py:245} INFO - ::endgroup::
