[2026-07-01T01:59:20.070+0000] {local_task_job_runner.py:120} INFO - ::group::Pre task execution logs
[2026-07-01T01:59:20.123+0000] {taskinstance.py:2076} INFO - Dependencies all met for dep_context=non-requeueable deps ti=<TaskInstance: shopbrasil_panorama_precos.analise.carregar scheduled__2026-06-30T09:00:00+00:00 [queued]>
[2026-07-01T01:59:20.135+0000] {taskinstance.py:2076} INFO - Dependencies all met for dep_context=requeueable deps ti=<TaskInstance: shopbrasil_panorama_precos.analise.carregar scheduled__2026-06-30T09:00:00+00:00 [queued]>
[2026-07-01T01:59:20.136+0000] {taskinstance.py:2306} INFO - Starting attempt 1 of 4
[2026-07-01T01:59:20.153+0000] {taskinstance.py:2330} INFO - Executing <Task(_PythonDecoratedOperator): analise.carregar> on 2026-06-30 09:00:00+00:00
[2026-07-01T01:59:20.162+0000] {standard_task_runner.py:64} INFO - Started process 286 to run task
[2026-07-01T01:59:20.165+0000] {standard_task_runner.py:90} INFO - Running: ['***', 'tasks', 'run', 'shopbrasil_panorama_precos', 'analise.carregar', 'scheduled__2026-06-30T09:00:00+00:00', '--job-id', '10', '--raw', '--subdir', 'DAGS_FOLDER/shopbrasil_panorama_precos.py', '--cfg-path', '/tmp/tmpxuuo3n3m']
[2026-07-01T01:59:20.167+0000] {standard_task_runner.py:91} INFO - Job 10: Subtask analise.carregar
[2026-07-01T01:59:20.255+0000] {task_command.py:426} INFO - Running <TaskInstance: shopbrasil_panorama_precos.analise.carregar scheduled__2026-06-30T09:00:00+00:00 [running]> on host 734c9a86cf3f
[2026-07-01T01:59:20.588+0000] {taskinstance.py:2648} INFO - Exporting env vars: AIRFLOW_CTX_DAG_OWNER='shopbrasil_data' AIRFLOW_CTX_DAG_ID='shopbrasil_panorama_precos' AIRFLOW_CTX_TASK_ID='analise.carregar' AIRFLOW_CTX_EXECUTION_DATE='2026-06-30T09:00:00+00:00' AIRFLOW_CTX_TRY_NUMBER='1' AIRFLOW_CTX_DAG_RUN_ID='scheduled__2026-06-30T09:00:00+00:00'
[2026-07-01T01:59:20.589+0000] {taskinstance.py:430} INFO - ::endgroup::
[2026-07-01T01:59:20.590+0000] {shopbrasil_panorama_precos.py:275} INFO - Gravando 4 registros — connection=postgres_lab | data=2026-06-30
[2026-07-01T01:59:20.627+0000] {base.py:84} INFO - Using connection ID 'postgres_lab' for task execution.
[2026-07-01T01:59:20.646+0000] {load.py:97} INFO - ✓ 4 registros inseridos em 'precos_categoria' | data=2026-06-30 | run_id=scheduled__2026-06-30T09:00:00+00:00
[2026-07-01T01:59:20.646+0000] {python.py:237} INFO - Done. Returned value was: 4
[2026-07-01T01:59:20.647+0000] {taskinstance.py:441} INFO - ::group::Post task execution logs
[2026-07-01T01:59:20.690+0000] {taskinstance.py:1206} INFO - Marking task as SUCCESS. dag_id=shopbrasil_panorama_precos, task_id=analise.carregar, run_id=scheduled__2026-06-30T09:00:00+00:00, execution_date=20260630T090000, start_date=20260701T015920, end_date=20260701T015920
[2026-07-01T01:59:20.742+0000] {local_task_job_runner.py:243} INFO - Task exited with return code 0
[2026-07-01T01:59:20.778+0000] {taskinstance.py:3503} INFO - 1 downstream tasks scheduled from follow-on schedule check
[2026-07-01T01:59:20.782+0000] {local_task_job_runner.py:222} INFO - ::endgroup::
