[2026-07-04T16:03:41.932+0000] {local_task_job_runner.py:123} INFO - ::group::Pre task execution logs
[2026-07-04T16:03:41.966+0000] {taskinstance.py:2613} INFO - Dependencies all met for dep_context=non-requeueable deps ti=<TaskInstance: shopbrasil_panorama_precos.analise.calcular_metricas manual__2026-07-04T16:03:05.788894+00:00 map_index=1 [queued]>
[2026-07-04T16:03:41.984+0000] {taskinstance.py:2613} INFO - Dependencies all met for dep_context=requeueable deps ti=<TaskInstance: shopbrasil_panorama_precos.analise.calcular_metricas manual__2026-07-04T16:03:05.788894+00:00 map_index=1 [queued]>
[2026-07-04T16:03:41.985+0000] {taskinstance.py:2866} INFO - Starting attempt 1 of 4
[2026-07-04T16:03:42.010+0000] {taskinstance.py:2889} INFO - Executing <Mapped(_PythonDecoratedOperator): analise.calcular_metricas> on 2026-07-04 16:03:05.788894+00:00
[2026-07-04T16:03:42.019+0000] {warnings.py:112} WARNING - /home/***/.local/lib/python3.12/site-packages/***/task/task_runner/standard_task_runner.py:70: DeprecationWarning: This process (pid=290) is multi-threaded, use of fork() may lead to deadlocks in the child.
  pid = os.fork()

[2026-07-04T16:03:42.021+0000] {standard_task_runner.py:72} INFO - Started process 291 to run task
[2026-07-04T16:03:42.022+0000] {standard_task_runner.py:104} INFO - Running: ['***', 'tasks', 'run', 'shopbrasil_panorama_precos', 'analise.calcular_metricas', 'manual__2026-07-04T16:03:05.788894+00:00', '--job-id', '18', '--raw', '--subdir', 'DAGS_FOLDER/shopbrasil_panorama_precos.py', '--cfg-path', '/tmp/tmpnmuiihv_', '--map-index', '1']
[2026-07-04T16:03:42.024+0000] {standard_task_runner.py:105} INFO - Job 18: Subtask analise.calcular_metricas
[2026-07-04T16:03:42.298+0000] {taskinstance.py:3132} INFO - Exporting env vars: AIRFLOW_CTX_DAG_OWNER='shopbrasil_data' AIRFLOW_CTX_DAG_ID='shopbrasil_panorama_precos' AIRFLOW_CTX_TASK_ID='analise.calcular_metricas' AIRFLOW_CTX_EXECUTION_DATE='2026-07-04T16:03:05.788894+00:00' AIRFLOW_CTX_TRY_NUMBER='1' AIRFLOW_CTX_DAG_RUN_ID='manual__2026-07-04T16:03:05.788894+00:00'
[2026-07-04T16:03:42.300+0000] {taskinstance.py:731} INFO - ::endgroup::
[2026-07-04T16:03:42.305+0000] {shopbrasil_panorama_precos.py:260} INFO - Calculando métricas — categoria=jewelery | pool=ecommerce_pool | worker=c5da3f2e562f
[2026-07-04T16:03:42.306+0000] {transform.py:40} INFO - ✓ jewelery — médio=221.00 | min=9.99 | max=695.00 | qtd=4
[2026-07-04T16:03:42.306+0000] {python.py:240} INFO - Done. Returned value was: {'categoria': 'jewelery', 'preco_medio': 221.0, 'preco_min': 9.99, 'preco_max': 695.0, 'qtd_produtos': 4}
[2026-07-04T16:03:42.363+0000] {taskinstance.py:340} INFO - ::group::Post task execution logs
[2026-07-04T16:03:42.363+0000] {taskinstance.py:352} INFO - Marking task as SUCCESS. dag_id=shopbrasil_panorama_precos, task_id=analise.calcular_metricas, run_id=manual__2026-07-04T16:03:05.788894+00:00, map_index=1, execution_date=20260704T160305, start_date=20260704T160341, end_date=20260704T160342
[2026-07-04T16:03:42.400+0000] {local_task_job_runner.py:266} INFO - Task exited with return code 0
[2026-07-04T16:03:42.440+0000] {taskinstance.py:3895} INFO - 0 downstream tasks scheduled from follow-on schedule check
[2026-07-04T16:03:42.445+0000] {local_task_job_runner.py:245} INFO - ::endgroup::
