[2026-07-04T04:11:46.448+0000] {local_task_job_runner.py:123} INFO - ::group::Pre task execution logs
[2026-07-04T04:11:49.437+0000] {taskinstance.py:2613} INFO - Dependencies all met for dep_context=non-requeueable deps ti=<TaskInstance: example_distributed_celery_fixed_sleep.tarefa_5 manual__2026-07-04T04:11:29.327919+00:00 [queued]>
[2026-07-04T04:11:49.468+0000] {taskinstance.py:2613} INFO - Dependencies all met for dep_context=requeueable deps ti=<TaskInstance: example_distributed_celery_fixed_sleep.tarefa_5 manual__2026-07-04T04:11:29.327919+00:00 [queued]>
[2026-07-04T04:11:49.468+0000] {taskinstance.py:2866} INFO - Starting attempt 1 of 1
[2026-07-04T04:11:50.015+0000] {taskinstance.py:2889} INFO - Executing <Task(_PythonDecoratedOperator): tarefa_5> on 2026-07-04 04:11:29.327919+00:00
[2026-07-04T04:11:50.225+0000] {standard_task_runner.py:104} INFO - Running: ['***', 'tasks', 'run', 'example_distributed_celery_fixed_sleep', 'tarefa_5', 'manual__2026-07-04T04:11:29.327919+00:00', '--job-id', '12', '--raw', '--subdir', 'DAGS_FOLDER/example_distributed_2.py', '--cfg-path', '/tmp/tmpr4hcsebx']
[2026-07-04T04:11:51.125+0000] {standard_task_runner.py:105} INFO - Job 12: Subtask tarefa_5
[2026-07-04T04:11:51.251+0000] {warnings.py:112} WARNING - /home/***/.local/lib/python3.12/site-packages/***/task/task_runner/standard_task_runner.py:70: DeprecationWarning: This process (pid=681) is multi-threaded, use of fork() may lead to deadlocks in the child.
  pid = os.fork()

[2026-07-04T04:11:51.253+0000] {standard_task_runner.py:72} INFO - Started process 690 to run task
[2026-07-04T04:12:00.852+0000] {job.py:229} INFO - Heartbeat recovered after 16.50 seconds
[2026-07-04T04:12:01.832+0000] {task_command.py:467} INFO - Running <TaskInstance: example_distributed_celery_fixed_sleep.tarefa_5 manual__2026-07-04T04:11:29.327919+00:00 [running]> on host d0b5e37644dc
[2026-07-04T04:12:03.091+0000] {taskinstance.py:3132} INFO - Exporting env vars: AIRFLOW_CTX_DAG_OWNER='***' AIRFLOW_CTX_DAG_ID='example_distributed_celery_fixed_sleep' AIRFLOW_CTX_TASK_ID='tarefa_5' AIRFLOW_CTX_EXECUTION_DATE='2026-07-04T04:11:29.327919+00:00' AIRFLOW_CTX_TRY_NUMBER='1' AIRFLOW_CTX_DAG_RUN_ID='manual__2026-07-04T04:11:29.327919+00:00'
[2026-07-04T04:12:03.092+0000] {taskinstance.py:731} INFO - ::endgroup::
[2026-07-04T04:12:03.100+0000] {logging_mixin.py:190} INFO - ==================================================
[2026-07-04T04:12:03.101+0000] {logging_mixin.py:190} INFO - Tarefa: 5
[2026-07-04T04:12:03.101+0000] {logging_mixin.py:190} INFO - Worker: d0b5e37644dc
[2026-07-04T04:12:03.102+0000] {logging_mixin.py:190} INFO - Início: 2026-07-04 04:12:03.102713
[2026-07-04T04:12:03.103+0000] {logging_mixin.py:190} INFO - ==================================================
[2026-07-04T04:12:23.104+0000] {logging_mixin.py:190} INFO - Tarefa 5 finalizada em d0b5e37644dc
[2026-07-04T04:12:23.105+0000] {python.py:240} INFO - Done. Returned value was: {'tarefa': 5, 'worker': 'd0b5e37644dc'}
[2026-07-04T04:12:23.192+0000] {taskinstance.py:340} INFO - ::group::Post task execution logs
[2026-07-04T04:12:23.193+0000] {taskinstance.py:352} INFO - Marking task as SUCCESS. dag_id=example_distributed_celery_fixed_sleep, task_id=tarefa_5, run_id=manual__2026-07-04T04:11:29.327919+00:00, execution_date=20260704T041129, start_date=20260704T041149, end_date=20260704T041223
[2026-07-04T04:12:23.285+0000] {local_task_job_runner.py:266} INFO - Task exited with return code 0
[2026-07-04T04:12:23.303+0000] {local_task_job_runner.py:245} INFO - ::endgroup::
