[2026-07-04T16:26:15.823+0000] {local_task_job_runner.py:123} INFO - ::group::Pre task execution logs
[2026-07-04T16:26:15.849+0000] {taskinstance.py:2613} INFO - Dependencies all met for dep_context=non-requeueable deps ti=<TaskInstance: shopbrasil_panorama_precos.analise.consolidar manual__2026-07-04T16:25:58.768339+00:00 [queued]>
[2026-07-04T16:26:15.864+0000] {taskinstance.py:2613} INFO - Dependencies all met for dep_context=requeueable deps ti=<TaskInstance: shopbrasil_panorama_precos.analise.consolidar manual__2026-07-04T16:25:58.768339+00:00 [queued]>
[2026-07-04T16:26:15.865+0000] {taskinstance.py:2866} INFO - Starting attempt 1 of 4
[2026-07-04T16:26:15.888+0000] {taskinstance.py:2889} INFO - Executing <Task(_PythonDecoratedOperator): analise.consolidar> on 2026-07-04 16:25:58.768339+00:00
[2026-07-04T16:26:15.898+0000] {warnings.py:112} WARNING - /home/***/.local/lib/python3.12/site-packages/***/task/task_runner/standard_task_runner.py:70: DeprecationWarning: This process (pid=124) is multi-threaded, use of fork() may lead to deadlocks in the child.
  pid = os.fork()

[2026-07-04T16:26:15.901+0000] {standard_task_runner.py:72} INFO - Started process 125 to run task
[2026-07-04T16:26:15.901+0000] {standard_task_runner.py:104} INFO - Running: ['***', 'tasks', 'run', 'shopbrasil_panorama_precos', 'analise.consolidar', 'manual__2026-07-04T16:25:58.768339+00:00', '--job-id', '32', '--raw', '--subdir', 'DAGS_FOLDER/shopbrasil_panorama_precos.py', '--cfg-path', '/tmp/tmpkhjvs5sm']
[2026-07-04T16:26:15.904+0000] {standard_task_runner.py:105} INFO - Job 32: Subtask analise.consolidar
[2026-07-04T16:26:16.107+0000] {taskinstance.py:3132} INFO - Exporting env vars: AIRFLOW_CTX_DAG_OWNER='shopbrasil_data' AIRFLOW_CTX_DAG_ID='shopbrasil_panorama_precos' AIRFLOW_CTX_TASK_ID='analise.consolidar' AIRFLOW_CTX_EXECUTION_DATE='2026-07-04T16:25:58.768339+00:00' AIRFLOW_CTX_TRY_NUMBER='1' AIRFLOW_CTX_DAG_RUN_ID='manual__2026-07-04T16:25:58.768339+00:00'
[2026-07-04T16:26:16.109+0000] {taskinstance.py:731} INFO - ::endgroup::
[2026-07-04T16:26:16.125+0000] {transform.py:55} INFO - Consolidadas métricas de 4 categorias
[2026-07-04T16:26:16.126+0000] {shopbrasil_panorama_precos.py:281} INFO - Métricas consolidadas: ['electronics', 'jewelery', "men's clothing", "women's clothing"] | worker=51bb3b06f084
[2026-07-04T16:26:16.127+0000] {python.py:240} INFO - Done. Returned value was: [{'categoria': 'electronics', 'preco_medio': 332.5, 'preco_min': 64.0, 'preco_max': 999.99, 'qtd_produtos': 6}, {'categoria': 'jewelery', 'preco_medio': 221.0, 'preco_min': 9.99, 'preco_max': 695.0, 'qtd_produtos': 4}, {'categoria': "men's clothing", 'preco_medio': 51.06, 'preco_min': 15.99, 'preco_max': 109.95, 'qtd_produtos': 4}, {'categoria': "women's clothing", 'preco_medio': 26.29, 'preco_min': 7.95, 'preco_max': 56.99, 'qtd_produtos': 6}]
[2026-07-04T16:26:16.155+0000] {taskinstance.py:340} INFO - ::group::Post task execution logs
[2026-07-04T16:26:16.155+0000] {taskinstance.py:352} INFO - Marking task as SUCCESS. dag_id=shopbrasil_panorama_precos, task_id=analise.consolidar, run_id=manual__2026-07-04T16:25:58.768339+00:00, execution_date=20260704T162558, start_date=20260704T162615, end_date=20260704T162616
[2026-07-04T16:26:16.197+0000] {local_task_job_runner.py:266} INFO - Task exited with return code 0
[2026-07-04T16:26:16.231+0000] {taskinstance.py:3895} INFO - 1 downstream tasks scheduled from follow-on schedule check
[2026-07-04T16:26:16.236+0000] {local_task_job_runner.py:245} INFO - ::endgroup::
