[2026-07-04T07:30:31.678+0000] {local_task_job_runner.py:123} INFO - ::group::Pre task execution logs
[2026-07-04T07:30:31.701+0000] {taskinstance.py:2613} INFO - Dependencies all met for dep_context=non-requeueable deps ti=<TaskInstance: shopbrasil_panorama_precos.analise.calcular_metricas manual__2026-07-04T07:30:24+00:00 map_index=0 [queued]>
[2026-07-04T07:30:31.715+0000] {taskinstance.py:2613} INFO - Dependencies all met for dep_context=requeueable deps ti=<TaskInstance: shopbrasil_panorama_precos.analise.calcular_metricas manual__2026-07-04T07:30:24+00:00 map_index=0 [queued]>
[2026-07-04T07:30:31.716+0000] {taskinstance.py:2866} INFO - Starting attempt 1 of 4
[2026-07-04T07:30:31.734+0000] {taskinstance.py:2889} INFO - Executing <Mapped(_PythonDecoratedOperator): analise.calcular_metricas> on 2026-07-04 07:30:24+00:00
[2026-07-04T07:30:31.740+0000] {warnings.py:112} WARNING - /home/***/.local/lib/python3.12/site-packages/***/task/task_runner/standard_task_runner.py:70: DeprecationWarning: This process (pid=96) is multi-threaded, use of fork() may lead to deadlocks in the child.
  pid = os.fork()

[2026-07-04T07:30:31.741+0000] {standard_task_runner.py:72} INFO - Started process 97 to run task
[2026-07-04T07:30:31.742+0000] {standard_task_runner.py:104} INFO - Running: ['***', 'tasks', 'run', 'shopbrasil_panorama_precos', 'analise.calcular_metricas', 'manual__2026-07-04T07:30:24+00:00', '--job-id', '32', '--raw', '--subdir', 'DAGS_FOLDER/shopbrasil_panorama_precos.py', '--cfg-path', '/tmp/tmplfe0b5rn', '--map-index', '0']
[2026-07-04T07:30:31.744+0000] {standard_task_runner.py:105} INFO - Job 32: Subtask analise.calcular_metricas
[2026-07-04T07:30:31.815+0000] {task_command.py:467} INFO - Running <TaskInstance: shopbrasil_panorama_precos.analise.calcular_metricas manual__2026-07-04T07:30:24+00:00 map_index=0 [running]> on host 34bb539d94d1
[2026-07-04T07:30:31.972+0000] {taskinstance.py:3132} INFO - Exporting env vars: AIRFLOW_CTX_DAG_OWNER='shopbrasil_data' AIRFLOW_CTX_DAG_ID='shopbrasil_panorama_precos' AIRFLOW_CTX_TASK_ID='analise.calcular_metricas' AIRFLOW_CTX_EXECUTION_DATE='2026-07-04T07:30:24+00:00' AIRFLOW_CTX_TRY_NUMBER='1' AIRFLOW_CTX_DAG_RUN_ID='manual__2026-07-04T07:30:24+00:00'
[2026-07-04T07:30:31.974+0000] {taskinstance.py:731} INFO - ::endgroup::
[2026-07-04T07:30:31.977+0000] {shopbrasil_panorama_precos.py:260} INFO - Calculando métricas — categoria=electronics | pool=ecommerce_pool | worker=34bb539d94d1
[2026-07-04T07:30:31.977+0000] {transform.py:40} INFO - ✓ electronics — médio=332.50 | min=64.00 | max=999.99 | qtd=6
[2026-07-04T07:30:31.978+0000] {python.py:240} INFO - Done. Returned value was: {'categoria': 'electronics', 'preco_medio': 332.5, 'preco_min': 64.0, 'preco_max': 999.99, 'qtd_produtos': 6}
[2026-07-04T07:30:32.030+0000] {taskinstance.py:340} INFO - ::group::Post task execution logs
[2026-07-04T07:30:32.031+0000] {taskinstance.py:352} INFO - Marking task as SUCCESS. dag_id=shopbrasil_panorama_precos, task_id=analise.calcular_metricas, run_id=manual__2026-07-04T07:30:24+00:00, map_index=0, execution_date=20260704T073024, start_date=20260704T073031, end_date=20260704T073032
[2026-07-04T07:30:32.091+0000] {local_task_job_runner.py:266} INFO - Task exited with return code 0
[2026-07-04T07:30:32.116+0000] {taskinstance.py:3895} INFO - 0 downstream tasks scheduled from follow-on schedule check
[2026-07-04T07:30:32.123+0000] {local_task_job_runner.py:245} INFO - ::endgroup::
