[2026-07-04T07:31:39.794+0000] {local_task_job_runner.py:123} INFO - ::group::Pre task execution logs
[2026-07-04T07:31:39.813+0000] {taskinstance.py:2613} INFO - Dependencies all met for dep_context=non-requeueable deps ti=<TaskInstance: shopbrasil_panorama_precos.ingestao.listar_categorias manual__2026-07-04T07:31:34.950744+00:00 [queued]>
[2026-07-04T07:31:39.826+0000] {taskinstance.py:2613} INFO - Dependencies all met for dep_context=requeueable deps ti=<TaskInstance: shopbrasil_panorama_precos.ingestao.listar_categorias manual__2026-07-04T07:31:34.950744+00:00 [queued]>
[2026-07-04T07:31:39.828+0000] {taskinstance.py:2866} INFO - Starting attempt 1 of 4
[2026-07-04T07:31:39.844+0000] {taskinstance.py:2889} INFO - Executing <Task(_PythonDecoratedOperator): ingestao.listar_categorias> on 2026-07-04 07:31:34.950744+00:00
[2026-07-04T07:31:39.851+0000] {warnings.py:112} WARNING - /home/***/.local/lib/python3.12/site-packages/***/task/task_runner/standard_task_runner.py:70: DeprecationWarning: This process (pid=122) is multi-threaded, use of fork() may lead to deadlocks in the child.
  pid = os.fork()

[2026-07-04T07:31:39.852+0000] {standard_task_runner.py:72} INFO - Started process 123 to run task
[2026-07-04T07:31:39.853+0000] {standard_task_runner.py:104} INFO - Running: ['***', 'tasks', 'run', 'shopbrasil_panorama_precos', 'ingestao.listar_categorias', 'manual__2026-07-04T07:31:34.950744+00:00', '--job-id', '40', '--raw', '--subdir', 'DAGS_FOLDER/shopbrasil_panorama_precos.py', '--cfg-path', '/tmp/tmpl2jsnlys']
[2026-07-04T07:31:39.854+0000] {standard_task_runner.py:105} INFO - Job 40: Subtask ingestao.listar_categorias
[2026-07-04T07:31:39.934+0000] {task_command.py:467} INFO - Running <TaskInstance: shopbrasil_panorama_precos.ingestao.listar_categorias manual__2026-07-04T07:31:34.950744+00:00 [running]> on host 34bb539d94d1
[2026-07-04T07:31:40.052+0000] {taskinstance.py:3132} INFO - Exporting env vars: AIRFLOW_CTX_DAG_OWNER='shopbrasil_data' AIRFLOW_CTX_DAG_ID='shopbrasil_panorama_precos' AIRFLOW_CTX_TASK_ID='ingestao.listar_categorias' AIRFLOW_CTX_EXECUTION_DATE='2026-07-04T07:31:34.950744+00:00' AIRFLOW_CTX_TRY_NUMBER='1' AIRFLOW_CTX_DAG_RUN_ID='manual__2026-07-04T07:31:34.950744+00:00'
[2026-07-04T07:31:40.053+0000] {taskinstance.py:731} INFO - ::endgroup::
[2026-07-04T07:31:40.056+0000] {shopbrasil_panorama_precos.py:220} INFO - Listando categorias a partir de 20 produtos | worker=34bb539d94d1
[2026-07-04T07:31:40.056+0000] {categories.py:29} INFO - ✓ categoria=electronics — 6 produto(s)
[2026-07-04T07:31:40.057+0000] {categories.py:29} INFO - ✓ categoria=jewelery — 4 produto(s)
[2026-07-04T07:31:40.057+0000] {categories.py:29} INFO - ✓ categoria=men's clothing — 4 produto(s)
[2026-07-04T07:31:40.057+0000] {categories.py:29} INFO - ✓ categoria=women's clothing — 6 produto(s)
[2026-07-04T07:31:40.057+0000] {categories.py:31} INFO - Total de categorias listadas: 4
[2026-07-04T07:31:40.058+0000] {shopbrasil_panorama_precos.py:232} INFO - Categorias para fan-out: ['electronics', 'jewelery', "men's clothing", "women's clothing"]
[2026-07-04T07:31:40.058+0000] {python.py:240} INFO - Done. Returned value was: ['electronics', 'jewelery', "men's clothing", "women's clothing"]
[2026-07-04T07:31:40.099+0000] {taskinstance.py:340} INFO - ::group::Post task execution logs
[2026-07-04T07:31:40.100+0000] {taskinstance.py:352} INFO - Marking task as SUCCESS. dag_id=shopbrasil_panorama_precos, task_id=ingestao.listar_categorias, run_id=manual__2026-07-04T07:31:34.950744+00:00, execution_date=20260704T073134, start_date=20260704T073139, end_date=20260704T073140
[2026-07-04T07:31:40.133+0000] {local_task_job_runner.py:266} INFO - Task exited with return code 0
[2026-07-04T07:31:40.240+0000] {taskinstance.py:3895} INFO - 4 downstream tasks scheduled from follow-on schedule check
[2026-07-04T07:31:40.245+0000] {local_task_job_runner.py:245} INFO - ::endgroup::
