[2026-07-04T04:16:12.223+0000] {local_task_job_runner.py:123} INFO - ::group::Pre task execution logs
[2026-07-04T04:16:12.709+0000] {taskinstance.py:2613} INFO - Dependencies all met for dep_context=non-requeueable deps ti=<TaskInstance: example_distributed_celery_fixed_sleep.tarefa_4 manual__2026-07-04T04:11:29.327919+00:00 [queued]>
[2026-07-04T04:16:12.853+0000] {taskinstance.py:2613} INFO - Dependencies all met for dep_context=requeueable deps ti=<TaskInstance: example_distributed_celery_fixed_sleep.tarefa_4 manual__2026-07-04T04:11:29.327919+00:00 [queued]>
[2026-07-04T04:16:12.854+0000] {taskinstance.py:2866} INFO - Starting attempt 1 of 1
[2026-07-04T04:16:12.992+0000] {taskinstance.py:2889} INFO - Executing <Task(_PythonDecoratedOperator): tarefa_4> on 2026-07-04 04:11:29.327919+00:00
[2026-07-04T04:16:13.014+0000] {warnings.py:112} WARNING - /home/***/.local/lib/python3.12/site-packages/***/task/task_runner/standard_task_runner.py:70: DeprecationWarning: This process (pid=735) is multi-threaded, use of fork() may lead to deadlocks in the child.
  pid = os.fork()

[2026-07-04T04:16:13.136+0000] {standard_task_runner.py:72} INFO - Started process 754 to run task
[2026-07-04T04:16:13.140+0000] {standard_task_runner.py:104} INFO - Running: ['***', 'tasks', 'run', 'example_distributed_celery_fixed_sleep', 'tarefa_4', 'manual__2026-07-04T04:11:29.327919+00:00', '--job-id', '18', '--raw', '--subdir', 'DAGS_FOLDER/example_distributed_2.py', '--cfg-path', '/tmp/tmpco1wfqu1']
[2026-07-04T04:16:13.173+0000] {standard_task_runner.py:105} INFO - Job 18: Subtask tarefa_4
[2026-07-04T04:16:13.530+0000] {task_command.py:467} INFO - Running <TaskInstance: example_distributed_celery_fixed_sleep.tarefa_4 manual__2026-07-04T04:11:29.327919+00:00 [running]> on host d0b5e37644dc
[2026-07-04T04:16:14.274+0000] {taskinstance.py:3132} INFO - Exporting env vars: AIRFLOW_CTX_DAG_OWNER='***' AIRFLOW_CTX_DAG_ID='example_distributed_celery_fixed_sleep' AIRFLOW_CTX_TASK_ID='tarefa_4' AIRFLOW_CTX_EXECUTION_DATE='2026-07-04T04:11:29.327919+00:00' AIRFLOW_CTX_TRY_NUMBER='1' AIRFLOW_CTX_DAG_RUN_ID='manual__2026-07-04T04:11:29.327919+00:00'
[2026-07-04T04:16:14.276+0000] {taskinstance.py:731} INFO - ::endgroup::
[2026-07-04T04:16:14.331+0000] {logging_mixin.py:190} INFO - ==================================================
[2026-07-04T04:16:14.331+0000] {logging_mixin.py:190} INFO - Tarefa: 4
[2026-07-04T04:16:14.332+0000] {logging_mixin.py:190} INFO - Worker: d0b5e37644dc
[2026-07-04T04:16:14.332+0000] {logging_mixin.py:190} INFO - Início: 2026-07-04 04:16:14.332259
[2026-07-04T04:16:14.333+0000] {logging_mixin.py:190} INFO - ==================================================
[2026-07-04T04:16:34.335+0000] {logging_mixin.py:190} INFO - Tarefa 4 finalizada em d0b5e37644dc
[2026-07-04T04:16:34.358+0000] {python.py:240} INFO - Done. Returned value was: {'tarefa': 4, 'worker': 'd0b5e37644dc'}
[2026-07-04T04:16:34.472+0000] {taskinstance.py:340} INFO - ::group::Post task execution logs
[2026-07-04T04:16:34.484+0000] {taskinstance.py:352} INFO - Marking task as SUCCESS. dag_id=example_distributed_celery_fixed_sleep, task_id=tarefa_4, run_id=manual__2026-07-04T04:11:29.327919+00:00, execution_date=20260704T041129, start_date=20260704T041612, end_date=20260704T041634
[2026-07-04T04:16:34.603+0000] {local_task_job_runner.py:266} INFO - Task exited with return code 0
[2026-07-04T04:16:34.695+0000] {taskinstance.py:3895} INFO - 0 downstream tasks scheduled from follow-on schedule check
[2026-07-04T04:16:34.710+0000] {local_task_job_runner.py:245} INFO - ::endgroup::
