[2026-07-04T04:15:04.962+0000] {local_task_job_runner.py:123} INFO - ::group::Pre task execution logs
[2026-07-04T04:15:08.175+0000] {taskinstance.py:2613} INFO - Dependencies all met for dep_context=non-requeueable deps ti=<TaskInstance: example_distributed_celery_fixed_sleep.tarefa_6 manual__2026-07-04T04:11:29.327919+00:00 [queued]>
[2026-07-04T04:15:10.226+0000] {taskinstance.py:2613} INFO - Dependencies all met for dep_context=requeueable deps ti=<TaskInstance: example_distributed_celery_fixed_sleep.tarefa_6 manual__2026-07-04T04:11:29.327919+00:00 [queued]>
[2026-07-04T04:15:10.229+0000] {taskinstance.py:2866} INFO - Starting attempt 1 of 1
[2026-07-04T04:15:11.067+0000] {taskinstance.py:2889} INFO - Executing <Task(_PythonDecoratedOperator): tarefa_6> on 2026-07-04 04:11:29.327919+00:00
[2026-07-04T04:15:11.437+0000] {warnings.py:112} WARNING - /home/***/.local/lib/python3.12/site-packages/***/task/task_runner/standard_task_runner.py:70: DeprecationWarning: This process (pid=717) is multi-threaded, use of fork() may lead to deadlocks in the child.
  pid = os.fork()

[2026-07-04T04:15:11.899+0000] {standard_task_runner.py:72} INFO - Started process 736 to run task
[2026-07-04T04:15:11.520+0000] {standard_task_runner.py:104} INFO - Running: ['***', 'tasks', 'run', 'example_distributed_celery_fixed_sleep', 'tarefa_6', 'manual__2026-07-04T04:11:29.327919+00:00', '--job-id', '16', '--raw', '--subdir', 'DAGS_FOLDER/example_distributed_2.py', '--cfg-path', '/tmp/tmp8sivlv9n']
[2026-07-04T04:15:11.900+0000] {standard_task_runner.py:105} INFO - Job 16: Subtask tarefa_6
[2026-07-04T04:15:13.436+0000] {task_command.py:467} INFO - Running <TaskInstance: example_distributed_celery_fixed_sleep.tarefa_6 manual__2026-07-04T04:11:29.327919+00:00 [running]> on host d0b5e37644dc
[2026-07-04T04:15:18.051+0000] {taskinstance.py:3132} INFO - Exporting env vars: AIRFLOW_CTX_DAG_OWNER='***' AIRFLOW_CTX_DAG_ID='example_distributed_celery_fixed_sleep' AIRFLOW_CTX_TASK_ID='tarefa_6' AIRFLOW_CTX_EXECUTION_DATE='2026-07-04T04:11:29.327919+00:00' AIRFLOW_CTX_TRY_NUMBER='1' AIRFLOW_CTX_DAG_RUN_ID='manual__2026-07-04T04:11:29.327919+00:00'
[2026-07-04T04:15:18.097+0000] {taskinstance.py:731} INFO - ::endgroup::
[2026-07-04T04:15:19.263+0000] {logging_mixin.py:190} INFO - ==================================================
[2026-07-04T04:15:19.265+0000] {logging_mixin.py:190} INFO - Tarefa: 6
[2026-07-04T04:15:19.267+0000] {logging_mixin.py:190} INFO - Worker: d0b5e37644dc
[2026-07-04T04:15:19.267+0000] {logging_mixin.py:190} INFO - Início: 2026-07-04 04:15:19.267721
[2026-07-04T04:15:19.268+0000] {logging_mixin.py:190} INFO - ==================================================
[2026-07-04T04:15:22.835+0000] {job.py:229} INFO - Heartbeat recovered after 23.02 seconds
[2026-07-04T04:15:39.270+0000] {logging_mixin.py:190} INFO - Tarefa 6 finalizada em d0b5e37644dc
[2026-07-04T04:15:39.300+0000] {python.py:240} INFO - Done. Returned value was: {'tarefa': 6, 'worker': 'd0b5e37644dc'}
[2026-07-04T04:15:39.693+0000] {taskinstance.py:340} INFO - ::group::Post task execution logs
[2026-07-04T04:15:39.736+0000] {taskinstance.py:352} INFO - Marking task as SUCCESS. dag_id=example_distributed_celery_fixed_sleep, task_id=tarefa_6, run_id=manual__2026-07-04T04:11:29.327919+00:00, execution_date=20260704T041129, start_date=20260704T041508, end_date=20260704T041539
[2026-07-04T04:15:40.526+0000] {local_task_job_runner.py:266} INFO - Task exited with return code 0
[2026-07-04T04:15:40.795+0000] {taskinstance.py:3895} INFO - 0 downstream tasks scheduled from follow-on schedule check
[2026-07-04T04:15:40.805+0000] {local_task_job_runner.py:245} INFO - ::endgroup::
