[2026-07-04T07:30:26.316+0000] {local_task_job_runner.py:123} INFO - ::group::Pre task execution logs
[2026-07-04T07:30:26.333+0000] {taskinstance.py:2613} INFO - Dependencies all met for dep_context=non-requeueable deps ti=<TaskInstance: shopbrasil_panorama_precos.ingestao.buscar_produtos manual__2026-07-04T07:30:24+00:00 [queued]>
[2026-07-04T07:30:26.342+0000] {taskinstance.py:2613} INFO - Dependencies all met for dep_context=requeueable deps ti=<TaskInstance: shopbrasil_panorama_precos.ingestao.buscar_produtos manual__2026-07-04T07:30:24+00:00 [queued]>
[2026-07-04T07:30:26.342+0000] {taskinstance.py:2866} INFO - Starting attempt 1 of 4
[2026-07-04T07:30:26.382+0000] {taskinstance.py:2889} INFO - Executing <Task(_PythonDecoratedOperator): ingestao.buscar_produtos> on 2026-07-04 07:30:24+00:00
[2026-07-04T07:30:26.387+0000] {warnings.py:112} WARNING - /home/***/.local/lib/python3.12/site-packages/***/task/task_runner/standard_task_runner.py:70: DeprecationWarning: This process (pid=93) is multi-threaded, use of fork() may lead to deadlocks in the child.
  pid = os.fork()

[2026-07-04T07:30:26.389+0000] {standard_task_runner.py:72} INFO - Started process 94 to run task
[2026-07-04T07:30:26.389+0000] {standard_task_runner.py:104} INFO - Running: ['***', 'tasks', 'run', 'shopbrasil_panorama_precos', 'ingestao.buscar_produtos', 'manual__2026-07-04T07:30:24+00:00', '--job-id', '28', '--raw', '--subdir', 'DAGS_FOLDER/shopbrasil_panorama_precos.py', '--cfg-path', '/tmp/tmpebmz58es']
[2026-07-04T07:30:26.390+0000] {standard_task_runner.py:105} INFO - Job 28: Subtask ingestao.buscar_produtos
[2026-07-04T07:30:26.447+0000] {task_command.py:467} INFO - Running <TaskInstance: shopbrasil_panorama_precos.ingestao.buscar_produtos manual__2026-07-04T07:30:24+00:00 [running]> on host abe2e4aa50a8
[2026-07-04T07:30:26.570+0000] {taskinstance.py:3132} INFO - Exporting env vars: AIRFLOW_CTX_DAG_OWNER='shopbrasil_data' AIRFLOW_CTX_DAG_ID='shopbrasil_panorama_precos' AIRFLOW_CTX_TASK_ID='ingestao.buscar_produtos' AIRFLOW_CTX_EXECUTION_DATE='2026-07-04T07:30:24+00:00' AIRFLOW_CTX_TRY_NUMBER='1' AIRFLOW_CTX_DAG_RUN_ID='manual__2026-07-04T07:30:24+00:00'
[2026-07-04T07:30:26.572+0000] {taskinstance.py:731} INFO - ::endgroup::
[2026-07-04T07:30:26.591+0000] {shopbrasil_panorama_precos.py:150} INFO - Buscando produtos na FakeStore API: https://fakestoreapi.com/products | worker=abe2e4aa50a8
[2026-07-04T07:30:27.052+0000] {shopbrasil_panorama_precos.py:178} INFO - ✓ produto id=1 — categoria=men's clothing — preço=109.95
[2026-07-04T07:30:27.053+0000] {shopbrasil_panorama_precos.py:178} INFO - ✓ produto id=2 — categoria=men's clothing — preço=22.30
[2026-07-04T07:30:27.053+0000] {shopbrasil_panorama_precos.py:178} INFO - ✓ produto id=3 — categoria=men's clothing — preço=55.99
[2026-07-04T07:30:27.053+0000] {shopbrasil_panorama_precos.py:178} INFO - ✓ produto id=4 — categoria=men's clothing — preço=15.99
[2026-07-04T07:30:27.053+0000] {shopbrasil_panorama_precos.py:178} INFO - ✓ produto id=5 — categoria=jewelery — preço=695.00
[2026-07-04T07:30:27.053+0000] {shopbrasil_panorama_precos.py:178} INFO - ✓ produto id=6 — categoria=jewelery — preço=168.00
[2026-07-04T07:30:27.054+0000] {shopbrasil_panorama_precos.py:178} INFO - ✓ produto id=7 — categoria=jewelery — preço=9.99
[2026-07-04T07:30:27.054+0000] {shopbrasil_panorama_precos.py:178} INFO - ✓ produto id=8 — categoria=jewelery — preço=10.99
[2026-07-04T07:30:27.054+0000] {shopbrasil_panorama_precos.py:178} INFO - ✓ produto id=9 — categoria=electronics — preço=64.00
[2026-07-04T07:30:27.055+0000] {shopbrasil_panorama_precos.py:178} INFO - ✓ produto id=10 — categoria=electronics — preço=109.00
[2026-07-04T07:30:27.055+0000] {shopbrasil_panorama_precos.py:178} INFO - ✓ produto id=11 — categoria=electronics — preço=109.00
[2026-07-04T07:30:27.055+0000] {shopbrasil_panorama_precos.py:178} INFO - ✓ produto id=12 — categoria=electronics — preço=114.00
[2026-07-04T07:30:27.056+0000] {shopbrasil_panorama_precos.py:178} INFO - ✓ produto id=13 — categoria=electronics — preço=599.00
[2026-07-04T07:30:27.056+0000] {shopbrasil_panorama_precos.py:178} INFO - ✓ produto id=14 — categoria=electronics — preço=999.99
[2026-07-04T07:30:27.057+0000] {shopbrasil_panorama_precos.py:178} INFO - ✓ produto id=15 — categoria=women's clothing — preço=56.99
[2026-07-04T07:30:27.057+0000] {shopbrasil_panorama_precos.py:178} INFO - ✓ produto id=16 — categoria=women's clothing — preço=29.95
[2026-07-04T07:30:27.057+0000] {shopbrasil_panorama_precos.py:178} INFO - ✓ produto id=17 — categoria=women's clothing — preço=39.99
[2026-07-04T07:30:27.057+0000] {shopbrasil_panorama_precos.py:178} INFO - ✓ produto id=18 — categoria=women's clothing — preço=9.85
[2026-07-04T07:30:27.057+0000] {shopbrasil_panorama_precos.py:178} INFO - ✓ produto id=19 — categoria=women's clothing — preço=7.95
[2026-07-04T07:30:27.058+0000] {shopbrasil_panorama_precos.py:178} INFO - ✓ produto id=20 — categoria=women's clothing — preço=12.99
[2026-07-04T07:30:27.058+0000] {shopbrasil_panorama_precos.py:192} INFO - Total de produtos coletados: 20
[2026-07-04T07:30:27.059+0000] {python.py:240} INFO - Done. Returned value was: [{'id': 1, 'price': 109.95, 'category': "men's clothing"}, {'id': 2, 'price': 22.3, 'category': "men's clothing"}, {'id': 3, 'price': 55.99, 'category': "men's clothing"}, {'id': 4, 'price': 15.99, 'category': "men's clothing"}, {'id': 5, 'price': 695.0, 'category': 'jewelery'}, {'id': 6, 'price': 168.0, 'category': 'jewelery'}, {'id': 7, 'price': 9.99, 'category': 'jewelery'}, {'id': 8, 'price': 10.99, 'category': 'jewelery'}, {'id': 9, 'price': 64.0, 'category': 'electronics'}, {'id': 10, 'price': 109.0, 'category': 'electronics'}, {'id': 11, 'price': 109.0, 'category': 'electronics'}, {'id': 12, 'price': 114.0, 'category': 'electronics'}, {'id': 13, 'price': 599.0, 'category': 'electronics'}, {'id': 14, 'price': 999.99, 'category': 'electronics'}, {'id': 15, 'price': 56.99, 'category': "women's clothing"}, {'id': 16, 'price': 29.95, 'category': "women's clothing"}, {'id': 17, 'price': 39.99, 'category': "women's clothing"}, {'id': 18, 'price': 9.85, 'category': "women's clothing"}, {'id': 19, 'price': 7.95, 'category': "women's clothing"}, {'id': 20, 'price': 12.99, 'category': "women's clothing"}]
[2026-07-04T07:30:27.099+0000] {taskinstance.py:340} INFO - ::group::Post task execution logs
[2026-07-04T07:30:27.100+0000] {taskinstance.py:352} INFO - Marking task as SUCCESS. dag_id=shopbrasil_panorama_precos, task_id=ingestao.buscar_produtos, run_id=manual__2026-07-04T07:30:24+00:00, execution_date=20260704T073024, start_date=20260704T073026, end_date=20260704T073027
[2026-07-04T07:30:27.100+0000] {taskinstance.py:1563} INFO - Executing callback at index 0: on_success_callback
[2026-07-04T07:30:27.100+0000] {callbacks.py:46} INFO - SHOPBRASIL ✓ SUCESSO | task=ingestao.buscar_produtos | run=manual__2026-07-04T07:30:24+00:00 | tentativa=1
[2026-07-04T07:30:27.400+0000] {base.py:84} INFO - Retrieving connection 'postgres_lab'
[2026-07-04T07:30:27.442+0000] {sql.py:544} INFO - Running statement: 
            INSERT INTO etl_log (dag_id, run_id, task_id, status, registros, mensagem)
            VALUES (%s, %s, %s, %s, %s, %s)
            , parameters: ('shopbrasil_panorama_precos', 'manual__2026-07-04T07:30:24+00:00', 'ingestao.buscar_produtos', 'success', 0, 'Ingestão concluída na tentativa 1')
[2026-07-04T07:30:27.444+0000] {sql.py:553} INFO - Rows affected: 1
[2026-07-04T07:30:27.507+0000] {local_task_job_runner.py:266} INFO - Task exited with return code 0
[2026-07-04T07:30:27.544+0000] {taskinstance.py:3895} INFO - 1 downstream tasks scheduled from follow-on schedule check
[2026-07-04T07:30:27.549+0000] {local_task_job_runner.py:245} INFO - ::endgroup::
