[2026-07-04T16:03:26.233+0000] {local_task_job_runner.py:123} INFO - ::group::Pre task execution logs
[2026-07-04T16:03:26.271+0000] {taskinstance.py:2613} INFO - Dependencies all met for dep_context=non-requeueable deps ti=<TaskInstance: shopbrasil_panorama_precos.analise.consolidar scheduled__2026-07-04T09:00:00+00:00 [queued]>
[2026-07-04T16:03:26.286+0000] {taskinstance.py:2613} INFO - Dependencies all met for dep_context=requeueable deps ti=<TaskInstance: shopbrasil_panorama_precos.analise.consolidar scheduled__2026-07-04T09:00:00+00:00 [queued]>
[2026-07-04T16:03:26.287+0000] {taskinstance.py:2866} INFO - Starting attempt 1 of 4
[2026-07-04T16:03:26.311+0000] {taskinstance.py:2889} INFO - Executing <Task(_PythonDecoratedOperator): analise.consolidar> on 2026-07-04 09:00:00+00:00
[2026-07-04T16:03:26.325+0000] {warnings.py:112} WARNING - /home/***/.local/lib/python3.12/site-packages/***/task/task_runner/standard_task_runner.py:70: DeprecationWarning: This process (pid=289) is multi-threaded, use of fork() may lead to deadlocks in the child.
  pid = os.fork()

[2026-07-04T16:03:26.328+0000] {standard_task_runner.py:72} INFO - Started process 290 to run task
[2026-07-04T16:03:26.329+0000] {standard_task_runner.py:104} INFO - Running: ['***', 'tasks', 'run', 'shopbrasil_panorama_precos', 'analise.consolidar', 'scheduled__2026-07-04T09:00:00+00:00', '--job-id', '12', '--raw', '--subdir', 'DAGS_FOLDER/shopbrasil_panorama_precos.py', '--cfg-path', '/tmp/tmp57p6jcwa']
[2026-07-04T16:03:26.334+0000] {standard_task_runner.py:105} INFO - Job 12: Subtask analise.consolidar
[2026-07-04T16:03:26.603+0000] {taskinstance.py:3132} INFO - Exporting env vars: AIRFLOW_CTX_DAG_OWNER='shopbrasil_data' AIRFLOW_CTX_DAG_ID='shopbrasil_panorama_precos' AIRFLOW_CTX_TASK_ID='analise.consolidar' AIRFLOW_CTX_EXECUTION_DATE='2026-07-04T09:00:00+00:00' AIRFLOW_CTX_TRY_NUMBER='1' AIRFLOW_CTX_DAG_RUN_ID='scheduled__2026-07-04T09:00:00+00:00'
[2026-07-04T16:03:26.606+0000] {taskinstance.py:731} INFO - ::endgroup::
[2026-07-04T16:03:26.621+0000] {transform.py:55} INFO - Consolidadas métricas de 4 categorias
[2026-07-04T16:03:26.621+0000] {shopbrasil_panorama_precos.py:281} INFO - Métricas consolidadas: ['electronics', 'jewelery', "men's clothing", "women's clothing"] | worker=f809651dadcb
[2026-07-04T16:03:26.622+0000] {python.py:240} INFO - Done. Returned value was: [{'categoria': 'electronics', 'preco_medio': 332.5, 'preco_min': 64.0, 'preco_max': 999.99, 'qtd_produtos': 6}, {'categoria': 'jewelery', 'preco_medio': 221.0, 'preco_min': 9.99, 'preco_max': 695.0, 'qtd_produtos': 4}, {'categoria': "men's clothing", 'preco_medio': 51.06, 'preco_min': 15.99, 'preco_max': 109.95, 'qtd_produtos': 4}, {'categoria': "women's clothing", 'preco_medio': 26.29, 'preco_min': 7.95, 'preco_max': 56.99, 'qtd_produtos': 6}]
[2026-07-04T16:03:26.644+0000] {taskinstance.py:340} INFO - ::group::Post task execution logs
[2026-07-04T16:03:26.645+0000] {taskinstance.py:352} INFO - Marking task as SUCCESS. dag_id=shopbrasil_panorama_precos, task_id=analise.consolidar, run_id=scheduled__2026-07-04T09:00:00+00:00, execution_date=20260704T090000, start_date=20260704T160326, end_date=20260704T160326
[2026-07-04T16:03:26.709+0000] {local_task_job_runner.py:266} INFO - Task exited with return code 0
[2026-07-04T16:03:26.758+0000] {taskinstance.py:3895} INFO - 1 downstream tasks scheduled from follow-on schedule check
[2026-07-04T16:03:26.763+0000] {local_task_job_runner.py:245} INFO - ::endgroup::
