[2026-07-04T07:30:32.990+0000] {local_task_job_runner.py:123} INFO - ::group::Pre task execution logs
[2026-07-04T07:30:33.025+0000] {taskinstance.py:2613} INFO - Dependencies all met for dep_context=non-requeueable deps ti=<TaskInstance: shopbrasil_panorama_precos.analise.calcular_metricas manual__2026-07-04T07:30:24+00:00 map_index=2 [queued]>
[2026-07-04T07:30:33.068+0000] {taskinstance.py:2613} INFO - Dependencies all met for dep_context=requeueable deps ti=<TaskInstance: shopbrasil_panorama_precos.analise.calcular_metricas manual__2026-07-04T07:30:24+00:00 map_index=2 [queued]>
[2026-07-04T07:30:33.068+0000] {taskinstance.py:2866} INFO - Starting attempt 1 of 4
[2026-07-04T07:30:33.096+0000] {taskinstance.py:2889} INFO - Executing <Mapped(_PythonDecoratedOperator): analise.calcular_metricas> on 2026-07-04 07:30:24+00:00
[2026-07-04T07:30:33.106+0000] {warnings.py:112} WARNING - /home/***/.local/lib/python3.12/site-packages/***/task/task_runner/standard_task_runner.py:70: DeprecationWarning: This process (pid=102) is multi-threaded, use of fork() may lead to deadlocks in the child.
  pid = os.fork()

[2026-07-04T07:30:33.110+0000] {standard_task_runner.py:72} INFO - Started process 103 to run task
[2026-07-04T07:30:33.112+0000] {standard_task_runner.py:104} INFO - Running: ['***', 'tasks', 'run', 'shopbrasil_panorama_precos', 'analise.calcular_metricas', 'manual__2026-07-04T07:30:24+00:00', '--job-id', '34', '--raw', '--subdir', 'DAGS_FOLDER/shopbrasil_panorama_precos.py', '--cfg-path', '/tmp/tmp8nl2u8_h', '--map-index', '2']
[2026-07-04T07:30:33.115+0000] {standard_task_runner.py:105} INFO - Job 34: Subtask analise.calcular_metricas
[2026-07-04T07:30:33.208+0000] {task_command.py:467} INFO - Running <TaskInstance: shopbrasil_panorama_precos.analise.calcular_metricas manual__2026-07-04T07:30:24+00:00 map_index=2 [running]> on host abe2e4aa50a8
[2026-07-04T07:30:33.436+0000] {taskinstance.py:3132} INFO - Exporting env vars: AIRFLOW_CTX_DAG_OWNER='shopbrasil_data' AIRFLOW_CTX_DAG_ID='shopbrasil_panorama_precos' AIRFLOW_CTX_TASK_ID='analise.calcular_metricas' AIRFLOW_CTX_EXECUTION_DATE='2026-07-04T07:30:24+00:00' AIRFLOW_CTX_TRY_NUMBER='1' AIRFLOW_CTX_DAG_RUN_ID='manual__2026-07-04T07:30:24+00:00'
[2026-07-04T07:30:33.439+0000] {taskinstance.py:731} INFO - ::endgroup::
[2026-07-04T07:30:33.444+0000] {shopbrasil_panorama_precos.py:260} INFO - Calculando métricas — categoria=men's clothing | pool=ecommerce_pool | worker=abe2e4aa50a8
[2026-07-04T07:30:33.445+0000] {transform.py:40} INFO - ✓ men's clothing — médio=51.06 | min=15.99 | max=109.95 | qtd=4
[2026-07-04T07:30:33.448+0000] {python.py:240} INFO - Done. Returned value was: {'categoria': "men's clothing", 'preco_medio': 51.06, 'preco_min': 15.99, 'preco_max': 109.95, 'qtd_produtos': 4}
[2026-07-04T07:30:33.483+0000] {taskinstance.py:340} INFO - ::group::Post task execution logs
[2026-07-04T07:30:33.483+0000] {taskinstance.py:352} INFO - Marking task as SUCCESS. dag_id=shopbrasil_panorama_precos, task_id=analise.calcular_metricas, run_id=manual__2026-07-04T07:30:24+00:00, map_index=2, execution_date=20260704T073024, start_date=20260704T073033, end_date=20260704T073033
[2026-07-04T07:30:33.553+0000] {local_task_job_runner.py:266} INFO - Task exited with return code 0
[2026-07-04T07:30:33.566+0000] {local_task_job_runner.py:245} INFO - ::endgroup::
