[2026-08-01T13:18:14.623+0000] {processor.py:186} INFO - Started process (PID=52) to work on /opt/airflow/dags/inflacao_alimentos_mlops.py
[2026-08-01T13:18:14.624+0000] {processor.py:914} INFO - Processing file /opt/airflow/dags/inflacao_alimentos_mlops.py for tasks to queue
[2026-08-01T13:18:14.627+0000] {logging_mixin.py:190} INFO - [2026-08-01T13:18:14.627+0000] {dagbag.py:588} INFO - Filling up the DagBag from /opt/airflow/dags/inflacao_alimentos_mlops.py
[2026-08-01T13:18:14.655+0000] {processor.py:925} INFO - DAG(s) 'inflacao_alimentos_mlops' retrieved from /opt/airflow/dags/inflacao_alimentos_mlops.py
[2026-08-01T13:18:15.030+0000] {logging_mixin.py:190} INFO - [2026-08-01T13:18:15.027+0000] {override.py:1911} INFO - Created Permission View: can read on DAG:inflacao_alimentos_mlops
[2026-08-01T13:18:15.046+0000] {logging_mixin.py:190} INFO - [2026-08-01T13:18:15.045+0000] {override.py:1911} INFO - Created Permission View: can edit on DAG:inflacao_alimentos_mlops
[2026-08-01T13:18:15.306+0000] {logging_mixin.py:190} INFO - [2026-08-01T13:18:15.306+0000] {override.py:1911} INFO - Created Permission View: can delete on DAG:inflacao_alimentos_mlops
[2026-08-01T13:18:15.320+0000] {logging_mixin.py:190} INFO - [2026-08-01T13:18:15.320+0000] {override.py:1911} INFO - Created Permission View: can read on DAG Run:inflacao_alimentos_mlops
[2026-08-01T13:18:15.334+0000] {logging_mixin.py:190} INFO - [2026-08-01T13:18:15.334+0000] {override.py:1911} INFO - Created Permission View: menu access on DAG Run:inflacao_alimentos_mlops
[2026-08-01T13:18:15.346+0000] {logging_mixin.py:190} INFO - [2026-08-01T13:18:15.345+0000] {override.py:1911} INFO - Created Permission View: can create on DAG Run:inflacao_alimentos_mlops
[2026-08-01T13:18:15.356+0000] {logging_mixin.py:190} INFO - [2026-08-01T13:18:15.356+0000] {override.py:1911} INFO - Created Permission View: can delete on DAG Run:inflacao_alimentos_mlops
[2026-08-01T13:18:15.357+0000] {logging_mixin.py:190} INFO - [2026-08-01T13:18:15.357+0000] {dag.py:3239} INFO - Sync 1 DAGs
[2026-08-01T13:18:15.373+0000] {logging_mixin.py:190} INFO - [2026-08-01T13:18:15.372+0000] {dag.py:3262} INFO - Creating ORM DAG for inflacao_alimentos_mlops
[2026-08-01T13:18:15.386+0000] {logging_mixin.py:190} INFO - [2026-08-01T13:18:15.385+0000] {dag.py:4180} INFO - Setting next_dagrun for inflacao_alimentos_mlops to 2026-08-01 03:00:00+00:00, run_after=2026-08-01 03:00:00+00:00
[2026-08-01T13:18:15.413+0000] {processor.py:208} INFO - Processing /opt/airflow/dags/inflacao_alimentos_mlops.py took 0.799 seconds
[2026-08-01T13:18:45.716+0000] {processor.py:186} INFO - Started process (PID=60) to work on /opt/airflow/dags/inflacao_alimentos_mlops.py
[2026-08-01T13:18:45.717+0000] {processor.py:914} INFO - Processing file /opt/airflow/dags/inflacao_alimentos_mlops.py for tasks to queue
[2026-08-01T13:18:45.722+0000] {logging_mixin.py:190} INFO - [2026-08-01T13:18:45.721+0000] {dagbag.py:588} INFO - Filling up the DagBag from /opt/airflow/dags/inflacao_alimentos_mlops.py
[2026-08-01T13:18:45.761+0000] {processor.py:925} INFO - DAG(s) 'inflacao_alimentos_mlops' retrieved from /opt/airflow/dags/inflacao_alimentos_mlops.py
[2026-08-01T13:18:45.840+0000] {logging_mixin.py:190} INFO - [2026-08-01T13:18:45.839+0000] {dag.py:3239} INFO - Sync 1 DAGs
[2026-08-01T13:18:45.891+0000] {logging_mixin.py:190} INFO - [2026-08-01T13:18:45.891+0000] {dag.py:4180} INFO - Setting next_dagrun for inflacao_alimentos_mlops to 2026-08-01 03:00:00+00:00, run_after=2026-08-01 03:00:00+00:00
[2026-08-01T13:18:46.077+0000] {processor.py:208} INFO - Processing /opt/airflow/dags/inflacao_alimentos_mlops.py took 0.372 seconds
[2026-08-01T13:19:16.245+0000] {processor.py:186} INFO - Started process (PID=68) to work on /opt/airflow/dags/inflacao_alimentos_mlops.py
[2026-08-01T13:19:16.246+0000] {processor.py:914} INFO - Processing file /opt/airflow/dags/inflacao_alimentos_mlops.py for tasks to queue
[2026-08-01T13:19:16.249+0000] {logging_mixin.py:190} INFO - [2026-08-01T13:19:16.249+0000] {dagbag.py:588} INFO - Filling up the DagBag from /opt/airflow/dags/inflacao_alimentos_mlops.py
[2026-08-01T13:19:16.268+0000] {processor.py:925} INFO - DAG(s) 'inflacao_alimentos_mlops' retrieved from /opt/airflow/dags/inflacao_alimentos_mlops.py
[2026-08-01T13:19:16.318+0000] {logging_mixin.py:190} INFO - [2026-08-01T13:19:16.318+0000] {dag.py:3239} INFO - Sync 1 DAGs
[2026-08-01T13:19:16.353+0000] {logging_mixin.py:190} INFO - [2026-08-01T13:19:16.353+0000] {dag.py:4180} INFO - Setting next_dagrun for inflacao_alimentos_mlops to 2026-08-01 03:00:00+00:00, run_after=2026-08-01 03:00:00+00:00
[2026-08-01T13:19:16.382+0000] {processor.py:208} INFO - Processing /opt/airflow/dags/inflacao_alimentos_mlops.py took 0.146 seconds
[2026-08-01T13:19:46.661+0000] {processor.py:186} INFO - Started process (PID=76) to work on /opt/airflow/dags/inflacao_alimentos_mlops.py
[2026-08-01T13:19:46.663+0000] {processor.py:914} INFO - Processing file /opt/airflow/dags/inflacao_alimentos_mlops.py for tasks to queue
[2026-08-01T13:19:46.665+0000] {logging_mixin.py:190} INFO - [2026-08-01T13:19:46.665+0000] {dagbag.py:588} INFO - Filling up the DagBag from /opt/airflow/dags/inflacao_alimentos_mlops.py
[2026-08-01T13:19:46.681+0000] {processor.py:925} INFO - DAG(s) 'inflacao_alimentos_mlops' retrieved from /opt/airflow/dags/inflacao_alimentos_mlops.py
[2026-08-01T13:19:46.723+0000] {logging_mixin.py:190} INFO - [2026-08-01T13:19:46.723+0000] {dag.py:3239} INFO - Sync 1 DAGs
[2026-08-01T13:19:46.759+0000] {logging_mixin.py:190} INFO - [2026-08-01T13:19:46.758+0000] {dag.py:4180} INFO - Setting next_dagrun for inflacao_alimentos_mlops to 2026-08-01 03:00:00+00:00, run_after=2026-08-01 03:00:00+00:00
[2026-08-01T13:19:46.783+0000] {processor.py:208} INFO - Processing /opt/airflow/dags/inflacao_alimentos_mlops.py took 0.129 seconds
[2026-08-01T13:20:16.937+0000] {processor.py:186} INFO - Started process (PID=84) to work on /opt/airflow/dags/inflacao_alimentos_mlops.py
[2026-08-01T13:20:16.938+0000] {processor.py:914} INFO - Processing file /opt/airflow/dags/inflacao_alimentos_mlops.py for tasks to queue
[2026-08-01T13:20:16.941+0000] {logging_mixin.py:190} INFO - [2026-08-01T13:20:16.940+0000] {dagbag.py:588} INFO - Filling up the DagBag from /opt/airflow/dags/inflacao_alimentos_mlops.py
[2026-08-01T13:20:16.958+0000] {processor.py:925} INFO - DAG(s) 'inflacao_alimentos_mlops' retrieved from /opt/airflow/dags/inflacao_alimentos_mlops.py
[2026-08-01T13:20:17.004+0000] {logging_mixin.py:190} INFO - [2026-08-01T13:20:17.003+0000] {dag.py:3239} INFO - Sync 1 DAGs
[2026-08-01T13:20:17.036+0000] {logging_mixin.py:190} INFO - [2026-08-01T13:20:17.035+0000] {dag.py:4180} INFO - Setting next_dagrun for inflacao_alimentos_mlops to 2026-08-01 03:00:00+00:00, run_after=2026-08-01 03:00:00+00:00
[2026-08-01T13:20:17.294+0000] {processor.py:208} INFO - Processing /opt/airflow/dags/inflacao_alimentos_mlops.py took 0.365 seconds
[2026-08-01T13:20:47.378+0000] {processor.py:186} INFO - Started process (PID=92) to work on /opt/airflow/dags/inflacao_alimentos_mlops.py
[2026-08-01T13:20:47.379+0000] {processor.py:914} INFO - Processing file /opt/airflow/dags/inflacao_alimentos_mlops.py for tasks to queue
[2026-08-01T13:20:47.382+0000] {logging_mixin.py:190} INFO - [2026-08-01T13:20:47.382+0000] {dagbag.py:588} INFO - Filling up the DagBag from /opt/airflow/dags/inflacao_alimentos_mlops.py
[2026-08-01T13:20:47.398+0000] {processor.py:925} INFO - DAG(s) 'inflacao_alimentos_mlops' retrieved from /opt/airflow/dags/inflacao_alimentos_mlops.py
[2026-08-01T13:20:47.439+0000] {logging_mixin.py:190} INFO - [2026-08-01T13:20:47.439+0000] {dag.py:3239} INFO - Sync 1 DAGs
[2026-08-01T13:20:47.470+0000] {logging_mixin.py:190} INFO - [2026-08-01T13:20:47.469+0000] {dag.py:4180} INFO - Setting next_dagrun for inflacao_alimentos_mlops to 2026-08-01 03:00:00+00:00, run_after=2026-08-01 03:00:00+00:00
[2026-08-01T13:20:47.493+0000] {processor.py:208} INFO - Processing /opt/airflow/dags/inflacao_alimentos_mlops.py took 0.123 seconds
[2026-08-01T13:21:17.659+0000] {processor.py:186} INFO - Started process (PID=100) to work on /opt/airflow/dags/inflacao_alimentos_mlops.py
[2026-08-01T13:21:17.660+0000] {processor.py:914} INFO - Processing file /opt/airflow/dags/inflacao_alimentos_mlops.py for tasks to queue
[2026-08-01T13:21:17.664+0000] {logging_mixin.py:190} INFO - [2026-08-01T13:21:17.663+0000] {dagbag.py:588} INFO - Filling up the DagBag from /opt/airflow/dags/inflacao_alimentos_mlops.py
[2026-08-01T13:21:17.680+0000] {processor.py:925} INFO - DAG(s) 'inflacao_alimentos_mlops' retrieved from /opt/airflow/dags/inflacao_alimentos_mlops.py
[2026-08-01T13:21:17.724+0000] {logging_mixin.py:190} INFO - [2026-08-01T13:21:17.723+0000] {dag.py:3239} INFO - Sync 1 DAGs
[2026-08-01T13:21:17.754+0000] {logging_mixin.py:190} INFO - [2026-08-01T13:21:17.754+0000] {dag.py:4180} INFO - Setting next_dagrun for inflacao_alimentos_mlops to 2026-08-01 03:00:00+00:00, run_after=2026-08-01 03:00:00+00:00
[2026-08-01T13:21:17.779+0000] {processor.py:208} INFO - Processing /opt/airflow/dags/inflacao_alimentos_mlops.py took 0.129 seconds
[2026-08-01T13:21:48.041+0000] {processor.py:186} INFO - Started process (PID=108) to work on /opt/airflow/dags/inflacao_alimentos_mlops.py
[2026-08-01T13:21:48.092+0000] {processor.py:914} INFO - Processing file /opt/airflow/dags/inflacao_alimentos_mlops.py for tasks to queue
[2026-08-01T13:21:48.099+0000] {logging_mixin.py:190} INFO - [2026-08-01T13:21:48.098+0000] {dagbag.py:588} INFO - Filling up the DagBag from /opt/airflow/dags/inflacao_alimentos_mlops.py
[2026-08-01T13:21:48.129+0000] {processor.py:925} INFO - DAG(s) 'inflacao_alimentos_mlops' retrieved from /opt/airflow/dags/inflacao_alimentos_mlops.py
[2026-08-01T13:21:48.171+0000] {logging_mixin.py:190} INFO - [2026-08-01T13:21:48.170+0000] {dag.py:3239} INFO - Sync 1 DAGs
[2026-08-01T13:21:48.200+0000] {logging_mixin.py:190} INFO - [2026-08-01T13:21:48.200+0000] {dag.py:4180} INFO - Setting next_dagrun for inflacao_alimentos_mlops to 2026-08-01 03:00:00+00:00, run_after=2026-08-01 03:00:00+00:00
[2026-08-01T13:21:48.226+0000] {processor.py:208} INFO - Processing /opt/airflow/dags/inflacao_alimentos_mlops.py took 0.194 seconds
[2026-08-01T13:22:18.325+0000] {processor.py:186} INFO - Started process (PID=115) to work on /opt/airflow/dags/inflacao_alimentos_mlops.py
[2026-08-01T13:22:18.326+0000] {processor.py:914} INFO - Processing file /opt/airflow/dags/inflacao_alimentos_mlops.py for tasks to queue
[2026-08-01T13:22:18.329+0000] {logging_mixin.py:190} INFO - [2026-08-01T13:22:18.329+0000] {dagbag.py:588} INFO - Filling up the DagBag from /opt/airflow/dags/inflacao_alimentos_mlops.py
[2026-08-01T13:22:18.347+0000] {processor.py:925} INFO - DAG(s) 'inflacao_alimentos_mlops' retrieved from /opt/airflow/dags/inflacao_alimentos_mlops.py
[2026-08-01T13:22:18.393+0000] {logging_mixin.py:190} INFO - [2026-08-01T13:22:18.393+0000] {dag.py:3239} INFO - Sync 1 DAGs
[2026-08-01T13:22:18.429+0000] {logging_mixin.py:190} INFO - [2026-08-01T13:22:18.428+0000] {dag.py:4180} INFO - Setting next_dagrun for inflacao_alimentos_mlops to 2026-08-01 03:00:00+00:00, run_after=2026-08-01 03:00:00+00:00
[2026-08-01T13:22:18.461+0000] {processor.py:208} INFO - Processing /opt/airflow/dags/inflacao_alimentos_mlops.py took 0.144 seconds
[2026-08-01T13:22:48.603+0000] {processor.py:186} INFO - Started process (PID=117) to work on /opt/airflow/dags/inflacao_alimentos_mlops.py
[2026-08-01T13:22:48.626+0000] {processor.py:914} INFO - Processing file /opt/airflow/dags/inflacao_alimentos_mlops.py for tasks to queue
[2026-08-01T13:22:48.630+0000] {logging_mixin.py:190} INFO - [2026-08-01T13:22:48.630+0000] {dagbag.py:588} INFO - Filling up the DagBag from /opt/airflow/dags/inflacao_alimentos_mlops.py
[2026-08-01T13:22:48.656+0000] {processor.py:925} INFO - DAG(s) 'inflacao_alimentos_mlops' retrieved from /opt/airflow/dags/inflacao_alimentos_mlops.py
[2026-08-01T13:22:48.718+0000] {logging_mixin.py:190} INFO - [2026-08-01T13:22:48.718+0000] {dag.py:3239} INFO - Sync 1 DAGs
[2026-08-01T13:22:48.770+0000] {logging_mixin.py:190} INFO - [2026-08-01T13:22:48.770+0000] {dag.py:4180} INFO - Setting next_dagrun for inflacao_alimentos_mlops to 2026-08-01 03:00:00+00:00, run_after=2026-08-01 03:00:00+00:00
[2026-08-01T13:22:48.815+0000] {processor.py:208} INFO - Processing /opt/airflow/dags/inflacao_alimentos_mlops.py took 0.222 seconds
[2026-08-01T13:23:19.029+0000] {processor.py:186} INFO - Started process (PID=125) to work on /opt/airflow/dags/inflacao_alimentos_mlops.py
[2026-08-01T13:23:19.030+0000] {processor.py:914} INFO - Processing file /opt/airflow/dags/inflacao_alimentos_mlops.py for tasks to queue
[2026-08-01T13:23:19.033+0000] {logging_mixin.py:190} INFO - [2026-08-01T13:23:19.033+0000] {dagbag.py:588} INFO - Filling up the DagBag from /opt/airflow/dags/inflacao_alimentos_mlops.py
[2026-08-01T13:23:19.051+0000] {processor.py:925} INFO - DAG(s) 'inflacao_alimentos_mlops' retrieved from /opt/airflow/dags/inflacao_alimentos_mlops.py
[2026-08-01T13:23:19.101+0000] {logging_mixin.py:190} INFO - [2026-08-01T13:23:19.100+0000] {dag.py:3239} INFO - Sync 1 DAGs
[2026-08-01T13:23:19.134+0000] {logging_mixin.py:190} INFO - [2026-08-01T13:23:19.134+0000] {dag.py:4180} INFO - Setting next_dagrun for inflacao_alimentos_mlops to 2026-08-01 03:00:00+00:00, run_after=2026-08-01 03:00:00+00:00
[2026-08-01T13:23:19.167+0000] {processor.py:208} INFO - Processing /opt/airflow/dags/inflacao_alimentos_mlops.py took 0.147 seconds
[2026-08-01T13:23:49.392+0000] {processor.py:186} INFO - Started process (PID=133) to work on /opt/airflow/dags/inflacao_alimentos_mlops.py
[2026-08-01T13:23:49.394+0000] {processor.py:914} INFO - Processing file /opt/airflow/dags/inflacao_alimentos_mlops.py for tasks to queue
[2026-08-01T13:23:49.396+0000] {logging_mixin.py:190} INFO - [2026-08-01T13:23:49.396+0000] {dagbag.py:588} INFO - Filling up the DagBag from /opt/airflow/dags/inflacao_alimentos_mlops.py
[2026-08-01T13:23:49.413+0000] {processor.py:925} INFO - DAG(s) 'inflacao_alimentos_mlops' retrieved from /opt/airflow/dags/inflacao_alimentos_mlops.py
[2026-08-01T13:23:49.456+0000] {logging_mixin.py:190} INFO - [2026-08-01T13:23:49.455+0000] {dag.py:3239} INFO - Sync 1 DAGs
[2026-08-01T13:23:49.486+0000] {logging_mixin.py:190} INFO - [2026-08-01T13:23:49.486+0000] {dag.py:4180} INFO - Setting next_dagrun for inflacao_alimentos_mlops to 2026-08-01 03:00:00+00:00, run_after=2026-08-01 03:00:00+00:00
[2026-08-01T13:23:49.511+0000] {processor.py:208} INFO - Processing /opt/airflow/dags/inflacao_alimentos_mlops.py took 0.127 seconds
[2026-08-01T13:24:19.728+0000] {processor.py:186} INFO - Started process (PID=141) to work on /opt/airflow/dags/inflacao_alimentos_mlops.py
[2026-08-01T13:24:19.729+0000] {processor.py:914} INFO - Processing file /opt/airflow/dags/inflacao_alimentos_mlops.py for tasks to queue
[2026-08-01T13:24:19.733+0000] {logging_mixin.py:190} INFO - [2026-08-01T13:24:19.732+0000] {dagbag.py:588} INFO - Filling up the DagBag from /opt/airflow/dags/inflacao_alimentos_mlops.py
[2026-08-01T13:24:19.749+0000] {processor.py:925} INFO - DAG(s) 'inflacao_alimentos_mlops' retrieved from /opt/airflow/dags/inflacao_alimentos_mlops.py
[2026-08-01T13:24:19.791+0000] {logging_mixin.py:190} INFO - [2026-08-01T13:24:19.791+0000] {dag.py:3239} INFO - Sync 1 DAGs
[2026-08-01T13:24:19.821+0000] {logging_mixin.py:190} INFO - [2026-08-01T13:24:19.820+0000] {dag.py:4180} INFO - Setting next_dagrun for inflacao_alimentos_mlops to 2026-08-01 03:00:00+00:00, run_after=2026-08-01 03:00:00+00:00
[2026-08-01T13:24:19.846+0000] {processor.py:208} INFO - Processing /opt/airflow/dags/inflacao_alimentos_mlops.py took 0.126 seconds
[2026-08-01T13:24:50.042+0000] {processor.py:186} INFO - Started process (PID=149) to work on /opt/airflow/dags/inflacao_alimentos_mlops.py
[2026-08-01T13:24:50.043+0000] {processor.py:914} INFO - Processing file /opt/airflow/dags/inflacao_alimentos_mlops.py for tasks to queue
[2026-08-01T13:24:50.046+0000] {logging_mixin.py:190} INFO - [2026-08-01T13:24:50.046+0000] {dagbag.py:588} INFO - Filling up the DagBag from /opt/airflow/dags/inflacao_alimentos_mlops.py
[2026-08-01T13:24:50.066+0000] {processor.py:925} INFO - DAG(s) 'inflacao_alimentos_mlops' retrieved from /opt/airflow/dags/inflacao_alimentos_mlops.py
[2026-08-01T13:24:50.115+0000] {logging_mixin.py:190} INFO - [2026-08-01T13:24:50.114+0000] {dag.py:3239} INFO - Sync 1 DAGs
[2026-08-01T13:24:50.145+0000] {logging_mixin.py:190} INFO - [2026-08-01T13:24:50.145+0000] {dag.py:4180} INFO - Setting next_dagrun for inflacao_alimentos_mlops to 2026-08-01 03:00:00+00:00, run_after=2026-08-01 03:00:00+00:00
[2026-08-01T13:24:50.174+0000] {processor.py:208} INFO - Processing /opt/airflow/dags/inflacao_alimentos_mlops.py took 0.140 seconds
[2026-08-01T13:25:20.365+0000] {processor.py:186} INFO - Started process (PID=157) to work on /opt/airflow/dags/inflacao_alimentos_mlops.py
[2026-08-01T13:25:20.366+0000] {processor.py:914} INFO - Processing file /opt/airflow/dags/inflacao_alimentos_mlops.py for tasks to queue
[2026-08-01T13:25:20.369+0000] {logging_mixin.py:190} INFO - [2026-08-01T13:25:20.369+0000] {dagbag.py:588} INFO - Filling up the DagBag from /opt/airflow/dags/inflacao_alimentos_mlops.py
[2026-08-01T13:25:20.386+0000] {processor.py:925} INFO - DAG(s) 'inflacao_alimentos_mlops' retrieved from /opt/airflow/dags/inflacao_alimentos_mlops.py
[2026-08-01T13:25:20.429+0000] {logging_mixin.py:190} INFO - [2026-08-01T13:25:20.429+0000] {dag.py:3239} INFO - Sync 1 DAGs
[2026-08-01T13:25:20.458+0000] {logging_mixin.py:190} INFO - [2026-08-01T13:25:20.458+0000] {dag.py:4180} INFO - Setting next_dagrun for inflacao_alimentos_mlops to 2026-08-01 03:00:00+00:00, run_after=2026-08-01 03:00:00+00:00
[2026-08-01T13:25:20.484+0000] {processor.py:208} INFO - Processing /opt/airflow/dags/inflacao_alimentos_mlops.py took 0.127 seconds
[2026-08-01T13:25:50.698+0000] {processor.py:186} INFO - Started process (PID=165) to work on /opt/airflow/dags/inflacao_alimentos_mlops.py
[2026-08-01T13:25:50.700+0000] {processor.py:914} INFO - Processing file /opt/airflow/dags/inflacao_alimentos_mlops.py for tasks to queue
[2026-08-01T13:25:50.704+0000] {logging_mixin.py:190} INFO - [2026-08-01T13:25:50.703+0000] {dagbag.py:588} INFO - Filling up the DagBag from /opt/airflow/dags/inflacao_alimentos_mlops.py
[2026-08-01T13:25:50.723+0000] {processor.py:925} INFO - DAG(s) 'inflacao_alimentos_mlops' retrieved from /opt/airflow/dags/inflacao_alimentos_mlops.py
[2026-08-01T13:25:50.764+0000] {logging_mixin.py:190} INFO - [2026-08-01T13:25:50.764+0000] {dag.py:3239} INFO - Sync 1 DAGs
[2026-08-01T13:25:50.795+0000] {logging_mixin.py:190} INFO - [2026-08-01T13:25:50.795+0000] {dag.py:4180} INFO - Setting next_dagrun for inflacao_alimentos_mlops to 2026-08-01 03:00:00+00:00, run_after=2026-08-01 03:00:00+00:00
[2026-08-01T13:25:51.040+0000] {processor.py:208} INFO - Processing /opt/airflow/dags/inflacao_alimentos_mlops.py took 0.352 seconds
[2026-08-01T13:26:21.342+0000] {processor.py:186} INFO - Started process (PID=173) to work on /opt/airflow/dags/inflacao_alimentos_mlops.py
[2026-08-01T13:26:21.343+0000] {processor.py:914} INFO - Processing file /opt/airflow/dags/inflacao_alimentos_mlops.py for tasks to queue
[2026-08-01T13:26:21.347+0000] {logging_mixin.py:190} INFO - [2026-08-01T13:26:21.347+0000] {dagbag.py:588} INFO - Filling up the DagBag from /opt/airflow/dags/inflacao_alimentos_mlops.py
[2026-08-01T13:26:21.364+0000] {processor.py:925} INFO - DAG(s) 'inflacao_alimentos_mlops' retrieved from /opt/airflow/dags/inflacao_alimentos_mlops.py
[2026-08-01T13:26:21.409+0000] {logging_mixin.py:190} INFO - [2026-08-01T13:26:21.408+0000] {dag.py:3239} INFO - Sync 1 DAGs
[2026-08-01T13:26:21.439+0000] {logging_mixin.py:190} INFO - [2026-08-01T13:26:21.439+0000] {dag.py:4180} INFO - Setting next_dagrun for inflacao_alimentos_mlops to 2026-08-01 03:00:00+00:00, run_after=2026-08-01 03:00:00+00:00
[2026-08-01T13:26:21.463+0000] {processor.py:208} INFO - Processing /opt/airflow/dags/inflacao_alimentos_mlops.py took 0.131 seconds
[2026-08-01T13:26:51.597+0000] {processor.py:186} INFO - Started process (PID=180) to work on /opt/airflow/dags/inflacao_alimentos_mlops.py
[2026-08-01T13:26:51.599+0000] {processor.py:914} INFO - Processing file /opt/airflow/dags/inflacao_alimentos_mlops.py for tasks to queue
[2026-08-01T13:26:51.602+0000] {logging_mixin.py:190} INFO - [2026-08-01T13:26:51.601+0000] {dagbag.py:588} INFO - Filling up the DagBag from /opt/airflow/dags/inflacao_alimentos_mlops.py
[2026-08-01T13:26:51.618+0000] {processor.py:925} INFO - DAG(s) 'inflacao_alimentos_mlops' retrieved from /opt/airflow/dags/inflacao_alimentos_mlops.py
[2026-08-01T13:26:51.670+0000] {logging_mixin.py:190} INFO - [2026-08-01T13:26:51.669+0000] {dag.py:3239} INFO - Sync 1 DAGs
[2026-08-01T13:26:51.708+0000] {logging_mixin.py:190} INFO - [2026-08-01T13:26:51.707+0000] {dag.py:4180} INFO - Setting next_dagrun for inflacao_alimentos_mlops to 2026-08-01 03:00:00+00:00, run_after=2026-08-01 03:00:00+00:00
[2026-08-01T13:26:51.734+0000] {processor.py:208} INFO - Processing /opt/airflow/dags/inflacao_alimentos_mlops.py took 0.148 seconds
[2026-08-01T13:27:22.005+0000] {processor.py:186} INFO - Started process (PID=182) to work on /opt/airflow/dags/inflacao_alimentos_mlops.py
[2026-08-01T13:27:22.006+0000] {processor.py:914} INFO - Processing file /opt/airflow/dags/inflacao_alimentos_mlops.py for tasks to queue
[2026-08-01T13:27:22.008+0000] {logging_mixin.py:190} INFO - [2026-08-01T13:27:22.008+0000] {dagbag.py:588} INFO - Filling up the DagBag from /opt/airflow/dags/inflacao_alimentos_mlops.py
[2026-08-01T13:27:22.024+0000] {processor.py:925} INFO - DAG(s) 'inflacao_alimentos_mlops' retrieved from /opt/airflow/dags/inflacao_alimentos_mlops.py
[2026-08-01T13:27:22.065+0000] {logging_mixin.py:190} INFO - [2026-08-01T13:27:22.065+0000] {dag.py:3239} INFO - Sync 1 DAGs
[2026-08-01T13:27:22.094+0000] {logging_mixin.py:190} INFO - [2026-08-01T13:27:22.094+0000] {dag.py:4180} INFO - Setting next_dagrun for inflacao_alimentos_mlops to 2026-08-01 03:00:00+00:00, run_after=2026-08-01 03:00:00+00:00
[2026-08-01T13:27:22.119+0000] {processor.py:208} INFO - Processing /opt/airflow/dags/inflacao_alimentos_mlops.py took 0.123 seconds
[2026-08-01T13:27:52.292+0000] {processor.py:186} INFO - Started process (PID=190) to work on /opt/airflow/dags/inflacao_alimentos_mlops.py
[2026-08-01T13:27:52.294+0000] {processor.py:914} INFO - Processing file /opt/airflow/dags/inflacao_alimentos_mlops.py for tasks to queue
[2026-08-01T13:27:52.298+0000] {logging_mixin.py:190} INFO - [2026-08-01T13:27:52.298+0000] {dagbag.py:588} INFO - Filling up the DagBag from /opt/airflow/dags/inflacao_alimentos_mlops.py
[2026-08-01T13:27:52.324+0000] {processor.py:925} INFO - DAG(s) 'inflacao_alimentos_mlops' retrieved from /opt/airflow/dags/inflacao_alimentos_mlops.py
[2026-08-01T13:27:52.391+0000] {logging_mixin.py:190} INFO - [2026-08-01T13:27:52.390+0000] {dag.py:3239} INFO - Sync 1 DAGs
[2026-08-01T13:27:52.439+0000] {logging_mixin.py:190} INFO - [2026-08-01T13:27:52.439+0000] {dag.py:4180} INFO - Setting next_dagrun for inflacao_alimentos_mlops to 2026-08-01 03:00:00+00:00, run_after=2026-08-01 03:00:00+00:00
[2026-08-01T13:27:52.473+0000] {processor.py:208} INFO - Processing /opt/airflow/dags/inflacao_alimentos_mlops.py took 0.192 seconds
[2026-08-01T13:28:22.665+0000] {processor.py:186} INFO - Started process (PID=198) to work on /opt/airflow/dags/inflacao_alimentos_mlops.py
[2026-08-01T13:28:22.666+0000] {processor.py:914} INFO - Processing file /opt/airflow/dags/inflacao_alimentos_mlops.py for tasks to queue
[2026-08-01T13:28:22.669+0000] {logging_mixin.py:190} INFO - [2026-08-01T13:28:22.668+0000] {dagbag.py:588} INFO - Filling up the DagBag from /opt/airflow/dags/inflacao_alimentos_mlops.py
[2026-08-01T13:28:22.686+0000] {processor.py:925} INFO - DAG(s) 'inflacao_alimentos_mlops' retrieved from /opt/airflow/dags/inflacao_alimentos_mlops.py
[2026-08-01T13:28:22.731+0000] {logging_mixin.py:190} INFO - [2026-08-01T13:28:22.731+0000] {dag.py:3239} INFO - Sync 1 DAGs
[2026-08-01T13:28:22.763+0000] {logging_mixin.py:190} INFO - [2026-08-01T13:28:22.763+0000] {dag.py:4180} INFO - Setting next_dagrun for inflacao_alimentos_mlops to 2026-08-01 03:00:00+00:00, run_after=2026-08-01 03:00:00+00:00
[2026-08-01T13:28:23.013+0000] {processor.py:208} INFO - Processing /opt/airflow/dags/inflacao_alimentos_mlops.py took 0.356 seconds
[2026-08-01T13:28:53.303+0000] {processor.py:186} INFO - Started process (PID=206) to work on /opt/airflow/dags/inflacao_alimentos_mlops.py
[2026-08-01T13:28:53.305+0000] {processor.py:914} INFO - Processing file /opt/airflow/dags/inflacao_alimentos_mlops.py for tasks to queue
[2026-08-01T13:28:53.308+0000] {logging_mixin.py:190} INFO - [2026-08-01T13:28:53.308+0000] {dagbag.py:588} INFO - Filling up the DagBag from /opt/airflow/dags/inflacao_alimentos_mlops.py
[2026-08-01T13:28:53.326+0000] {processor.py:925} INFO - DAG(s) 'inflacao_alimentos_mlops' retrieved from /opt/airflow/dags/inflacao_alimentos_mlops.py
[2026-08-01T13:28:53.367+0000] {logging_mixin.py:190} INFO - [2026-08-01T13:28:53.367+0000] {dag.py:3239} INFO - Sync 1 DAGs
[2026-08-01T13:28:53.398+0000] {logging_mixin.py:190} INFO - [2026-08-01T13:28:53.398+0000] {dag.py:4180} INFO - Setting next_dagrun for inflacao_alimentos_mlops to 2026-08-01 03:00:00+00:00, run_after=2026-08-01 03:00:00+00:00
[2026-08-01T13:28:53.423+0000] {processor.py:208} INFO - Processing /opt/airflow/dags/inflacao_alimentos_mlops.py took 0.128 seconds
[2026-08-01T13:29:23.588+0000] {processor.py:186} INFO - Started process (PID=214) to work on /opt/airflow/dags/inflacao_alimentos_mlops.py
[2026-08-01T13:29:23.589+0000] {processor.py:914} INFO - Processing file /opt/airflow/dags/inflacao_alimentos_mlops.py for tasks to queue
[2026-08-01T13:29:23.592+0000] {logging_mixin.py:190} INFO - [2026-08-01T13:29:23.592+0000] {dagbag.py:588} INFO - Filling up the DagBag from /opt/airflow/dags/inflacao_alimentos_mlops.py
[2026-08-01T13:29:23.610+0000] {processor.py:925} INFO - DAG(s) 'inflacao_alimentos_mlops' retrieved from /opt/airflow/dags/inflacao_alimentos_mlops.py
[2026-08-01T13:29:23.654+0000] {logging_mixin.py:190} INFO - [2026-08-01T13:29:23.654+0000] {dag.py:3239} INFO - Sync 1 DAGs
[2026-08-01T13:29:23.683+0000] {logging_mixin.py:190} INFO - [2026-08-01T13:29:23.683+0000] {dag.py:4180} INFO - Setting next_dagrun for inflacao_alimentos_mlops to 2026-08-01 03:00:00+00:00, run_after=2026-08-01 03:00:00+00:00
[2026-08-01T13:29:23.708+0000] {processor.py:208} INFO - Processing /opt/airflow/dags/inflacao_alimentos_mlops.py took 0.129 seconds
[2026-08-01T13:29:53.936+0000] {processor.py:186} INFO - Started process (PID=222) to work on /opt/airflow/dags/inflacao_alimentos_mlops.py
[2026-08-01T13:29:53.937+0000] {processor.py:914} INFO - Processing file /opt/airflow/dags/inflacao_alimentos_mlops.py for tasks to queue
[2026-08-01T13:29:53.940+0000] {logging_mixin.py:190} INFO - [2026-08-01T13:29:53.939+0000] {dagbag.py:588} INFO - Filling up the DagBag from /opt/airflow/dags/inflacao_alimentos_mlops.py
[2026-08-01T13:29:53.957+0000] {processor.py:925} INFO - DAG(s) 'inflacao_alimentos_mlops' retrieved from /opt/airflow/dags/inflacao_alimentos_mlops.py
[2026-08-01T13:29:53.999+0000] {logging_mixin.py:190} INFO - [2026-08-01T13:29:53.999+0000] {dag.py:3239} INFO - Sync 1 DAGs
[2026-08-01T13:29:54.030+0000] {logging_mixin.py:190} INFO - [2026-08-01T13:29:54.029+0000] {dag.py:4180} INFO - Setting next_dagrun for inflacao_alimentos_mlops to 2026-08-01 03:00:00+00:00, run_after=2026-08-01 03:00:00+00:00
[2026-08-01T13:29:54.054+0000] {processor.py:208} INFO - Processing /opt/airflow/dags/inflacao_alimentos_mlops.py took 0.127 seconds
[2026-08-01T13:30:24.219+0000] {processor.py:186} INFO - Started process (PID=230) to work on /opt/airflow/dags/inflacao_alimentos_mlops.py
[2026-08-01T13:30:24.220+0000] {processor.py:914} INFO - Processing file /opt/airflow/dags/inflacao_alimentos_mlops.py for tasks to queue
[2026-08-01T13:30:24.223+0000] {logging_mixin.py:190} INFO - [2026-08-01T13:30:24.223+0000] {dagbag.py:588} INFO - Filling up the DagBag from /opt/airflow/dags/inflacao_alimentos_mlops.py
[2026-08-01T13:30:24.239+0000] {processor.py:925} INFO - DAG(s) 'inflacao_alimentos_mlops' retrieved from /opt/airflow/dags/inflacao_alimentos_mlops.py
[2026-08-01T13:30:24.282+0000] {logging_mixin.py:190} INFO - [2026-08-01T13:30:24.281+0000] {dag.py:3239} INFO - Sync 1 DAGs
[2026-08-01T13:30:24.311+0000] {logging_mixin.py:190} INFO - [2026-08-01T13:30:24.311+0000] {dag.py:4180} INFO - Setting next_dagrun for inflacao_alimentos_mlops to 2026-08-01 03:00:00+00:00, run_after=2026-08-01 03:00:00+00:00
[2026-08-01T13:30:24.336+0000] {processor.py:208} INFO - Processing /opt/airflow/dags/inflacao_alimentos_mlops.py took 0.124 seconds
[2026-08-01T13:30:54.516+0000] {processor.py:186} INFO - Started process (PID=238) to work on /opt/airflow/dags/inflacao_alimentos_mlops.py
[2026-08-01T13:30:54.517+0000] {processor.py:914} INFO - Processing file /opt/airflow/dags/inflacao_alimentos_mlops.py for tasks to queue
[2026-08-01T13:30:54.521+0000] {logging_mixin.py:190} INFO - [2026-08-01T13:30:54.521+0000] {dagbag.py:588} INFO - Filling up the DagBag from /opt/airflow/dags/inflacao_alimentos_mlops.py
[2026-08-01T13:30:54.538+0000] {processor.py:925} INFO - DAG(s) 'inflacao_alimentos_mlops' retrieved from /opt/airflow/dags/inflacao_alimentos_mlops.py
[2026-08-01T13:30:54.581+0000] {logging_mixin.py:190} INFO - [2026-08-01T13:30:54.581+0000] {dag.py:3239} INFO - Sync 1 DAGs
[2026-08-01T13:30:54.613+0000] {logging_mixin.py:190} INFO - [2026-08-01T13:30:54.613+0000] {dag.py:4180} INFO - Setting next_dagrun for inflacao_alimentos_mlops to 2026-08-01 03:00:00+00:00, run_after=2026-08-01 03:00:00+00:00
[2026-08-01T13:30:54.879+0000] {processor.py:208} INFO - Processing /opt/airflow/dags/inflacao_alimentos_mlops.py took 0.371 seconds
[2026-08-01T13:31:25.145+0000] {processor.py:186} INFO - Started process (PID=245) to work on /opt/airflow/dags/inflacao_alimentos_mlops.py
[2026-08-01T13:31:25.146+0000] {processor.py:914} INFO - Processing file /opt/airflow/dags/inflacao_alimentos_mlops.py for tasks to queue
[2026-08-01T13:31:25.149+0000] {logging_mixin.py:190} INFO - [2026-08-01T13:31:25.148+0000] {dagbag.py:588} INFO - Filling up the DagBag from /opt/airflow/dags/inflacao_alimentos_mlops.py
[2026-08-01T13:31:25.165+0000] {processor.py:925} INFO - DAG(s) 'inflacao_alimentos_mlops' retrieved from /opt/airflow/dags/inflacao_alimentos_mlops.py
[2026-08-01T13:31:25.224+0000] {logging_mixin.py:190} INFO - [2026-08-01T13:31:25.224+0000] {dag.py:3239} INFO - Sync 1 DAGs
[2026-08-01T13:31:25.500+0000] {logging_mixin.py:190} INFO - [2026-08-01T13:31:25.499+0000] {dag.py:4180} INFO - Setting next_dagrun for inflacao_alimentos_mlops to 2026-08-01 03:00:00+00:00, run_after=2026-08-01 03:00:00+00:00
[2026-08-01T13:31:25.539+0000] {processor.py:208} INFO - Processing /opt/airflow/dags/inflacao_alimentos_mlops.py took 0.401 seconds
[2026-08-01T13:31:55.804+0000] {processor.py:186} INFO - Started process (PID=247) to work on /opt/airflow/dags/inflacao_alimentos_mlops.py
[2026-08-01T13:31:55.805+0000] {processor.py:914} INFO - Processing file /opt/airflow/dags/inflacao_alimentos_mlops.py for tasks to queue
[2026-08-01T13:31:55.809+0000] {logging_mixin.py:190} INFO - [2026-08-01T13:31:55.808+0000] {dagbag.py:588} INFO - Filling up the DagBag from /opt/airflow/dags/inflacao_alimentos_mlops.py
[2026-08-01T13:31:55.827+0000] {processor.py:925} INFO - DAG(s) 'inflacao_alimentos_mlops' retrieved from /opt/airflow/dags/inflacao_alimentos_mlops.py
[2026-08-01T13:31:55.870+0000] {logging_mixin.py:190} INFO - [2026-08-01T13:31:55.870+0000] {dag.py:3239} INFO - Sync 1 DAGs
[2026-08-01T13:31:55.905+0000] {logging_mixin.py:190} INFO - [2026-08-01T13:31:55.904+0000] {dag.py:4180} INFO - Setting next_dagrun for inflacao_alimentos_mlops to 2026-08-01 03:00:00+00:00, run_after=2026-08-01 03:00:00+00:00
[2026-08-01T13:31:55.932+0000] {processor.py:208} INFO - Processing /opt/airflow/dags/inflacao_alimentos_mlops.py took 0.138 seconds
[2026-08-01T13:32:26.161+0000] {processor.py:186} INFO - Started process (PID=255) to work on /opt/airflow/dags/inflacao_alimentos_mlops.py
[2026-08-01T13:32:26.164+0000] {processor.py:914} INFO - Processing file /opt/airflow/dags/inflacao_alimentos_mlops.py for tasks to queue
[2026-08-01T13:32:26.169+0000] {logging_mixin.py:190} INFO - [2026-08-01T13:32:26.168+0000] {dagbag.py:588} INFO - Filling up the DagBag from /opt/airflow/dags/inflacao_alimentos_mlops.py
[2026-08-01T13:32:26.229+0000] {processor.py:925} INFO - DAG(s) 'inflacao_alimentos_mlops' retrieved from /opt/airflow/dags/inflacao_alimentos_mlops.py
[2026-08-01T13:32:26.347+0000] {logging_mixin.py:190} INFO - [2026-08-01T13:32:26.347+0000] {dag.py:3239} INFO - Sync 1 DAGs
[2026-08-01T13:32:26.396+0000] {logging_mixin.py:190} INFO - [2026-08-01T13:32:26.396+0000] {dag.py:4180} INFO - Setting next_dagrun for inflacao_alimentos_mlops to 2026-08-01 03:00:00+00:00, run_after=2026-08-01 03:00:00+00:00
[2026-08-01T13:32:26.438+0000] {processor.py:208} INFO - Processing /opt/airflow/dags/inflacao_alimentos_mlops.py took 0.289 seconds
[2026-08-01T13:32:56.725+0000] {processor.py:186} INFO - Started process (PID=263) to work on /opt/airflow/dags/inflacao_alimentos_mlops.py
[2026-08-01T13:32:56.727+0000] {processor.py:914} INFO - Processing file /opt/airflow/dags/inflacao_alimentos_mlops.py for tasks to queue
[2026-08-01T13:32:56.731+0000] {logging_mixin.py:190} INFO - [2026-08-01T13:32:56.730+0000] {dagbag.py:588} INFO - Filling up the DagBag from /opt/airflow/dags/inflacao_alimentos_mlops.py
[2026-08-01T13:32:56.748+0000] {processor.py:925} INFO - DAG(s) 'inflacao_alimentos_mlops' retrieved from /opt/airflow/dags/inflacao_alimentos_mlops.py
[2026-08-01T13:32:56.791+0000] {logging_mixin.py:190} INFO - [2026-08-01T13:32:56.791+0000] {dag.py:3239} INFO - Sync 1 DAGs
[2026-08-01T13:32:56.822+0000] {logging_mixin.py:190} INFO - [2026-08-01T13:32:56.822+0000] {dag.py:4180} INFO - Setting next_dagrun for inflacao_alimentos_mlops to 2026-08-01 03:00:00+00:00, run_after=2026-08-01 03:00:00+00:00
[2026-08-01T13:32:56.847+0000] {processor.py:208} INFO - Processing /opt/airflow/dags/inflacao_alimentos_mlops.py took 0.137 seconds
[2026-08-01T13:33:27.022+0000] {processor.py:186} INFO - Started process (PID=271) to work on /opt/airflow/dags/inflacao_alimentos_mlops.py
[2026-08-01T13:33:27.023+0000] {processor.py:914} INFO - Processing file /opt/airflow/dags/inflacao_alimentos_mlops.py for tasks to queue
[2026-08-01T13:33:27.026+0000] {logging_mixin.py:190} INFO - [2026-08-01T13:33:27.026+0000] {dagbag.py:588} INFO - Filling up the DagBag from /opt/airflow/dags/inflacao_alimentos_mlops.py
[2026-08-01T13:33:27.044+0000] {processor.py:925} INFO - DAG(s) 'inflacao_alimentos_mlops' retrieved from /opt/airflow/dags/inflacao_alimentos_mlops.py
[2026-08-01T13:33:27.087+0000] {logging_mixin.py:190} INFO - [2026-08-01T13:33:27.087+0000] {dag.py:3239} INFO - Sync 1 DAGs
[2026-08-01T13:33:27.121+0000] {logging_mixin.py:190} INFO - [2026-08-01T13:33:27.121+0000] {dag.py:4180} INFO - Setting next_dagrun for inflacao_alimentos_mlops to 2026-08-01 03:00:00+00:00, run_after=2026-08-01 03:00:00+00:00
[2026-08-01T13:33:27.381+0000] {processor.py:208} INFO - Processing /opt/airflow/dags/inflacao_alimentos_mlops.py took 0.367 seconds
[2026-08-01T13:33:57.673+0000] {processor.py:186} INFO - Started process (PID=279) to work on /opt/airflow/dags/inflacao_alimentos_mlops.py
[2026-08-01T13:33:57.675+0000] {processor.py:914} INFO - Processing file /opt/airflow/dags/inflacao_alimentos_mlops.py for tasks to queue
[2026-08-01T13:33:57.678+0000] {logging_mixin.py:190} INFO - [2026-08-01T13:33:57.678+0000] {dagbag.py:588} INFO - Filling up the DagBag from /opt/airflow/dags/inflacao_alimentos_mlops.py
[2026-08-01T13:33:57.696+0000] {processor.py:925} INFO - DAG(s) 'inflacao_alimentos_mlops' retrieved from /opt/airflow/dags/inflacao_alimentos_mlops.py
[2026-08-01T13:33:57.737+0000] {logging_mixin.py:190} INFO - [2026-08-01T13:33:57.737+0000] {dag.py:3239} INFO - Sync 1 DAGs
[2026-08-01T13:33:57.981+0000] {logging_mixin.py:190} INFO - [2026-08-01T13:33:57.981+0000] {dag.py:4180} INFO - Setting next_dagrun for inflacao_alimentos_mlops to 2026-08-01 03:00:00+00:00, run_after=2026-08-01 03:00:00+00:00
[2026-08-01T13:33:58.005+0000] {processor.py:208} INFO - Processing /opt/airflow/dags/inflacao_alimentos_mlops.py took 0.341 seconds
[2026-08-01T13:34:28.316+0000] {processor.py:186} INFO - Started process (PID=287) to work on /opt/airflow/dags/inflacao_alimentos_mlops.py
[2026-08-01T13:34:28.318+0000] {processor.py:914} INFO - Processing file /opt/airflow/dags/inflacao_alimentos_mlops.py for tasks to queue
[2026-08-01T13:34:28.322+0000] {logging_mixin.py:190} INFO - [2026-08-01T13:34:28.322+0000] {dagbag.py:588} INFO - Filling up the DagBag from /opt/airflow/dags/inflacao_alimentos_mlops.py
[2026-08-01T13:34:28.345+0000] {processor.py:925} INFO - DAG(s) 'inflacao_alimentos_mlops' retrieved from /opt/airflow/dags/inflacao_alimentos_mlops.py
[2026-08-01T13:34:28.401+0000] {logging_mixin.py:190} INFO - [2026-08-01T13:34:28.401+0000] {dag.py:3239} INFO - Sync 1 DAGs
[2026-08-01T13:34:28.450+0000] {logging_mixin.py:190} INFO - [2026-08-01T13:34:28.449+0000] {dag.py:4180} INFO - Setting next_dagrun for inflacao_alimentos_mlops to 2026-08-01 03:00:00+00:00, run_after=2026-08-01 03:00:00+00:00
[2026-08-01T13:34:28.478+0000] {processor.py:208} INFO - Processing /opt/airflow/dags/inflacao_alimentos_mlops.py took 0.173 seconds
[2026-08-01T13:34:58.552+0000] {processor.py:186} INFO - Started process (PID=295) to work on /opt/airflow/dags/inflacao_alimentos_mlops.py
[2026-08-01T13:34:58.554+0000] {processor.py:914} INFO - Processing file /opt/airflow/dags/inflacao_alimentos_mlops.py for tasks to queue
[2026-08-01T13:34:58.557+0000] {logging_mixin.py:190} INFO - [2026-08-01T13:34:58.557+0000] {dagbag.py:588} INFO - Filling up the DagBag from /opt/airflow/dags/inflacao_alimentos_mlops.py
[2026-08-01T13:34:58.576+0000] {processor.py:925} INFO - DAG(s) 'inflacao_alimentos_mlops' retrieved from /opt/airflow/dags/inflacao_alimentos_mlops.py
[2026-08-01T13:34:58.621+0000] {logging_mixin.py:190} INFO - [2026-08-01T13:34:58.621+0000] {dag.py:3239} INFO - Sync 1 DAGs
[2026-08-01T13:34:58.652+0000] {logging_mixin.py:190} INFO - [2026-08-01T13:34:58.652+0000] {dag.py:4180} INFO - Setting next_dagrun for inflacao_alimentos_mlops to 2026-08-01 03:00:00+00:00, run_after=2026-08-01 03:00:00+00:00
[2026-08-01T13:34:58.679+0000] {processor.py:208} INFO - Processing /opt/airflow/dags/inflacao_alimentos_mlops.py took 0.136 seconds
[2026-08-01T13:35:28.816+0000] {processor.py:186} INFO - Started process (PID=303) to work on /opt/airflow/dags/inflacao_alimentos_mlops.py
[2026-08-01T13:35:28.817+0000] {processor.py:914} INFO - Processing file /opt/airflow/dags/inflacao_alimentos_mlops.py for tasks to queue
[2026-08-01T13:35:28.820+0000] {logging_mixin.py:190} INFO - [2026-08-01T13:35:28.820+0000] {dagbag.py:588} INFO - Filling up the DagBag from /opt/airflow/dags/inflacao_alimentos_mlops.py
[2026-08-01T13:35:28.837+0000] {processor.py:925} INFO - DAG(s) 'inflacao_alimentos_mlops' retrieved from /opt/airflow/dags/inflacao_alimentos_mlops.py
[2026-08-01T13:35:28.890+0000] {logging_mixin.py:190} INFO - [2026-08-01T13:35:28.889+0000] {dag.py:3239} INFO - Sync 1 DAGs
[2026-08-01T13:35:28.923+0000] {logging_mixin.py:190} INFO - [2026-08-01T13:35:28.922+0000] {dag.py:4180} INFO - Setting next_dagrun for inflacao_alimentos_mlops to 2026-08-01 03:00:00+00:00, run_after=2026-08-01 03:00:00+00:00
[2026-08-01T13:35:28.953+0000] {processor.py:208} INFO - Processing /opt/airflow/dags/inflacao_alimentos_mlops.py took 0.145 seconds
[2026-08-01T13:35:59.263+0000] {processor.py:186} INFO - Started process (PID=304) to work on /opt/airflow/dags/inflacao_alimentos_mlops.py
[2026-08-01T13:35:59.264+0000] {processor.py:914} INFO - Processing file /opt/airflow/dags/inflacao_alimentos_mlops.py for tasks to queue
[2026-08-01T13:35:59.266+0000] {logging_mixin.py:190} INFO - [2026-08-01T13:35:59.266+0000] {dagbag.py:588} INFO - Filling up the DagBag from /opt/airflow/dags/inflacao_alimentos_mlops.py
[2026-08-01T13:35:59.282+0000] {processor.py:925} INFO - DAG(s) 'inflacao_alimentos_mlops' retrieved from /opt/airflow/dags/inflacao_alimentos_mlops.py
[2026-08-01T13:35:59.323+0000] {logging_mixin.py:190} INFO - [2026-08-01T13:35:59.323+0000] {dag.py:3239} INFO - Sync 1 DAGs
[2026-08-01T13:35:59.353+0000] {logging_mixin.py:190} INFO - [2026-08-01T13:35:59.353+0000] {dag.py:4180} INFO - Setting next_dagrun for inflacao_alimentos_mlops to 2026-08-01 03:00:00+00:00, run_after=2026-08-01 03:00:00+00:00
[2026-08-01T13:35:59.379+0000] {processor.py:208} INFO - Processing /opt/airflow/dags/inflacao_alimentos_mlops.py took 0.124 seconds
[2026-08-01T13:36:29.520+0000] {processor.py:186} INFO - Started process (PID=312) to work on /opt/airflow/dags/inflacao_alimentos_mlops.py
[2026-08-01T13:36:29.522+0000] {processor.py:914} INFO - Processing file /opt/airflow/dags/inflacao_alimentos_mlops.py for tasks to queue
[2026-08-01T13:36:29.527+0000] {logging_mixin.py:190} INFO - [2026-08-01T13:36:29.527+0000] {dagbag.py:588} INFO - Filling up the DagBag from /opt/airflow/dags/inflacao_alimentos_mlops.py
[2026-08-01T13:36:29.556+0000] {processor.py:925} INFO - DAG(s) 'inflacao_alimentos_mlops' retrieved from /opt/airflow/dags/inflacao_alimentos_mlops.py
[2026-08-01T13:36:29.631+0000] {logging_mixin.py:190} INFO - [2026-08-01T13:36:29.630+0000] {dag.py:3239} INFO - Sync 1 DAGs
[2026-08-01T13:36:29.683+0000] {logging_mixin.py:190} INFO - [2026-08-01T13:36:29.683+0000] {dag.py:4180} INFO - Setting next_dagrun for inflacao_alimentos_mlops to 2026-08-01 03:00:00+00:00, run_after=2026-08-01 03:00:00+00:00
[2026-08-01T13:36:30.049+0000] {processor.py:208} INFO - Processing /opt/airflow/dags/inflacao_alimentos_mlops.py took 0.540 seconds
[2026-08-01T13:37:00.356+0000] {processor.py:186} INFO - Started process (PID=321) to work on /opt/airflow/dags/inflacao_alimentos_mlops.py
[2026-08-01T13:37:00.357+0000] {processor.py:914} INFO - Processing file /opt/airflow/dags/inflacao_alimentos_mlops.py for tasks to queue
[2026-08-01T13:37:00.361+0000] {logging_mixin.py:190} INFO - [2026-08-01T13:37:00.360+0000] {dagbag.py:588} INFO - Filling up the DagBag from /opt/airflow/dags/inflacao_alimentos_mlops.py
[2026-08-01T13:37:00.385+0000] {processor.py:925} INFO - DAG(s) 'inflacao_alimentos_mlops' retrieved from /opt/airflow/dags/inflacao_alimentos_mlops.py
[2026-08-01T13:37:00.446+0000] {logging_mixin.py:190} INFO - [2026-08-01T13:37:00.445+0000] {dag.py:3239} INFO - Sync 1 DAGs
[2026-08-01T13:37:00.843+0000] {logging_mixin.py:190} INFO - [2026-08-01T13:37:00.842+0000] {dag.py:4180} INFO - Setting next_dagrun for inflacao_alimentos_mlops to 2026-08-01 03:00:00+00:00, run_after=2026-08-01 03:00:00+00:00
[2026-08-01T13:37:00.874+0000] {processor.py:208} INFO - Processing /opt/airflow/dags/inflacao_alimentos_mlops.py took 0.530 seconds
[2026-08-01T13:37:31.097+0000] {processor.py:186} INFO - Started process (PID=330) to work on /opt/airflow/dags/inflacao_alimentos_mlops.py
[2026-08-01T13:37:31.099+0000] {processor.py:914} INFO - Processing file /opt/airflow/dags/inflacao_alimentos_mlops.py for tasks to queue
[2026-08-01T13:37:31.102+0000] {logging_mixin.py:190} INFO - [2026-08-01T13:37:31.101+0000] {dagbag.py:588} INFO - Filling up the DagBag from /opt/airflow/dags/inflacao_alimentos_mlops.py
[2026-08-01T13:37:31.119+0000] {processor.py:925} INFO - DAG(s) 'inflacao_alimentos_mlops' retrieved from /opt/airflow/dags/inflacao_alimentos_mlops.py
[2026-08-01T13:37:31.167+0000] {logging_mixin.py:190} INFO - [2026-08-01T13:37:31.166+0000] {dag.py:3239} INFO - Sync 1 DAGs
[2026-08-01T13:37:31.197+0000] {logging_mixin.py:190} INFO - [2026-08-01T13:37:31.197+0000] {dag.py:4180} INFO - Setting next_dagrun for inflacao_alimentos_mlops to 2026-08-01 03:00:00+00:00, run_after=2026-08-01 03:00:00+00:00
[2026-08-01T13:37:31.222+0000] {processor.py:208} INFO - Processing /opt/airflow/dags/inflacao_alimentos_mlops.py took 0.133 seconds
[2026-08-01T13:38:01.569+0000] {processor.py:186} INFO - Started process (PID=348) to work on /opt/airflow/dags/inflacao_alimentos_mlops.py
[2026-08-01T13:38:01.571+0000] {processor.py:914} INFO - Processing file /opt/airflow/dags/inflacao_alimentos_mlops.py for tasks to queue
[2026-08-01T13:38:01.576+0000] {logging_mixin.py:190} INFO - [2026-08-01T13:38:01.576+0000] {dagbag.py:588} INFO - Filling up the DagBag from /opt/airflow/dags/inflacao_alimentos_mlops.py
[2026-08-01T13:38:01.673+0000] {processor.py:925} INFO - DAG(s) 'inflacao_alimentos_mlops' retrieved from /opt/airflow/dags/inflacao_alimentos_mlops.py
[2026-08-01T13:38:01.883+0000] {logging_mixin.py:190} INFO - [2026-08-01T13:38:01.882+0000] {dag.py:3239} INFO - Sync 1 DAGs
[2026-08-01T13:38:02.054+0000] {processor.py:208} INFO - Processing /opt/airflow/dags/inflacao_alimentos_mlops.py took 0.504 seconds
[2026-08-01T13:38:32.397+0000] {processor.py:186} INFO - Started process (PID=356) to work on /opt/airflow/dags/inflacao_alimentos_mlops.py
[2026-08-01T13:38:32.398+0000] {processor.py:914} INFO - Processing file /opt/airflow/dags/inflacao_alimentos_mlops.py for tasks to queue
[2026-08-01T13:38:32.402+0000] {logging_mixin.py:190} INFO - [2026-08-01T13:38:32.401+0000] {dagbag.py:588} INFO - Filling up the DagBag from /opt/airflow/dags/inflacao_alimentos_mlops.py
[2026-08-01T13:38:32.424+0000] {processor.py:925} INFO - DAG(s) 'inflacao_alimentos_mlops' retrieved from /opt/airflow/dags/inflacao_alimentos_mlops.py
[2026-08-01T13:38:32.470+0000] {logging_mixin.py:190} INFO - [2026-08-01T13:38:32.470+0000] {dag.py:3239} INFO - Sync 1 DAGs
[2026-08-01T13:38:32.535+0000] {processor.py:208} INFO - Processing /opt/airflow/dags/inflacao_alimentos_mlops.py took 0.146 seconds
[2026-08-01T13:39:02.890+0000] {processor.py:186} INFO - Started process (PID=375) to work on /opt/airflow/dags/inflacao_alimentos_mlops.py
[2026-08-01T13:39:02.900+0000] {processor.py:914} INFO - Processing file /opt/airflow/dags/inflacao_alimentos_mlops.py for tasks to queue
[2026-08-01T13:39:02.914+0000] {logging_mixin.py:190} INFO - [2026-08-01T13:39:02.914+0000] {dagbag.py:588} INFO - Filling up the DagBag from /opt/airflow/dags/inflacao_alimentos_mlops.py
[2026-08-01T13:39:02.972+0000] {processor.py:925} INFO - DAG(s) 'inflacao_alimentos_mlops' retrieved from /opt/airflow/dags/inflacao_alimentos_mlops.py
[2026-08-01T13:39:03.140+0000] {logging_mixin.py:190} INFO - [2026-08-01T13:39:03.140+0000] {dag.py:3239} INFO - Sync 1 DAGs
[2026-08-01T13:39:03.816+0000] {processor.py:208} INFO - Processing /opt/airflow/dags/inflacao_alimentos_mlops.py took 0.965 seconds
[2026-08-01T13:39:34.111+0000] {processor.py:186} INFO - Started process (PID=382) to work on /opt/airflow/dags/inflacao_alimentos_mlops.py
[2026-08-01T13:39:34.112+0000] {processor.py:914} INFO - Processing file /opt/airflow/dags/inflacao_alimentos_mlops.py for tasks to queue
[2026-08-01T13:39:34.117+0000] {logging_mixin.py:190} INFO - [2026-08-01T13:39:34.116+0000] {dagbag.py:588} INFO - Filling up the DagBag from /opt/airflow/dags/inflacao_alimentos_mlops.py
[2026-08-01T13:39:34.141+0000] {processor.py:925} INFO - DAG(s) 'inflacao_alimentos_mlops' retrieved from /opt/airflow/dags/inflacao_alimentos_mlops.py
[2026-08-01T13:39:34.222+0000] {logging_mixin.py:190} INFO - [2026-08-01T13:39:34.221+0000] {dag.py:3239} INFO - Sync 1 DAGs
[2026-08-01T13:39:34.603+0000] {processor.py:208} INFO - Processing /opt/airflow/dags/inflacao_alimentos_mlops.py took 0.505 seconds
[2026-08-01T13:40:04.911+0000] {processor.py:186} INFO - Started process (PID=384) to work on /opt/airflow/dags/inflacao_alimentos_mlops.py
[2026-08-01T13:40:04.913+0000] {processor.py:914} INFO - Processing file /opt/airflow/dags/inflacao_alimentos_mlops.py for tasks to queue
[2026-08-01T13:40:04.916+0000] {logging_mixin.py:190} INFO - [2026-08-01T13:40:04.916+0000] {dagbag.py:588} INFO - Filling up the DagBag from /opt/airflow/dags/inflacao_alimentos_mlops.py
[2026-08-01T13:40:04.935+0000] {processor.py:925} INFO - DAG(s) 'inflacao_alimentos_mlops' retrieved from /opt/airflow/dags/inflacao_alimentos_mlops.py
[2026-08-01T13:40:04.979+0000] {logging_mixin.py:190} INFO - [2026-08-01T13:40:04.979+0000] {dag.py:3239} INFO - Sync 1 DAGs
[2026-08-01T13:40:05.012+0000] {logging_mixin.py:190} INFO - [2026-08-01T13:40:05.012+0000] {dag.py:4180} INFO - Setting next_dagrun for inflacao_alimentos_mlops to 2026-09-01 03:00:00+00:00, run_after=2026-09-01 03:00:00+00:00
[2026-08-01T13:40:05.039+0000] {processor.py:208} INFO - Processing /opt/airflow/dags/inflacao_alimentos_mlops.py took 0.139 seconds
[2026-08-01T13:40:35.161+0000] {processor.py:186} INFO - Started process (PID=392) to work on /opt/airflow/dags/inflacao_alimentos_mlops.py
[2026-08-01T13:40:35.162+0000] {processor.py:914} INFO - Processing file /opt/airflow/dags/inflacao_alimentos_mlops.py for tasks to queue
[2026-08-01T13:40:35.167+0000] {logging_mixin.py:190} INFO - [2026-08-01T13:40:35.166+0000] {dagbag.py:588} INFO - Filling up the DagBag from /opt/airflow/dags/inflacao_alimentos_mlops.py
[2026-08-01T13:40:35.192+0000] {processor.py:925} INFO - DAG(s) 'inflacao_alimentos_mlops' retrieved from /opt/airflow/dags/inflacao_alimentos_mlops.py
[2026-08-01T13:40:35.260+0000] {logging_mixin.py:190} INFO - [2026-08-01T13:40:35.260+0000] {dag.py:3239} INFO - Sync 1 DAGs
[2026-08-01T13:40:35.309+0000] {logging_mixin.py:190} INFO - [2026-08-01T13:40:35.309+0000] {dag.py:4180} INFO - Setting next_dagrun for inflacao_alimentos_mlops to 2026-09-01 03:00:00+00:00, run_after=2026-09-01 03:00:00+00:00
[2026-08-01T13:40:35.341+0000] {processor.py:208} INFO - Processing /opt/airflow/dags/inflacao_alimentos_mlops.py took 0.192 seconds
[2026-08-01T13:41:05.615+0000] {processor.py:186} INFO - Started process (PID=400) to work on /opt/airflow/dags/inflacao_alimentos_mlops.py
[2026-08-01T13:41:05.619+0000] {processor.py:914} INFO - Processing file /opt/airflow/dags/inflacao_alimentos_mlops.py for tasks to queue
[2026-08-01T13:41:05.628+0000] {logging_mixin.py:190} INFO - [2026-08-01T13:41:05.627+0000] {dagbag.py:588} INFO - Filling up the DagBag from /opt/airflow/dags/inflacao_alimentos_mlops.py
[2026-08-01T13:41:05.669+0000] {processor.py:925} INFO - DAG(s) 'inflacao_alimentos_mlops' retrieved from /opt/airflow/dags/inflacao_alimentos_mlops.py
[2026-08-01T13:41:05.724+0000] {logging_mixin.py:190} INFO - [2026-08-01T13:41:05.724+0000] {dag.py:3239} INFO - Sync 1 DAGs
[2026-08-01T13:41:05.753+0000] {logging_mixin.py:190} INFO - [2026-08-01T13:41:05.753+0000] {dag.py:4180} INFO - Setting next_dagrun for inflacao_alimentos_mlops to 2026-09-01 03:00:00+00:00, run_after=2026-09-01 03:00:00+00:00
[2026-08-01T13:41:05.778+0000] {processor.py:208} INFO - Processing /opt/airflow/dags/inflacao_alimentos_mlops.py took 0.190 seconds
[2026-08-01T13:41:35.846+0000] {processor.py:186} INFO - Started process (PID=408) to work on /opt/airflow/dags/inflacao_alimentos_mlops.py
[2026-08-01T13:41:35.847+0000] {processor.py:914} INFO - Processing file /opt/airflow/dags/inflacao_alimentos_mlops.py for tasks to queue
[2026-08-01T13:41:35.850+0000] {logging_mixin.py:190} INFO - [2026-08-01T13:41:35.850+0000] {dagbag.py:588} INFO - Filling up the DagBag from /opt/airflow/dags/inflacao_alimentos_mlops.py
[2026-08-01T13:41:35.869+0000] {processor.py:925} INFO - DAG(s) 'inflacao_alimentos_mlops' retrieved from /opt/airflow/dags/inflacao_alimentos_mlops.py
[2026-08-01T13:41:35.917+0000] {logging_mixin.py:190} INFO - [2026-08-01T13:41:35.916+0000] {dag.py:3239} INFO - Sync 1 DAGs
[2026-08-01T13:41:35.952+0000] {logging_mixin.py:190} INFO - [2026-08-01T13:41:35.952+0000] {dag.py:4180} INFO - Setting next_dagrun for inflacao_alimentos_mlops to 2026-09-01 03:00:00+00:00, run_after=2026-09-01 03:00:00+00:00
[2026-08-01T13:41:36.215+0000] {processor.py:208} INFO - Processing /opt/airflow/dags/inflacao_alimentos_mlops.py took 0.378 seconds
[2026-08-01T13:42:06.283+0000] {processor.py:186} INFO - Started process (PID=416) to work on /opt/airflow/dags/inflacao_alimentos_mlops.py
[2026-08-01T13:42:06.285+0000] {processor.py:914} INFO - Processing file /opt/airflow/dags/inflacao_alimentos_mlops.py for tasks to queue
[2026-08-01T13:42:06.287+0000] {logging_mixin.py:190} INFO - [2026-08-01T13:42:06.287+0000] {dagbag.py:588} INFO - Filling up the DagBag from /opt/airflow/dags/inflacao_alimentos_mlops.py
[2026-08-01T13:42:06.304+0000] {processor.py:925} INFO - DAG(s) 'inflacao_alimentos_mlops' retrieved from /opt/airflow/dags/inflacao_alimentos_mlops.py
[2026-08-01T13:42:06.347+0000] {logging_mixin.py:190} INFO - [2026-08-01T13:42:06.346+0000] {dag.py:3239} INFO - Sync 1 DAGs
[2026-08-01T13:42:06.604+0000] {logging_mixin.py:190} INFO - [2026-08-01T13:42:06.604+0000] {dag.py:4180} INFO - Setting next_dagrun for inflacao_alimentos_mlops to 2026-09-01 03:00:00+00:00, run_after=2026-09-01 03:00:00+00:00
[2026-08-01T13:42:06.627+0000] {processor.py:208} INFO - Processing /opt/airflow/dags/inflacao_alimentos_mlops.py took 0.351 seconds
[2026-08-01T13:42:36.745+0000] {processor.py:186} INFO - Started process (PID=424) to work on /opt/airflow/dags/inflacao_alimentos_mlops.py
[2026-08-01T13:42:36.746+0000] {processor.py:914} INFO - Processing file /opt/airflow/dags/inflacao_alimentos_mlops.py for tasks to queue
[2026-08-01T13:42:36.750+0000] {logging_mixin.py:190} INFO - [2026-08-01T13:42:36.749+0000] {dagbag.py:588} INFO - Filling up the DagBag from /opt/airflow/dags/inflacao_alimentos_mlops.py
[2026-08-01T13:42:36.767+0000] {processor.py:925} INFO - DAG(s) 'inflacao_alimentos_mlops' retrieved from /opt/airflow/dags/inflacao_alimentos_mlops.py
[2026-08-01T13:42:36.810+0000] {logging_mixin.py:190} INFO - [2026-08-01T13:42:36.809+0000] {dag.py:3239} INFO - Sync 1 DAGs
[2026-08-01T13:42:36.839+0000] {logging_mixin.py:190} INFO - [2026-08-01T13:42:36.839+0000] {dag.py:4180} INFO - Setting next_dagrun for inflacao_alimentos_mlops to 2026-09-01 03:00:00+00:00, run_after=2026-09-01 03:00:00+00:00
[2026-08-01T13:42:36.864+0000] {processor.py:208} INFO - Processing /opt/airflow/dags/inflacao_alimentos_mlops.py took 0.131 seconds
[2026-08-01T13:43:07.111+0000] {processor.py:186} INFO - Started process (PID=432) to work on /opt/airflow/dags/inflacao_alimentos_mlops.py
[2026-08-01T13:43:07.113+0000] {processor.py:914} INFO - Processing file /opt/airflow/dags/inflacao_alimentos_mlops.py for tasks to queue
[2026-08-01T13:43:07.116+0000] {logging_mixin.py:190} INFO - [2026-08-01T13:43:07.115+0000] {dagbag.py:588} INFO - Filling up the DagBag from /opt/airflow/dags/inflacao_alimentos_mlops.py
[2026-08-01T13:43:07.132+0000] {processor.py:925} INFO - DAG(s) 'inflacao_alimentos_mlops' retrieved from /opt/airflow/dags/inflacao_alimentos_mlops.py
[2026-08-01T13:43:07.179+0000] {logging_mixin.py:190} INFO - [2026-08-01T13:43:07.179+0000] {dag.py:3239} INFO - Sync 1 DAGs
[2026-08-01T13:43:07.234+0000] {logging_mixin.py:190} INFO - [2026-08-01T13:43:07.234+0000] {dag.py:4180} INFO - Setting next_dagrun for inflacao_alimentos_mlops to 2026-09-01 03:00:00+00:00, run_after=2026-09-01 03:00:00+00:00
[2026-08-01T13:43:07.283+0000] {processor.py:208} INFO - Processing /opt/airflow/dags/inflacao_alimentos_mlops.py took 0.180 seconds
[2026-08-01T13:43:37.371+0000] {processor.py:186} INFO - Started process (PID=440) to work on /opt/airflow/dags/inflacao_alimentos_mlops.py
[2026-08-01T13:43:37.372+0000] {processor.py:914} INFO - Processing file /opt/airflow/dags/inflacao_alimentos_mlops.py for tasks to queue
[2026-08-01T13:43:37.375+0000] {logging_mixin.py:190} INFO - [2026-08-01T13:43:37.375+0000] {dagbag.py:588} INFO - Filling up the DagBag from /opt/airflow/dags/inflacao_alimentos_mlops.py
[2026-08-01T13:43:37.393+0000] {processor.py:925} INFO - DAG(s) 'inflacao_alimentos_mlops' retrieved from /opt/airflow/dags/inflacao_alimentos_mlops.py
[2026-08-01T13:43:37.444+0000] {logging_mixin.py:190} INFO - [2026-08-01T13:43:37.443+0000] {dag.py:3239} INFO - Sync 1 DAGs
[2026-08-01T13:43:37.475+0000] {logging_mixin.py:190} INFO - [2026-08-01T13:43:37.475+0000] {dag.py:4180} INFO - Setting next_dagrun for inflacao_alimentos_mlops to 2026-09-01 03:00:00+00:00, run_after=2026-09-01 03:00:00+00:00
[2026-08-01T13:43:37.499+0000] {processor.py:208} INFO - Processing /opt/airflow/dags/inflacao_alimentos_mlops.py took 0.136 seconds
[2026-08-01T13:44:07.639+0000] {processor.py:186} INFO - Started process (PID=442) to work on /opt/airflow/dags/inflacao_alimentos_mlops.py
[2026-08-01T13:44:07.640+0000] {processor.py:914} INFO - Processing file /opt/airflow/dags/inflacao_alimentos_mlops.py for tasks to queue
[2026-08-01T13:44:07.644+0000] {logging_mixin.py:190} INFO - [2026-08-01T13:44:07.643+0000] {dagbag.py:588} INFO - Filling up the DagBag from /opt/airflow/dags/inflacao_alimentos_mlops.py
[2026-08-01T13:44:07.663+0000] {processor.py:925} INFO - DAG(s) 'inflacao_alimentos_mlops' retrieved from /opt/airflow/dags/inflacao_alimentos_mlops.py
[2026-08-01T13:44:07.706+0000] {logging_mixin.py:190} INFO - [2026-08-01T13:44:07.706+0000] {dag.py:3239} INFO - Sync 1 DAGs
[2026-08-01T13:44:07.746+0000] {logging_mixin.py:190} INFO - [2026-08-01T13:44:07.745+0000] {dag.py:4180} INFO - Setting next_dagrun for inflacao_alimentos_mlops to 2026-09-01 03:00:00+00:00, run_after=2026-09-01 03:00:00+00:00
[2026-08-01T13:44:08.020+0000] {processor.py:208} INFO - Processing /opt/airflow/dags/inflacao_alimentos_mlops.py took 0.390 seconds
[2026-08-01T13:44:38.312+0000] {processor.py:186} INFO - Started process (PID=450) to work on /opt/airflow/dags/inflacao_alimentos_mlops.py
[2026-08-01T13:44:38.314+0000] {processor.py:914} INFO - Processing file /opt/airflow/dags/inflacao_alimentos_mlops.py for tasks to queue
[2026-08-01T13:44:38.320+0000] {logging_mixin.py:190} INFO - [2026-08-01T13:44:38.319+0000] {dagbag.py:588} INFO - Filling up the DagBag from /opt/airflow/dags/inflacao_alimentos_mlops.py
[2026-08-01T13:44:38.342+0000] {processor.py:925} INFO - DAG(s) 'inflacao_alimentos_mlops' retrieved from /opt/airflow/dags/inflacao_alimentos_mlops.py
[2026-08-01T13:44:38.390+0000] {logging_mixin.py:190} INFO - [2026-08-01T13:44:38.390+0000] {dag.py:3239} INFO - Sync 1 DAGs
[2026-08-01T13:44:38.647+0000] {logging_mixin.py:190} INFO - [2026-08-01T13:44:38.647+0000] {dag.py:4180} INFO - Setting next_dagrun for inflacao_alimentos_mlops to 2026-09-01 03:00:00+00:00, run_after=2026-09-01 03:00:00+00:00
[2026-08-01T13:44:38.669+0000] {processor.py:208} INFO - Processing /opt/airflow/dags/inflacao_alimentos_mlops.py took 0.373 seconds
