[2026-08-01T13:18:14.404+0000] {manager.py:483} INFO - Processing files using up to 2 processes at a time 
[2026-08-01T13:18:14.405+0000] {manager.py:484} INFO - Process each file at most once every 30 seconds
[2026-08-01T13:18:14.406+0000] {manager.py:485} INFO - Checking for new files in /opt/airflow/dags every 300 seconds
[2026-08-01T13:18:14.406+0000] {manager.py:821} INFO - Searching for files in /opt/airflow/dags
[2026-08-01T13:18:14.410+0000] {manager.py:824} INFO - There are 1 files in /opt/airflow/dags
[2026-08-01T13:18:14.642+0000] {manager.py:997} INFO - 
================================================================================
DAG File Processing Stats

File Path                                        PID  Runtime      # DAGs    # Errors  Last Runtime    Last Run      Last # of DB Queries
---------------------------------------------  -----  ---------  --------  ----------  --------------  ----------  ----------------------
/opt/airflow/dags/inflacao_alimentos_mlops.py     52  0.04s             0           0                                                   0
================================================================================
[2026-08-01T13:18:44.674+0000] {manager.py:997} INFO - 
================================================================================
DAG File Processing Stats

File Path                                      PID    Runtime      # DAGs    # Errors  Last Runtime    Last Run               Last # of DB Queries
---------------------------------------------  -----  ---------  --------  ----------  --------------  -------------------  ----------------------
/opt/airflow/dags/inflacao_alimentos_mlops.py                           1           0  0.84s           2026-08-01T13:18:15                      45
================================================================================
[2026-08-01T13:19:15.188+0000] {manager.py:997} INFO - 
================================================================================
DAG File Processing Stats

File Path                                      PID    Runtime      # DAGs    # Errors  Last Runtime    Last Run               Last # of DB Queries
---------------------------------------------  -----  ---------  --------  ----------  --------------  -------------------  ----------------------
/opt/airflow/dags/inflacao_alimentos_mlops.py                           1           0  0.42s           2026-08-01T13:18:46                      12
================================================================================
[2026-08-01T13:19:45.608+0000] {manager.py:997} INFO - 
================================================================================
DAG File Processing Stats

File Path                                      PID    Runtime      # DAGs    # Errors  Last Runtime    Last Run               Last # of DB Queries
---------------------------------------------  -----  ---------  --------  ----------  --------------  -------------------  ----------------------
/opt/airflow/dags/inflacao_alimentos_mlops.py                           1           0  0.19s           2026-08-01T13:19:16                      12
================================================================================
[2026-08-01T13:20:15.895+0000] {manager.py:997} INFO - 
================================================================================
DAG File Processing Stats

File Path                                      PID    Runtime      # DAGs    # Errors  Last Runtime    Last Run               Last # of DB Queries
---------------------------------------------  -----  ---------  --------  ----------  --------------  -------------------  ----------------------
/opt/airflow/dags/inflacao_alimentos_mlops.py                           1           0  0.17s           2026-08-01T13:19:46                      12
================================================================================
[2026-08-01T13:20:46.321+0000] {manager.py:997} INFO - 
================================================================================
DAG File Processing Stats

File Path                                      PID    Runtime      # DAGs    # Errors  Last Runtime    Last Run               Last # of DB Queries
---------------------------------------------  -----  ---------  --------  ----------  --------------  -------------------  ----------------------
/opt/airflow/dags/inflacao_alimentos_mlops.py                           1           0  0.41s           2026-08-01T13:20:17                      12
================================================================================
[2026-08-01T13:21:16.603+0000] {manager.py:997} INFO - 
================================================================================
DAG File Processing Stats

File Path                                      PID    Runtime      # DAGs    # Errors  Last Runtime    Last Run               Last # of DB Queries
---------------------------------------------  -----  ---------  --------  ----------  --------------  -------------------  ----------------------
/opt/airflow/dags/inflacao_alimentos_mlops.py                           1           0  0.17s           2026-08-01T13:20:47                      12
================================================================================
[2026-08-01T13:21:46.990+0000] {manager.py:997} INFO - 
================================================================================
DAG File Processing Stats

File Path                                      PID    Runtime      # DAGs    # Errors  Last Runtime    Last Run               Last # of DB Queries
---------------------------------------------  -----  ---------  --------  ----------  --------------  -------------------  ----------------------
/opt/airflow/dags/inflacao_alimentos_mlops.py                           1           0  0.17s           2026-08-01T13:21:17                      12
================================================================================
[2026-08-01T13:22:17.291+0000] {manager.py:997} INFO - 
================================================================================
DAG File Processing Stats

File Path                                      PID    Runtime      # DAGs    # Errors  Last Runtime    Last Run               Last # of DB Queries
---------------------------------------------  -----  ---------  --------  ----------  --------------  -------------------  ----------------------
/opt/airflow/dags/inflacao_alimentos_mlops.py                           1           0  0.24s           2026-08-01T13:21:48                      12
================================================================================
[2026-08-01T13:22:47.564+0000] {manager.py:997} INFO - 
================================================================================
DAG File Processing Stats

File Path                                      PID    Runtime      # DAGs    # Errors  Last Runtime    Last Run               Last # of DB Queries
---------------------------------------------  -----  ---------  --------  ----------  --------------  -------------------  ----------------------
/opt/airflow/dags/inflacao_alimentos_mlops.py                           1           0  0.18s           2026-08-01T13:22:18                      12
================================================================================
[2026-08-01T13:23:14.943+0000] {manager.py:821} INFO - Searching for files in /opt/airflow/dags
[2026-08-01T13:23:14.946+0000] {manager.py:824} INFO - There are 1 files in /opt/airflow/dags
[2026-08-01T13:23:17.993+0000] {manager.py:997} INFO - 
================================================================================
DAG File Processing Stats

File Path                                      PID    Runtime      # DAGs    # Errors  Last Runtime    Last Run               Last # of DB Queries
---------------------------------------------  -----  ---------  --------  ----------  --------------  -------------------  ----------------------
/opt/airflow/dags/inflacao_alimentos_mlops.py                           1           0  0.27s           2026-08-01T13:22:48                      12
================================================================================
[2026-08-01T13:23:48.338+0000] {manager.py:997} INFO - 
================================================================================
DAG File Processing Stats

File Path                                      PID    Runtime      # DAGs    # Errors  Last Runtime    Last Run               Last # of DB Queries
---------------------------------------------  -----  ---------  --------  ----------  --------------  -------------------  ----------------------
/opt/airflow/dags/inflacao_alimentos_mlops.py                           1           0  0.18s           2026-08-01T13:23:19                      12
================================================================================
[2026-08-01T13:24:18.676+0000] {manager.py:997} INFO - 
================================================================================
DAG File Processing Stats

File Path                                      PID    Runtime      # DAGs    # Errors  Last Runtime    Last Run               Last # of DB Queries
---------------------------------------------  -----  ---------  --------  ----------  --------------  -------------------  ----------------------
/opt/airflow/dags/inflacao_alimentos_mlops.py                           1           0  0.16s           2026-08-01T13:23:49                      12
================================================================================
[2026-08-01T13:24:48.993+0000] {manager.py:997} INFO - 
================================================================================
DAG File Processing Stats

File Path                                      PID    Runtime      # DAGs    # Errors  Last Runtime    Last Run               Last # of DB Queries
---------------------------------------------  -----  ---------  --------  ----------  --------------  -------------------  ----------------------
/opt/airflow/dags/inflacao_alimentos_mlops.py                           1           0  0.17s           2026-08-01T13:24:19                      12
================================================================================
[2026-08-01T13:25:19.312+0000] {manager.py:997} INFO - 
================================================================================
DAG File Processing Stats

File Path                                      PID    Runtime      # DAGs    # Errors  Last Runtime    Last Run               Last # of DB Queries
---------------------------------------------  -----  ---------  --------  ----------  --------------  -------------------  ----------------------
/opt/airflow/dags/inflacao_alimentos_mlops.py                           1           0  0.18s           2026-08-01T13:24:50                      12
================================================================================
[2026-08-01T13:25:49.645+0000] {manager.py:997} INFO - 
================================================================================
DAG File Processing Stats

File Path                                      PID    Runtime      # DAGs    # Errors  Last Runtime    Last Run               Last # of DB Queries
---------------------------------------------  -----  ---------  --------  ----------  --------------  -------------------  ----------------------
/opt/airflow/dags/inflacao_alimentos_mlops.py                           1           0  0.17s           2026-08-01T13:25:20                      12
================================================================================
[2026-08-01T13:26:19.938+0000] {manager.py:997} INFO - 
================================================================================
DAG File Processing Stats

File Path                                      PID    Runtime      # DAGs    # Errors  Last Runtime    Last Run               Last # of DB Queries
---------------------------------------------  -----  ---------  --------  ----------  --------------  -------------------  ----------------------
/opt/airflow/dags/inflacao_alimentos_mlops.py                           1           0  0.40s           2026-08-01T13:25:51                      12
================================================================================
[2026-08-01T13:26:50.564+0000] {manager.py:997} INFO - 
================================================================================
DAG File Processing Stats

File Path                                      PID    Runtime      # DAGs    # Errors  Last Runtime    Last Run               Last # of DB Queries
---------------------------------------------  -----  ---------  --------  ----------  --------------  -------------------  ----------------------
/opt/airflow/dags/inflacao_alimentos_mlops.py                           1           0  0.17s           2026-08-01T13:26:21                      12
================================================================================
[2026-08-01T13:27:20.961+0000] {manager.py:997} INFO - 
================================================================================
DAG File Processing Stats

File Path                                      PID    Runtime      # DAGs    # Errors  Last Runtime    Last Run               Last # of DB Queries
---------------------------------------------  -----  ---------  --------  ----------  --------------  -------------------  ----------------------
/opt/airflow/dags/inflacao_alimentos_mlops.py                           1           0  0.18s           2026-08-01T13:26:51                      12
================================================================================
[2026-08-01T13:27:51.252+0000] {manager.py:997} INFO - 
================================================================================
DAG File Processing Stats

File Path                                      PID    Runtime      # DAGs    # Errors  Last Runtime    Last Run               Last # of DB Queries
---------------------------------------------  -----  ---------  --------  ----------  --------------  -------------------  ----------------------
/opt/airflow/dags/inflacao_alimentos_mlops.py                           1           0  0.16s           2026-08-01T13:27:22                      12
================================================================================
[2026-08-01T13:28:15.539+0000] {manager.py:821} INFO - Searching for files in /opt/airflow/dags
[2026-08-01T13:28:15.544+0000] {manager.py:824} INFO - There are 1 files in /opt/airflow/dags
[2026-08-01T13:28:21.635+0000] {manager.py:997} INFO - 
================================================================================
DAG File Processing Stats

File Path                                      PID    Runtime      # DAGs    # Errors  Last Runtime    Last Run               Last # of DB Queries
---------------------------------------------  -----  ---------  --------  ----------  --------------  -------------------  ----------------------
/opt/airflow/dags/inflacao_alimentos_mlops.py                           1           0  0.23s           2026-08-01T13:27:52                      12
================================================================================
[2026-08-01T13:28:51.940+0000] {manager.py:997} INFO - 
================================================================================
DAG File Processing Stats

File Path                                      PID    Runtime      # DAGs    # Errors  Last Runtime    Last Run               Last # of DB Queries
---------------------------------------------  -----  ---------  --------  ----------  --------------  -------------------  ----------------------
/opt/airflow/dags/inflacao_alimentos_mlops.py                           1           0  0.39s           2026-08-01T13:28:23                      12
================================================================================
[2026-08-01T13:29:22.534+0000] {manager.py:997} INFO - 
================================================================================
DAG File Processing Stats

File Path                                      PID    Runtime      # DAGs    # Errors  Last Runtime    Last Run               Last # of DB Queries
---------------------------------------------  -----  ---------  --------  ----------  --------------  -------------------  ----------------------
/opt/airflow/dags/inflacao_alimentos_mlops.py                           1           0  0.17s           2026-08-01T13:28:53                      12
================================================================================
[2026-08-01T13:29:52.882+0000] {manager.py:997} INFO - 
================================================================================
DAG File Processing Stats

File Path                                      PID    Runtime      # DAGs    # Errors  Last Runtime    Last Run               Last # of DB Queries
---------------------------------------------  -----  ---------  --------  ----------  --------------  -------------------  ----------------------
/opt/airflow/dags/inflacao_alimentos_mlops.py                           1           0  0.17s           2026-08-01T13:29:23                      12
================================================================================
[2026-08-01T13:30:23.167+0000] {manager.py:997} INFO - 
================================================================================
DAG File Processing Stats

File Path                                      PID    Runtime      # DAGs    # Errors  Last Runtime    Last Run               Last # of DB Queries
---------------------------------------------  -----  ---------  --------  ----------  --------------  -------------------  ----------------------
/opt/airflow/dags/inflacao_alimentos_mlops.py                           1           0  0.17s           2026-08-01T13:29:54                      12
================================================================================
[2026-08-01T13:30:53.483+0000] {manager.py:997} INFO - 
================================================================================
DAG File Processing Stats

File Path                                      PID    Runtime      # DAGs    # Errors  Last Runtime    Last Run               Last # of DB Queries
---------------------------------------------  -----  ---------  --------  ----------  --------------  -------------------  ----------------------
/opt/airflow/dags/inflacao_alimentos_mlops.py                           1           0  0.17s           2026-08-01T13:30:24                      12
================================================================================
[2026-08-01T13:31:23.751+0000] {manager.py:997} INFO - 
================================================================================
DAG File Processing Stats

File Path                                      PID    Runtime      # DAGs    # Errors  Last Runtime    Last Run               Last # of DB Queries
---------------------------------------------  -----  ---------  --------  ----------  --------------  -------------------  ----------------------
/opt/airflow/dags/inflacao_alimentos_mlops.py                           1           0  0.41s           2026-08-01T13:30:54                      12
================================================================================
[2026-08-01T13:31:54.354+0000] {manager.py:997} INFO - 
================================================================================
DAG File Processing Stats

File Path                                      PID    Runtime      # DAGs    # Errors  Last Runtime    Last Run               Last # of DB Queries
---------------------------------------------  -----  ---------  --------  ----------  --------------  -------------------  ----------------------
/opt/airflow/dags/inflacao_alimentos_mlops.py                           1           0  0.44s           2026-08-01T13:31:25                      12
================================================================================
[2026-08-01T13:32:24.990+0000] {manager.py:997} INFO - 
================================================================================
DAG File Processing Stats

File Path                                      PID    Runtime      # DAGs    # Errors  Last Runtime    Last Run               Last # of DB Queries
---------------------------------------------  -----  ---------  --------  ----------  --------------  -------------------  ----------------------
/opt/airflow/dags/inflacao_alimentos_mlops.py                           1           0  0.18s           2026-08-01T13:31:55                      12
================================================================================
[2026-08-01T13:32:55.427+0000] {manager.py:997} INFO - 
================================================================================
DAG File Processing Stats

File Path                                      PID    Runtime      # DAGs    # Errors  Last Runtime    Last Run               Last # of DB Queries
---------------------------------------------  -----  ---------  --------  ----------  --------------  -------------------  ----------------------
/opt/airflow/dags/inflacao_alimentos_mlops.py                           1           0  0.45s           2026-08-01T13:32:26                      12
================================================================================
[2026-08-01T13:33:15.851+0000] {manager.py:821} INFO - Searching for files in /opt/airflow/dags
[2026-08-01T13:33:15.857+0000] {manager.py:824} INFO - There are 1 files in /opt/airflow/dags
[2026-08-01T13:33:25.992+0000] {manager.py:997} INFO - 
================================================================================
DAG File Processing Stats

File Path                                      PID    Runtime      # DAGs    # Errors  Last Runtime    Last Run               Last # of DB Queries
---------------------------------------------  -----  ---------  --------  ----------  --------------  -------------------  ----------------------
/opt/airflow/dags/inflacao_alimentos_mlops.py                           1           0  0.18s           2026-08-01T13:32:56                      12
================================================================================
[2026-08-01T13:33:56.342+0000] {manager.py:997} INFO - 
================================================================================
DAG File Processing Stats

File Path                                      PID    Runtime      # DAGs    # Errors  Last Runtime    Last Run               Last # of DB Queries
---------------------------------------------  -----  ---------  --------  ----------  --------------  -------------------  ----------------------
/opt/airflow/dags/inflacao_alimentos_mlops.py                           1           0  0.40s           2026-08-01T13:33:27                      12
================================================================================
[2026-08-01T13:34:26.880+0000] {manager.py:997} INFO - 
================================================================================
DAG File Processing Stats

File Path                                      PID    Runtime      # DAGs    # Errors  Last Runtime    Last Run               Last # of DB Queries
---------------------------------------------  -----  ---------  --------  ----------  --------------  -------------------  ----------------------
/opt/airflow/dags/inflacao_alimentos_mlops.py                           1           0  0.39s           2026-08-01T13:33:58                      12
================================================================================
[2026-08-01T13:34:57.516+0000] {manager.py:997} INFO - 
================================================================================
DAG File Processing Stats

File Path                                      PID    Runtime      # DAGs    # Errors  Last Runtime    Last Run               Last # of DB Queries
---------------------------------------------  -----  ---------  --------  ----------  --------------  -------------------  ----------------------
/opt/airflow/dags/inflacao_alimentos_mlops.py                           1           0  0.22s           2026-08-01T13:34:28                      12
================================================================================
[2026-08-01T13:35:27.783+0000] {manager.py:997} INFO - 
================================================================================
DAG File Processing Stats

File Path                                      PID    Runtime      # DAGs    # Errors  Last Runtime    Last Run               Last # of DB Queries
---------------------------------------------  -----  ---------  --------  ----------  --------------  -------------------  ----------------------
/opt/airflow/dags/inflacao_alimentos_mlops.py                           1           0  0.17s           2026-08-01T13:34:58                      12
================================================================================
[2026-08-01T13:35:58.209+0000] {manager.py:997} INFO - 
================================================================================
DAG File Processing Stats

File Path                                      PID    Runtime      # DAGs    # Errors  Last Runtime    Last Run               Last # of DB Queries
---------------------------------------------  -----  ---------  --------  ----------  --------------  -------------------  ----------------------
/opt/airflow/dags/inflacao_alimentos_mlops.py                           1           0  0.18s           2026-08-01T13:35:28                      12
================================================================================
[2026-08-01T13:36:28.478+0000] {manager.py:997} INFO - 
================================================================================
DAG File Processing Stats

File Path                                      PID    Runtime      # DAGs    # Errors  Last Runtime    Last Run               Last # of DB Queries
---------------------------------------------  -----  ---------  --------  ----------  --------------  -------------------  ----------------------
/opt/airflow/dags/inflacao_alimentos_mlops.py                           1           0  0.17s           2026-08-01T13:35:59                      12
================================================================================
[2026-08-01T13:36:58.837+0000] {manager.py:997} INFO - 
================================================================================
DAG File Processing Stats

File Path                                      PID    Runtime      # DAGs    # Errors  Last Runtime    Last Run               Last # of DB Queries
---------------------------------------------  -----  ---------  --------  ----------  --------------  -------------------  ----------------------
/opt/airflow/dags/inflacao_alimentos_mlops.py                           1           0  0.60s           2026-08-01T13:36:30                      12
================================================================================
[2026-08-01T13:37:29.057+0000] {manager.py:997} INFO - 
================================================================================
DAG File Processing Stats

File Path                                      PID    Runtime      # DAGs    # Errors  Last Runtime    Last Run               Last # of DB Queries
---------------------------------------------  -----  ---------  --------  ----------  --------------  -------------------  ----------------------
/opt/airflow/dags/inflacao_alimentos_mlops.py                           1           0  0.59s           2026-08-01T13:37:00                      12
================================================================================
[2026-08-01T13:37:59.469+0000] {manager.py:997} INFO - 
================================================================================
DAG File Processing Stats

File Path                                      PID    Runtime      # DAGs    # Errors  Last Runtime    Last Run               Last # of DB Queries
---------------------------------------------  -----  ---------  --------  ----------  --------------  -------------------  ----------------------
/opt/airflow/dags/inflacao_alimentos_mlops.py                           1           0  0.16s           2026-08-01T13:37:31                      12
================================================================================
[2026-08-01T13:38:16.252+0000] {manager.py:821} INFO - Searching for files in /opt/airflow/dags
[2026-08-01T13:38:16.254+0000] {manager.py:824} INFO - There are 1 files in /opt/airflow/dags
[2026-08-01T13:38:29.848+0000] {manager.py:997} INFO - 
================================================================================
DAG File Processing Stats

File Path                                      PID    Runtime      # DAGs    # Errors  Last Runtime    Last Run               Last # of DB Queries
---------------------------------------------  -----  ---------  --------  ----------  --------------  -------------------  ----------------------
/opt/airflow/dags/inflacao_alimentos_mlops.py                           1           0  0.62s           2026-08-01T13:38:02                      12
================================================================================
[2026-08-01T13:38:59.969+0000] {manager.py:997} INFO - 
================================================================================
DAG File Processing Stats

File Path                                      PID    Runtime      # DAGs    # Errors  Last Runtime    Last Run               Last # of DB Queries
---------------------------------------------  -----  ---------  --------  ----------  --------------  -------------------  ----------------------
/opt/airflow/dags/inflacao_alimentos_mlops.py                           1           0  0.19s           2026-08-01T13:38:32                      12
================================================================================
[2026-08-01T13:39:30.043+0000] {manager.py:997} INFO - 
================================================================================
DAG File Processing Stats

File Path                                      PID    Runtime      # DAGs    # Errors  Last Runtime    Last Run               Last # of DB Queries
---------------------------------------------  -----  ---------  --------  ----------  --------------  -------------------  ----------------------
/opt/airflow/dags/inflacao_alimentos_mlops.py                           1           0  1.12s           2026-08-01T13:39:03                      12
================================================================================
[2026-08-01T13:40:00.347+0000] {manager.py:997} INFO - 
================================================================================
DAG File Processing Stats

File Path                                      PID    Runtime      # DAGs    # Errors  Last Runtime    Last Run               Last # of DB Queries
---------------------------------------------  -----  ---------  --------  ----------  --------------  -------------------  ----------------------
/opt/airflow/dags/inflacao_alimentos_mlops.py                           1           0  0.57s           2026-08-01T13:39:34                      12
================================================================================
[2026-08-01T13:40:31.080+0000] {manager.py:997} INFO - 
================================================================================
DAG File Processing Stats

File Path                                      PID    Runtime      # DAGs    # Errors  Last Runtime    Last Run               Last # of DB Queries
---------------------------------------------  -----  ---------  --------  ----------  --------------  -------------------  ----------------------
/opt/airflow/dags/inflacao_alimentos_mlops.py                           1           0  0.20s           2026-08-01T13:40:05                      12
================================================================================
[2026-08-01T13:41:01.503+0000] {manager.py:997} INFO - 
================================================================================
DAG File Processing Stats

File Path                                      PID    Runtime      # DAGs    # Errors  Last Runtime    Last Run               Last # of DB Queries
---------------------------------------------  -----  ---------  --------  ----------  --------------  -------------------  ----------------------
/opt/airflow/dags/inflacao_alimentos_mlops.py                           1           0  0.23s           2026-08-01T13:40:35                      12
================================================================================
[2026-08-01T13:41:31.797+0000] {manager.py:997} INFO - 
================================================================================
DAG File Processing Stats

File Path                                      PID    Runtime      # DAGs    # Errors  Last Runtime    Last Run               Last # of DB Queries
---------------------------------------------  -----  ---------  --------  ----------  --------------  -------------------  ----------------------
/opt/airflow/dags/inflacao_alimentos_mlops.py                           1           0  0.24s           2026-08-01T13:41:05                      12
================================================================================
[2026-08-01T13:42:02.228+0000] {manager.py:997} INFO - 
================================================================================
DAG File Processing Stats

File Path                                      PID    Runtime      # DAGs    # Errors  Last Runtime    Last Run               Last # of DB Queries
---------------------------------------------  -----  ---------  --------  ----------  --------------  -------------------  ----------------------
/opt/airflow/dags/inflacao_alimentos_mlops.py                           1           0  0.42s           2026-08-01T13:41:36                      12
================================================================================
[2026-08-01T13:42:32.663+0000] {manager.py:997} INFO - 
================================================================================
DAG File Processing Stats

File Path                                      PID    Runtime      # DAGs    # Errors  Last Runtime    Last Run               Last # of DB Queries
---------------------------------------------  -----  ---------  --------  ----------  --------------  -------------------  ----------------------
/opt/airflow/dags/inflacao_alimentos_mlops.py                           1           0  0.39s           2026-08-01T13:42:06                      12
================================================================================
[2026-08-01T13:43:03.043+0000] {manager.py:997} INFO - 
================================================================================
DAG File Processing Stats

File Path                                      PID    Runtime      # DAGs    # Errors  Last Runtime    Last Run               Last # of DB Queries
---------------------------------------------  -----  ---------  --------  ----------  --------------  -------------------  ----------------------
/opt/airflow/dags/inflacao_alimentos_mlops.py                           1           0  0.17s           2026-08-01T13:42:36                      12
================================================================================
[2026-08-01T13:43:16.361+0000] {manager.py:821} INFO - Searching for files in /opt/airflow/dags
[2026-08-01T13:43:16.364+0000] {manager.py:824} INFO - There are 1 files in /opt/airflow/dags
[2026-08-01T13:43:33.317+0000] {manager.py:997} INFO - 
================================================================================
DAG File Processing Stats

File Path                                      PID    Runtime      # DAGs    # Errors  Last Runtime    Last Run               Last # of DB Queries
---------------------------------------------  -----  ---------  --------  ----------  --------------  -------------------  ----------------------
/opt/airflow/dags/inflacao_alimentos_mlops.py                           1           0  0.23s           2026-08-01T13:43:07                      12
================================================================================
[2026-08-01T13:44:03.559+0000] {manager.py:997} INFO - 
================================================================================
DAG File Processing Stats

File Path                                      PID    Runtime      # DAGs    # Errors  Last Runtime    Last Run               Last # of DB Queries
---------------------------------------------  -----  ---------  --------  ----------  --------------  -------------------  ----------------------
/opt/airflow/dags/inflacao_alimentos_mlops.py                           1           0  0.17s           2026-08-01T13:43:37                      12
================================================================================
[2026-08-01T13:44:33.949+0000] {manager.py:997} INFO - 
================================================================================
DAG File Processing Stats

File Path                                      PID    Runtime      # DAGs    # Errors  Last Runtime    Last Run               Last # of DB Queries
---------------------------------------------  -----  ---------  --------  ----------  --------------  -------------------  ----------------------
/opt/airflow/dags/inflacao_alimentos_mlops.py                           1           0  0.44s           2026-08-01T13:44:08                      12
================================================================================
